Archive member included because of file (symbol)

c:/isystem/winidea9/gcc/arm/bin/../lib/gcc/arm-none-eabi/4.9.3/../../../../arm-none-eabi/lib/cortex-m7\libc.a(lib_a-assert.o)
                              C:\SAMV71x\app\01_scheduler_\SAMV71_Xplained_Ultra\Debug\pmc.o (__assert_func)
c:/isystem/winidea9/gcc/arm/bin/../lib/gcc/arm-none-eabi/4.9.3/../../../../arm-none-eabi/lib/cortex-m7\libc.a(lib_a-fiprintf.o)
                              c:/isystem/winidea9/gcc/arm/bin/../lib/gcc/arm-none-eabi/4.9.3/../../../../arm-none-eabi/lib/cortex-m7\libc.a(lib_a-assert.o) (fiprintf)
c:/isystem/winidea9/gcc/arm/bin/../lib/gcc/arm-none-eabi/4.9.3/../../../../arm-none-eabi/lib/cortex-m7\libc.a(lib_a-impure.o)
                              C:\SAMV71x\app\01_scheduler_\SAMV71_Xplained_Ultra\Debug\dbg_console.o (_impure_ptr)
c:/isystem/winidea9/gcc/arm/bin/../lib/gcc/arm-none-eabi/4.9.3/../../../../arm-none-eabi/lib/cortex-m7\libc.a(lib_a-printf.o)
                              C:\SAMV71x\app\01_scheduler_\SAMV71_Xplained_Ultra\Debug\main.o (printf)
c:/isystem/winidea9/gcc/arm/bin/../lib/gcc/arm-none-eabi/4.9.3/../../../../arm-none-eabi/lib/cortex-m7\libc.a(lib_a-putchar.o)
                              C:\SAMV71x\app\01_scheduler_\SAMV71_Xplained_Ultra\Debug\dbg_console.o (putchar)
c:/isystem/winidea9/gcc/arm/bin/../lib/gcc/arm-none-eabi/4.9.3/../../../../arm-none-eabi/lib/cortex-m7\libc.a(lib_a-setvbuf.o)
                              C:\SAMV71x\app\01_scheduler_\SAMV71_Xplained_Ultra\Debug\dbg_console.o (setvbuf)
c:/isystem/winidea9/gcc/arm/bin/../lib/gcc/arm-none-eabi/4.9.3/../../../../arm-none-eabi/lib/cortex-m7\libc.a(lib_a-vfiprintf.o)
                              c:/isystem/winidea9/gcc/arm/bin/../lib/gcc/arm-none-eabi/4.9.3/../../../../arm-none-eabi/lib/cortex-m7\libc.a(lib_a-fiprintf.o) (_vfiprintf_r)
c:/isystem/winidea9/gcc/arm/bin/../lib/gcc/arm-none-eabi/4.9.3/../../../../arm-none-eabi/lib/cortex-m7\libc.a(lib_a-vfprintf.o)
                              c:/isystem/winidea9/gcc/arm/bin/../lib/gcc/arm-none-eabi/4.9.3/../../../../arm-none-eabi/lib/cortex-m7\libc.a(lib_a-printf.o) (_vfprintf_r)
c:/isystem/winidea9/gcc/arm/bin/../lib/gcc/arm-none-eabi/4.9.3/../../../../arm-none-eabi/lib/cortex-m7\libc.a(lib_a-wsetup.o)
                              c:/isystem/winidea9/gcc/arm/bin/../lib/gcc/arm-none-eabi/4.9.3/../../../../arm-none-eabi/lib/cortex-m7\libc.a(lib_a-vfiprintf.o) (__swsetup_r)
c:/isystem/winidea9/gcc/arm/bin/../lib/gcc/arm-none-eabi/4.9.3/../../../../arm-none-eabi/lib/cortex-m7\libc.a(lib_a-abort.o)
                              c:/isystem/winidea9/gcc/arm/bin/../lib/gcc/arm-none-eabi/4.9.3/../../../../arm-none-eabi/lib/cortex-m7\libc.a(lib_a-assert.o) (abort)
c:/isystem/winidea9/gcc/arm/bin/../lib/gcc/arm-none-eabi/4.9.3/../../../../arm-none-eabi/lib/cortex-m7\libc.a(lib_a-dtoa.o)
                              c:/isystem/winidea9/gcc/arm/bin/../lib/gcc/arm-none-eabi/4.9.3/../../../../arm-none-eabi/lib/cortex-m7\libc.a(lib_a-vfprintf.o) (_dtoa_r)
c:/isystem/winidea9/gcc/arm/bin/../lib/gcc/arm-none-eabi/4.9.3/../../../../arm-none-eabi/lib/cortex-m7\libc.a(lib_a-fflush.o)
                              c:/isystem/winidea9/gcc/arm/bin/../lib/gcc/arm-none-eabi/4.9.3/../../../../arm-none-eabi/lib/cortex-m7\libc.a(lib_a-setvbuf.o) (_fflush_r)
c:/isystem/winidea9/gcc/arm/bin/../lib/gcc/arm-none-eabi/4.9.3/../../../../arm-none-eabi/lib/cortex-m7\libc.a(lib_a-findfp.o)
                              c:/isystem/winidea9/gcc/arm/bin/../lib/gcc/arm-none-eabi/4.9.3/../../../../arm-none-eabi/lib/cortex-m7\libc.a(lib_a-setvbuf.o) (_cleanup_r)
c:/isystem/winidea9/gcc/arm/bin/../lib/gcc/arm-none-eabi/4.9.3/../../../../arm-none-eabi/lib/cortex-m7\libc.a(lib_a-fputwc.o)
                              c:/isystem/winidea9/gcc/arm/bin/../lib/gcc/arm-none-eabi/4.9.3/../../../../arm-none-eabi/lib/cortex-m7\libc.a(lib_a-vfiprintf.o) (_fputwc_r)
c:/isystem/winidea9/gcc/arm/bin/../lib/gcc/arm-none-eabi/4.9.3/../../../../arm-none-eabi/lib/cortex-m7\libc.a(lib_a-freer.o)
                              c:/isystem/winidea9/gcc/arm/bin/../lib/gcc/arm-none-eabi/4.9.3/../../../../arm-none-eabi/lib/cortex-m7\libc.a(lib_a-setvbuf.o) (_free_r)
c:/isystem/winidea9/gcc/arm/bin/../lib/gcc/arm-none-eabi/4.9.3/../../../../arm-none-eabi/lib/cortex-m7\libc.a(lib_a-fvwrite.o)
                              c:/isystem/winidea9/gcc/arm/bin/../lib/gcc/arm-none-eabi/4.9.3/../../../../arm-none-eabi/lib/cortex-m7\libc.a(lib_a-vfiprintf.o) (__sfvwrite_r)
c:/isystem/winidea9/gcc/arm/bin/../lib/gcc/arm-none-eabi/4.9.3/../../../../arm-none-eabi/lib/cortex-m7\libc.a(lib_a-fwalk.o)
                              c:/isystem/winidea9/gcc/arm/bin/../lib/gcc/arm-none-eabi/4.9.3/../../../../arm-none-eabi/lib/cortex-m7\libc.a(lib_a-findfp.o) (_fwalk)
c:/isystem/winidea9/gcc/arm/bin/../lib/gcc/arm-none-eabi/4.9.3/../../../../arm-none-eabi/lib/cortex-m7\libc.a(lib_a-locale.o)
[...]
Memory Configuration

Name             Origin             Length             Attributes
rom              0x00400000         0x00200000         xr
ram              0x20400000         0x00060000         xrw
sdram            0x70000000         0x00200000         xrw
*default*        0x00000000         0xffffffff

Linker script and memory map

LOAD C:\SAMV71x\app\01_scheduler_\SAMV71_Xplained_Ultra\Debug\main.o
LOAD C:\SAMV71x\app\01_scheduler_\SAMV71_Xplained_Ultra\Debug\system_sam.o
LOAD C:\SAMV71x\app\01_scheduler_\SAMV71_Xplained_Ultra\Debug\syscalls.o
LOAD C:\SAMV71x\app\01_scheduler_\SAMV71_Xplained_Ultra\Debug\app_scheduler.o
LOAD C:\SAMV71x\app\01_scheduler_\SAMV71_Xplained_Ultra\Debug\app_tasks.o
LOAD C:\SAMV71x\app\01_scheduler_\SAMV71_Xplained_Ultra\Debug\startup_sam.o
LOAD C:\SAMV71x\app\01_scheduler_\SAMV71_Xplained_Ultra\Debug\board_lowlevel.o
LOAD C:\SAMV71x\app\01_scheduler_\SAMV71_Xplained_Ultra\Debug\dbg_console.o
LOAD C:\SAMV71x\app\01_scheduler_\SAMV71_Xplained_Ultra\Debug\led.o
LOAD C:\SAMV71x\app\01_scheduler_\SAMV71_Xplained_Ultra\Debug\pmc.o
LOAD C:\SAMV71x\app\01_scheduler_\SAMV71_Xplained_Ultra\Debug\pio.o
LOAD C:\SAMV71x\app\01_scheduler_\SAMV71_Xplained_Ultra\Debug\mpu.o
LOAD C:\SAMV71x\app\01_scheduler_\SAMV71_Xplained_Ultra\Debug\exceptions.o
LOAD C:\SAMV71x\app\01_scheduler_\SAMV71_Xplained_Ultra\Debug\systick.o
LOAD C:\SAMV71x\app\01_scheduler_\SAMV71_Xplained_Ultra\Debug\wdt.o
LOAD C:\SAMV71x\app\01_scheduler_\SAMV71_Xplained_Ultra\Debug\pio_it.o
LOAD C:\SAMV71x\app\01_scheduler_\SAMV71_Xplained_Ultra\Debug\led_ctrl.o
LOAD C:\SAMV71x\app\01_scheduler_\SAMV71_Xplained_Ultra\Debug\sw_ctrl.o
                0x00002000                STACK_SIZE = DEFINED (STACK_SIZE)?STACK_SIZE:0x2000
                0x00001000                HEAP_SIZE = DEFINED (HEAP_SIZE)?HEAP_SIZE:0x1000

.text           0x00400000     0x92e0
                0x00400000                . = ALIGN (0x4)
                0x00400000                _sfixed = .
 *(.vectors .vectors.*)
 .vectors       0x00400000      0x140 C:\SAMV71x\app\01_scheduler_\SAMV71_Xplained_Ultra\Debug\startup_sam.o
                0x00400000                exception_table
 *(.text .text.* .gnu.linkonce.t.*)
 .text          0x00400140       0x68 C:\SAMV71x\app\01_scheduler_\SAMV71_Xplained_Ultra\Debug\main.o
                0x00400174                main
 .text          0x004001a8      0x378 C:\SAMV71x\app\01_scheduler_\SAMV71_Xplained_Ultra\Debug\system_sam.o
                0x004001a8                SystemInit
                0x004002b4                SystemCoreClockUpdate
                0x0040041c                system_init_flash
                0x004004b0                sysclk_enable_usb
                0x004004ec                sysclk_disable_usb
 .text          0x00400520      0x164 C:\SAMV71x\app\01_scheduler_\SAMV71_Xplained_Ultra\Debug\syscalls.o
                0x00400520                _sbrk
                0x00400560                link
                0x0040057c                _close
                0x00400594                _fstat
                0x004005b4                _isatty
                0x004005cc                _lseek
                0x004005e8                _read
                0x00400604                _write
                0x00400640                _exit
                0x00400658                _kill
                0x00400670                _getpid
 .text          0x00400684      0x2b0 C:\SAMV71x\app\01_scheduler_\SAMV71_Xplained_Ultra\Debug\app_scheduler.o
                0x00400684                vfnScheduler_Init
                0x004006e0                vfnScheduler_Start
                0x00400708                vfnScheduler_Stop
                0x00400720                vfnScheduler_TaskStart
                0x0040074c                vfnScheduler_TaskActivate
                0x00400770                vfnTask_Scheduler
                0x00400834                vfnScheduler_Callback
                0x00400920                vfnButton_1_Handler
 .text          0x00400934       0x54 C:\SAMV71x\app\01_scheduler_\SAMV71_Xplained_Ultra\Debug\app_tasks.o
                0x00400934                TASKS_LIST_1MS
                0x00400940                TASKS_LIST_2MS_A
                0x0040094c                TASKS_LIST_2MS_B
                0x00400958                TASKS_LIST_10MS
                0x00400964                TASKS_LIST_50MS
                0x00400970                TASKS_LIST_100MS
                0x0040097c                TASKS_LIST_button
 .text          0x00400988       0xe0 C:\SAMV71x\app\01_scheduler_\SAMV71_Xplained_Ultra\Debug\startup_sam.o
                0x004009c8                Reset_Handler
                0x00400a60                DebugMon_Handler
                0x00400a60                UART3_Handler
                0x00400a60                UART2_Handler
                0x00400a60                TRNG_Handler
                0x00400a60                TC2_Handler
                0x00400a60                AFEC1_Handler
                0x00400a60                PendSV_Handler
                0x00400a60                TC7_Handler
                0x00400a60                QSPI_Handler
                0x00400a60                ISI_Handler
                0x00400a60                TC9_Handler
                0x00400a60                RSWDT_Handler
                0x00400a60                MCAN1_Handler
                0x00400a60                USART0_Handler
                0x00400a60                RTT_Handler
                0x00400a60                USBHS_Handler
                0x00400a60                CCF_Handler
                0x00400a60                RTC_Handler
                0x00400a60                TC6_Handler
                0x00400a60                WDT_Handler
                0x00400a60                TC4_Handler
                0x00400a60                TC1_Handler
                0x00400a60                HSMCI_Handler
                0x00400a60                UART1_Handler
                0x00400a60                DACC_Handler
                0x00400a60                TC3_Handler
                0x00400a60                Dummy_Handler
                0x00400a60                TWIHS1_Handler
                0x00400a60                XDMAC_Handler
                0x00400a60                UART4_Handler
                0x00400a60                PWM1_Handler
                0x00400a60                USART1_Handler
                0x00400a60                PWM0_Handler
                0x00400a60                AFEC0_Handler
                0x00400a60                CCW_Handler
                0x00400a60                TC11_Handler
                0x00400a60                SSC_Handler
                0x00400a60                ACC_Handler
                0x00400a60                PMC_Handler
                0x00400a60                GMAC_Handler
                0x00400a60                SUPC_Handler
                0x00400a60                SVC_Handler
                0x00400a60                TC8_Handler
                0x00400a60                GMACQ2_Handler
                0x00400a60                EFC_Handler
                0x00400a60                USART2_Handler
                0x00400a60                SDRAMC_Handler
                0x00400a60                SPI1_Handler
                0x00400a60                MCAN0_Handler
                0x00400a60                TC10_Handler
                0x00400a60                TWIHS2_Handler
                0x00400a60                MLB_Handler
                0x00400a60                UART0_Handler
                0x00400a60                GMACQ1_Handler
                0x00400a60                MCAN1_Line1_Handler
                0x00400a60                FPU_Handler
                0x00400a60                RSTC_Handler
                0x00400a60                TC0_Handler
                0x00400a60                MCAN0_Line1_Handler
                0x00400a60                TC5_Handler
                0x00400a60                AES_Handler
                0x00400a60                ICM_Handler
                0x00400a60                TWIHS0_Handler
                0x00400a60                SPI0_Handler
 .text          0x00400a68      0x19c C:\SAMV71x\app\01_scheduler_\SAMV71_Xplained_Ultra\Debug\board_lowlevel.o
                0x00400a68                _SetupMemoryRegion
                0x00400bf4                LowLevelInit
 .text          0x00400c04      0x56c C:\SAMV71x\app\01_scheduler_\SAMV71_Xplained_Ultra\Debug\dbg_console.o
                0x00400c04                DBG_Configure
                0x00400cb4                DBG_PutChar
                0x00400d08                DBG_GetChar
                0x00400d4c                DBG_IsRxReady
                0x00400d84                DBG_DumpFrame
                0x00400dc8                DBG_DumpMemory
                0x00400f2c                DBG_GetInteger
                0x00400ffc                DBG_GetIntegerMinMax
                0x0040105c                DBG_GetHexa32
                0x00401104                puts
                0x00401130                gets
 .text          0x00401170      0x168 C:\SAMV71x\app\01_scheduler_\SAMV71_Xplained_Ultra\Debug\led.o
                0x00401170                LED_Configure
                0x004011a8                LED_Set
                0x0040120c                LED_Clear
                0x00401270                LED_Toggle
 .text          0x004012d8      0x76c C:\SAMV71x\app\01_scheduler_\SAMV71_Xplained_Ultra\Debug\pmc.o
                0x004013ac                PMC_EnablePeripheral
                0x0040143c                PMC_DisablePeripheral
                0x004014cc                PMC_EnableAllPeripherals
                0x0040150c                PMC_DisableAllPeripherals
                0x00401548                PMC_IsPeriphEnabled
                0x004015a4                PMC_EnableExtOsc
                0x00401620                PMC_DisableExtOsc
                0x0040165c                PMC_SelectExtOsc
                0x004016c8                PMC_SelectExtBypassOsc
                0x00401734                PMC_EnableIntRC4_8_12MHz
                0x004017c0                PMC_DisableIntRC4_8_12MHz
                0x00401804                PMC_SetPllaClock
                0x0040185c                PMC_SetMckSelection
                0x004018a0                PMC_DisableAllClocks
                0x004018f0                PMC_ConfigureMckWithPlla
                0x00401928                PMC_EnableXT32KFME
                0x00401954                PMC_ConfigurePCK0
                0x004019a4                PMC_ConfigurePCK1
                0x004019f4                PMC_ConfigurePCK2
 .text          0x00401a44      0x540 C:\SAMV71x\app\01_scheduler_\SAMV71_Xplained_Ultra\Debug\pio.o
                0x00401cb4                PIO_Configure
                0x00401e18                PIO_Set
                0x00401e34                PIO_Clear
                0x00401e50                PIO_Get
                0x00401e98                PIO_GetOutputDataStatus
                0x00401ec4                PIO_SetDebounceFilter
                0x00401f00                PIO_EnableWriteProtect
                0x00401f24                PIO_DisableWriteProtect
                0x00401f48                PIO_GetWriteProtectViolationInfo
                0x00401f68                PIO_SetPinType
 .text          0x00401f84       0xf0 C:\SAMV71x\app\01_scheduler_\SAMV71_Xplained_Ultra\Debug\mpu.o
                0x00401f84                MPU_Enable
                0x00401fa0                MPU_SetRegionNum
                0x00401fbc                MPU_DisableRegion
                0x00401fd8                MPU_SetRegion
                0x00401ffc                MPU_CalMPURegionSize
                0x0040203c                MPU_UpdateRegions
 .text          0x00402074       0xe8 C:\SAMV71x\app\01_scheduler_\SAMV71_Xplained_Ultra\Debug\exceptions.o
                0x00402074                NMI_Handler
                0x004020fc                HardFault_Handler
                0x00402110                MemManage_Handler
                0x00402128                BusFault_Handler
                0x00402144                UsageFault_Handler
 .text          0x0040215c       0xe8 C:\SAMV71x\app\01_scheduler_\SAMV71_Xplained_Ultra\Debug\systick.o
                0x004021f4                sysTick_init
                0x0040222c                SysTick_Handler
 .text          0x00402244       0xa8 C:\SAMV71x\app\01_scheduler_\SAMV71_Xplained_Ultra\Debug\wdt.o
                0x00402244                WDT_Enable
                0x00402260                WDT_Disable
                0x0040227c                WDT_Restart
                0x00402298                WDT_GetStatus
                0x004022b4                WDT_GetPeriod
 .text          0x004022ec      0x4ac C:\SAMV71x\app\01_scheduler_\SAMV71_Xplained_Ultra\Debug\pio_it.o
                0x004023d8                PioInterruptHandler
                0x00402488                PIOA_Handler
                0x0040249c                PIOB_Handler
                0x004024b0                PIOC_Handler
                0x004024c4                PIOD_Handler
                0x004024d8                PIOE_Handler
                0x004024ec                PIO_InitializeInterrupts
                0x004025f4                PIO_ConfigureIt
                0x004026d0                PIO_EnableIt
                0x00402760                PIO_DisableIt
 .text          0x00402798       0x8c C:\SAMV71x\app\01_scheduler_\SAMV71_Xplained_Ultra\Debug\led_ctrl.o
                0x00402798                vfnLedCtrl_Configure
                0x004027ac                vfnLedCtrl_BlinkingPattern
                0x0040280c                vfnLed_1_off
                0x00402818                vfnLed_1_on
 .text          0x00402824       0x80 C:\SAMV71x\app\01_scheduler_\SAMV71_Xplained_Ultra\Debug\sw_ctrl.o
                0x00402854                _Button_Handler
                0x00402868                vfnConfigureButtons
 .text.__assert_func
                0x004028a4       0x3c c:/isystem/winidea9/gcc/arm/bin/../lib/gcc/arm-none-eabi/4.9.3/../../../../arm-none-eabi/lib/cortex-m7\libc.a(lib_a-assert.o)
                0x004028a4                __assert_func
 .text.fiprintf
                0x004028e0       0x28 c:/isystem/winidea9/gcc/arm/bin/../lib/gcc/arm-none-eabi/4.9.3/../../../../arm-none-eabi/lib/cortex-m7\libc.a(lib_a-fiprintf.o)
                0x004028e0                fiprintf
 .text.printf   0x00402908       0x28 c:/isystem/winidea9/gcc/arm/bin/../lib/gcc/arm-none-eabi/4.9.3/../../../../arm-none-eabi/lib/cortex-m7\libc.a(lib_a-printf.o)
                0x00402908                printf
 .text.putchar  0x00402930       0x10 c:/isystem/winidea9/gcc/arm/bin/../lib/gcc/arm-none-eabi/4.9.3/../../../../arm-none-eabi/lib/cortex-m7\libc.a(lib_a-putchar.o)
                0x00402930                putchar
 .text.setvbuf  0x00402940       0xfc c:/isystem/winidea9/gcc/arm/bin/../lib/gcc/arm-none-eabi/4.9.3/../../../../arm-none-eabi/lib/cortex-m7\libc.a(lib_a-setvbuf.o)
                0x00402940                setvbuf
 .text.__sprint_r.part.0
                0x00402a3c       0x78 c:/isystem/winidea9/gcc/arm/bin/../lib/gcc/arm-none-eabi/4.9.3/../../../../arm-none-eabi/lib/cortex-m7\libc.a(lib_a-vfiprintf.o)
 .text.__sprint_r
                0x00402ab4       0x18 c:/isystem/winidea9/gcc/arm/bin/../lib/gcc/arm-none-eabi/4.9.3/../../../../arm-none-eabi/lib/cortex-m7\libc.a(lib_a-vfiprintf.o)
                0x00402ab4                __sprint_r
 .text._vfiprintf_r
                0x00402acc      0xbf4 c:/isystem/winidea9/gcc/arm/bin/../lib/gcc/arm-none-eabi/4.9.3/../../../../arm-none-eabi/lib/cortex-m7\libc.a(lib_a-vfiprintf.o)
                0x00402acc                _vfiprintf_r
 .text.__sbprintf
                0x004036c0       0x80 c:/isystem/winidea9/gcc/arm/bin/../lib/gcc/arm-none-eabi/4.9.3/../../../../arm-none-eabi/lib/cortex-m7\libc.a(lib_a-vfiprintf.o)
 .text._vfprintf_r
                0x00403740     0x1554 c:/isystem/winidea9/gcc/arm/bin/../lib/gcc/arm-none-eabi/4.9.3/../../../../arm-none-eabi/lib/cortex-m7\libc.a(lib_a-vfprintf.o)
                0x00403740                _vfprintf_r
 .text.__sbprintf
                0x00404c94       0x80 c:/isystem/winidea9/gcc/arm/bin/../lib/gcc/arm-none-eabi/4.9.3/../../../../arm-none-eabi/lib/cortex-m7\libc.a(lib_a-vfprintf.o)
 .text.__swsetup_r
                0x00404d14       0xc4 c:/isystem/winidea9/gcc/arm/bin/../lib/gcc/arm-none-eabi/4.9.3/../../../../arm-none-eabi/lib/cortex-m7\libc.a(lib_a-wsetup.o)
                0x00404d14                __swsetup_r
 .text.abort    0x00404dd8       0x10 c:/isystem/winidea9/gcc/arm/bin/../lib/gcc/arm-none-eabi/4.9.3/../../../../arm-none-eabi/lib/cortex-m7\libc.a(lib_a-abort.o)
                0x00404dd8                abort
 .text.quorem   0x00404de8      0x140 c:/isystem/winidea9/gcc/arm/bin/../lib/gcc/arm-none-eabi/4.9.3/../../../../arm-none-eabi/lib/cortex-m7\libc.a(lib_a-dtoa.o)
 .text._dtoa_r  0x00404f28      0xee8 c:/isystem/winidea9/gcc/arm/bin/../lib/gcc/arm-none-eabi/4.9.3/../../../../arm-none-eabi/lib/cortex-m7\libc.a(lib_a-dtoa.o)
                0x00404f28                _dtoa_r
 .text.__sflush_r
                0x00405e10      0x148 c:/isystem/winidea9/gcc/arm/bin/../lib/gcc/arm-none-eabi/4.9.3/../../../../arm-none-eabi/lib/cortex-m7\libc.a(lib_a-fflush.o)
                0x00405e10                __sflush_r
 .text._fflush_r
                0x00405f58       0x2c c:/isystem/winidea9/gcc/arm/bin/../lib/gcc/arm-none-eabi/4.9.3/../../../../arm-none-eabi/lib/cortex-m7\libc.a(lib_a-fflush.o)
                0x00405f58                _fflush_r
 .text._cleanup_r
                0x00405f84        0xc c:/isystem/winidea9/gcc/arm/bin/../lib/gcc/arm-none-eabi/4.9.3/../../../../arm-none-eabi/lib/cortex-m7\libc.a(lib_a-findfp.o)
                0x00405f84                _cleanup_r
 .text.__sinit.part.1
                0x00405f90       0xfc c:/isystem/winidea9/gcc/arm/bin/../lib/gcc/arm-none-eabi/4.9.3/../../../../arm-none-eabi/lib/cortex-m7\libc.a(lib_a-findfp.o)
 .text.__sinit  0x0040608c        0xc c:/isystem/winidea9/gcc/arm/bin/../lib/gcc/arm-none-eabi/4.9.3/../../../../arm-none-eabi/lib/cortex-m7\libc.a(lib_a-findfp.o)
                0x0040608c                __sinit
 .text.__sfp_lock_acquire
                0x00406098        0x4 c:/isystem/winidea9/gcc/arm/bin/../lib/gcc/arm-none-eabi/4.9.3/../../../../arm-none-eabi/lib/cortex-m7\libc.a(lib_a-findfp.o)
                0x00406098                __sfp_lock_acquire
 .text.__sfp_lock_release
                0x0040609c        0x4 c:/isystem/winidea9/gcc/arm/bin/../lib/gcc/arm-none-eabi/4.9.3/../../../../arm-none-eabi/lib/cortex-m7\libc.a(lib_a-findfp.o)
                0x0040609c                __sfp_lock_release
 .text.__fputwc
                0x004060a0       0xb0 c:/isystem/winidea9/gcc/arm/bin/../lib/gcc/arm-none-eabi/4.9.3/../../../../arm-none-eabi/lib/cortex-m7\libc.a(lib_a-fputwc.o)
                0x004060a0                __fputwc
 .text._fputwc_r
                0x00406150       0x24 c:/isystem/winidea9/gcc/arm/bin/../lib/gcc/arm-none-eabi/4.9.3/../../../../arm-none-eabi/lib/cortex-m7\libc.a(lib_a-fputwc.o)
                0x00406150                _fputwc_r
 .text._malloc_trim_r
                0x00406174       0x9c c:/isystem/winidea9/gcc/arm/bin/../lib/gcc/arm-none-eabi/4.9.3/../../../../arm-none-eabi/lib/cortex-m7\libc.a(lib_a-freer.o)
                0x00406174                _malloc_trim_r
 .text._free_r  0x00406210      0x1b0 c:/isystem/winidea9/gcc/arm/bin/../lib/gcc/arm-none-eabi/4.9.3/../../../../arm-none-eabi/lib/cortex-m7\libc.a(lib_a-freer.o)
                0x00406210                _free_r
 .text.__sfvwrite_r
                0x004063c0      0x324 c:/isystem/winidea9/gcc/arm/bin/../lib/gcc/arm-none-eabi/4.9.3/../../../../arm-none-eabi/lib/cortex-m7\libc.a(lib_a-fvwrite.o)
                0x004063c0                __sfvwrite_r
 .text._fwalk_reent
                0x004066e4       0x50 c:/isystem/winidea9/gcc/arm/bin/../lib/gcc/arm-none-eabi/4.9.3/../../../../arm-none-eabi/lib/cortex-m7\libc.a(lib_a-fwalk.o)
                0x004066e4                _fwalk_reent
 .text.__locale_charset
                0x00406734        0x8 c:/isystem/winidea9/gcc/arm/bin/../lib/gcc/arm-none-eabi/4.9.3/../../../../arm-none-eabi/lib/cortex-m7\libc.a(lib_a-locale.o)
                0x00406734                __locale_charset
 .text.__locale_mb_cur_max
                0x0040673c        0xc c:/isystem/winidea9/gcc/arm/bin/../lib/gcc/arm-none-eabi/4.9.3/../../../../arm-none-eabi/lib/cortex-m7\libc.a(lib_a-locale.o)
                0x0040673c                __locale_mb_cur_max
 .text._localeconv_r
                0x00406748        0x8 c:/isystem/winidea9/gcc/arm/bin/../lib/gcc/arm-none-eabi/4.9.3/../../../../arm-none-eabi/lib/cortex-m7\libc.a(lib_a-locale.o)
                0x00406748                _localeconv_r
 .text.__smakebuf_r
                0x00406750       0xe4 c:/isystem/winidea9/gcc/arm/bin/../lib/gcc/arm-none-eabi/4.9.3/../../../../arm-none-eabi/lib/cortex-m7\libc.a(lib_a-makebuf.o)
                0x00406750                __smakebuf_r
 .text.malloc   0x00406834       0x10 c:/isystem/winidea9/gcc/arm/bin/../lib/gcc/arm-none-eabi/4.9.3/../../../../arm-none-eabi/lib/cortex-m7\libc.a(lib_a-malloc.o)
                0x00406834                malloc
 .text._malloc_r
                0x00406844      0x558 c:/isystem/winidea9/gcc/arm/bin/../lib/gcc/arm-none-eabi/4.9.3/../../../../arm-none-eabi/lib/cortex-m7\libc.a(lib_a-mallocr.o)
                0x00406844                _malloc_r
 .text.memchr   0x00406d9c       0x90 c:/isystem/winidea9/gcc/arm/bin/../lib/gcc/arm-none-eabi/4.9.3/../../../../arm-none-eabi/lib/cortex-m7\libc.a(lib_a-memchr.o)
                0x00406d9c                memchr
 .text          0x00406e2c      0x134 c:/isystem/winidea9/gcc/arm/bin/../lib/gcc/arm-none-eabi/4.9.3/../../../../arm-none-eabi/lib/cortex-m7\libc.a(lib_a-memcpy.o)
                0x00406e2c                memcpy
 .text.memmove  0x00406f60       0xc4 c:/isystem/winidea9/gcc/arm/bin/../lib/gcc/arm-none-eabi/4.9.3/../../../../arm-none-eabi/lib/cortex-m7\libc.a(lib_a-memmove.o)
                0x00406f60                memmove
 .text.memset   0x00407024       0xa0 c:/isystem/winidea9/gcc/arm/bin/../lib/gcc/arm-none-eabi/4.9.3/../../../../arm-none-eabi/lib/cortex-m7\libc.a(lib_a-memset.o)
                0x00407024                memset
 .text.__malloc_lock
                0x004070c4        0x4 c:/isystem/winidea9/gcc/arm/bin/../lib/gcc/arm-none-eabi/4.9.3/../../../../arm-none-eabi/lib/cortex-m7\libc.a(lib_a-mlock.o)
                0x004070c4                __malloc_lock
 .text.__malloc_unlock
                0x004070c8        0x4 c:/isystem/winidea9/gcc/arm/bin/../lib/gcc/arm-none-eabi/4.9.3/../../../../arm-none-eabi/lib/cortex-m7\libc.a(lib_a-mlock.o)
                0x004070c8                __malloc_unlock
 .text._Balloc  0x004070cc       0x50 c:/isystem/winidea9/gcc/arm/bin/../lib/gcc/arm-none-eabi/4.9.3/../../../../arm-none-eabi/lib/cortex-m7\libc.a(lib_a-mprec.o)
                0x004070cc                _Balloc
 .text._Bfree   0x0040711c       0x14 c:/isystem/winidea9/gcc/arm/bin/../lib/gcc/arm-none-eabi/4.9.3/../../../../arm-none-eabi/lib/cortex-m7\libc.a(lib_a-mprec.o)
                0x0040711c                _Bfree
 .text.__multadd
                0x00407130       0x84 c:/isystem/winidea9/gcc/arm/bin/../lib/gcc/arm-none-eabi/4.9.3/../../../../arm-none-eabi/lib/cortex-m7\libc.a(lib_a-mprec.o)
                0x00407130                __multadd
 .text.__hi0bits
                0x004071b4       0x44 c:/isystem/winidea9/gcc/arm/bin/../lib/gcc/arm-none-eabi/4.9.3/../../../../arm-none-eabi/lib/cortex-m7\libc.a(lib_a-mprec.o)
                0x004071b4                __hi0bits
 .text.__lo0bits
                0x004071f8       0x64 c:/isystem/winidea9/gcc/arm/bin/../lib/gcc/arm-none-eabi/4.9.3/../../../../arm-none-eabi/lib/cortex-m7\libc.a(lib_a-mprec.o)
                0x004071f8                __lo0bits
 .text.__i2b    0x0040725c       0x14 c:/isystem/winidea9/gcc/arm/bin/../lib/gcc/arm-none-eabi/4.9.3/../../../../arm-none-eabi/lib/cortex-m7\libc.a(lib_a-mprec.o)
                0x0040725c                __i2b
 .text.__multiply
                0x00407270      0x144 c:/isystem/winidea9/gcc/arm/bin/../lib/gcc/arm-none-eabi/4.9.3/../../../../arm-none-eabi/lib/cortex-m7\libc.a(lib_a-mprec.o)
                0x00407270                __multiply
 .text.__pow5mult
                0x004073b4       0xa0 c:/isystem/winidea9/gcc/arm/bin/../lib/gcc/arm-none-eabi/4.9.3/../../../../arm-none-eabi/lib/cortex-m7\libc.a(lib_a-mprec.o)
                0x004073b4                __pow5mult
 .text.__lshift
                0x00407454       0xb4 c:/isystem/winidea9/gcc/arm/bin/../lib/gcc/arm-none-eabi/4.9.3/../../../../arm-none-eabi/lib/cortex-m7\libc.a(lib_a-mprec.o)
                0x00407454                __lshift
 .text.__mcmp   0x00407508       0x48 c:/isystem/winidea9/gcc/arm/bin/../lib/gcc/arm-none-eabi/4.9.3/../../../../arm-none-eabi/lib/cortex-m7\libc.a(lib_a-mprec.o)
                0x00407508                __mcmp
 .text.__mdiff  0x00407550       0xe4 c:/isystem/winidea9/gcc/arm/bin/../lib/gcc/arm-none-eabi/4.9.3/../../../../arm-none-eabi/lib/cortex-m7\libc.a(lib_a-mprec.o)
                0x00407550                __mdiff
 .text.__d2b    0x00407634       0xb0 c:/isystem/winidea9/gcc/arm/bin/../lib/gcc/arm-none-eabi/4.9.3/../../../../arm-none-eabi/lib/cortex-m7\libc.a(lib_a-mprec.o)
                0x00407634                __d2b
 .text._putc_r  0x004076e4       0x58 c:/isystem/winidea9/gcc/arm/bin/../lib/gcc/arm-none-eabi/4.9.3/../../../../arm-none-eabi/lib/cortex-m7\libc.a(lib_a-putc.o)
                0x004076e4                _putc_r
 .text._realloc_r
                0x0040773c      0x3f0 c:/isystem/winidea9/gcc/arm/bin/../lib/gcc/arm-none-eabi/4.9.3/../../../../arm-none-eabi/lib/cortex-m7\libc.a(lib_a-reallocr.o)
                0x0040773c                _realloc_r
 .text.__fpclassifyd
                0x00407b2c       0x44 c:/isystem/winidea9/gcc/arm/bin/../lib/gcc/arm-none-eabi/4.9.3/../../../../arm-none-eabi/lib/cortex-m7\libc.a(lib_a-s_fpclassify.o)
                0x00407b2c                __fpclassifyd
 .text._sbrk_r  0x00407b70       0x24 c:/isystem/winidea9/gcc/arm/bin/../lib/gcc/arm-none-eabi/4.9.3/../../../../arm-none-eabi/lib/cortex-m7\libc.a(lib_a-sbrkr.o)
                0x00407b70                _sbrk_r
 .text._raise_r
                0x00407b94       0x58 c:/isystem/winidea9/gcc/arm/bin/../lib/gcc/arm-none-eabi/4.9.3/../../../../arm-none-eabi/lib/cortex-m7\libc.a(lib_a-signal.o)
                0x00407b94                _raise_r
 .text.raise    0x00407bec       0x10 c:/isystem/winidea9/gcc/arm/bin/../lib/gcc/arm-none-eabi/4.9.3/../../../../arm-none-eabi/lib/cortex-m7\libc.a(lib_a-signal.o)
                0x00407bec                raise
 .text._kill_r  0x00407bfc       0x28 c:/isystem/winidea9/gcc/arm/bin/../lib/gcc/arm-none-eabi/4.9.3/../../../../arm-none-eabi/lib/cortex-m7\libc.a(lib_a-signalr.o)
                0x00407bfc                _kill_r
 .text._getpid_r
                0x00407c24        0x4 c:/isystem/winidea9/gcc/arm/bin/../lib/gcc/arm-none-eabi/4.9.3/../../../../arm-none-eabi/lib/cortex-m7\libc.a(lib_a-signalr.o)
                0x00407c24                _getpid_r
 .text.__sread  0x00407c28       0x24 c:/isystem/winidea9/gcc/arm/bin/../lib/gcc/arm-none-eabi/4.9.3/../../../../arm-none-eabi/lib/cortex-m7\libc.a(lib_a-stdio.o)
                0x00407c28                __sread
 .text.__swrite
                0x00407c4c       0x38 c:/isystem/winidea9/gcc/arm/bin/../lib/gcc/arm-none-eabi/4.9.3/../../../../arm-none-eabi/lib/cortex-m7\libc.a(lib_a-stdio.o)
                0x00407c4c                __swrite
 .text.__sseek  0x00407c84       0x24 c:/isystem/winidea9/gcc/arm/bin/../lib/gcc/arm-none-eabi/4.9.3/../../../../arm-none-eabi/lib/cortex-m7\libc.a(lib_a-stdio.o)
                0x00407c84                __sseek
 .text.__sclose
                0x00407ca8        0x8 c:/isystem/winidea9/gcc/arm/bin/../lib/gcc/arm-none-eabi/4.9.3/../../../../arm-none-eabi/lib/cortex-m7\libc.a(lib_a-stdio.o)
                0x00407ca8                __sclose
 .text.strlen   0x00407cb0       0x5c c:/isystem/winidea9/gcc/arm/bin/../lib/gcc/arm-none-eabi/4.9.3/../../../../arm-none-eabi/lib/cortex-m7\libc.a(lib_a-strlen.o)
                0x00407cb0                strlen
 .text.__swbuf_r
                0x00407d0c       0xa8 c:/isystem/winidea9/gcc/arm/bin/../lib/gcc/arm-none-eabi/4.9.3/../../../../arm-none-eabi/lib/cortex-m7\libc.a(lib_a-wbuf.o)
                0x00407d0c                __swbuf_r
 .text._wcrtomb_r
                0x00407db4       0x54 c:/isystem/winidea9/gcc/arm/bin/../lib/gcc/arm-none-eabi/4.9.3/../../../../arm-none-eabi/lib/cortex-m7\libc.a(lib_a-wcrtomb.o)
                0x00407db4                _wcrtomb_r
 .text.__ascii_wctomb
                0x00407e08       0x18 c:/isystem/winidea9/gcc/arm/bin/../lib/gcc/arm-none-eabi/4.9.3/../../../../arm-none-eabi/lib/cortex-m7\libc.a(lib_a-wctomb_r.o)
                0x00407e08                __ascii_wctomb
 .text._write_r
                0x00407e20       0x28 c:/isystem/winidea9/gcc/arm/bin/../lib/gcc/arm-none-eabi/4.9.3/../../../../arm-none-eabi/lib/cortex-m7\libc.a(lib_a-writer.o)
                0x00407e20                _write_r
 .text._calloc_r
                0x00407e48       0x60 c:/isystem/winidea9/gcc/arm/bin/../lib/gcc/arm-none-eabi/4.9.3/../../../../arm-none-eabi/lib/cortex-m7\libc.a(lib_a-callocr.o)
                0x00407e48                _calloc_r
 .text._close_r
                0x00407ea8       0x24 c:/isystem/winidea9/gcc/arm/bin/../lib/gcc/arm-none-eabi/4.9.3/../../../../arm-none-eabi/lib/cortex-m7\libc.a(lib_a-closer.o)
                0x00407ea8                _close_r
 .text._fclose_r
                0x00407ecc       0x84 c:/isystem/winidea9/gcc/arm/bin/../lib/gcc/arm-none-eabi/4.9.3/../../../../arm-none-eabi/lib/cortex-m7\libc.a(lib_a-fclose.o)
                0x00407ecc                _fclose_r
 .text._fstat_r
                0x00407f50       0x28 c:/isystem/winidea9/gcc/arm/bin/../lib/gcc/arm-none-eabi/4.9.3/../../../../arm-none-eabi/lib/cortex-m7\libc.a(lib_a-fstatr.o)
                0x00407f50                _fstat_r
 .text._isatty_r
                0x00407f78       0x24 c:/isystem/winidea9/gcc/arm/bin/../lib/gcc/arm-none-eabi/4.9.3/../../../../arm-none-eabi/lib/cortex-m7\libc.a(lib_a-isattyr.o)
                0x00407f78                _isatty_r
 .text._lseek_r
                0x00407f9c       0x28 c:/isystem/winidea9/gcc/arm/bin/../lib/gcc/arm-none-eabi/4.9.3/../../../../arm-none-eabi/lib/cortex-m7\libc.a(lib_a-lseekr.o)
                0x00407f9c                _lseek_r
 .text._read_r  0x00407fc4       0x28 c:/isystem/winidea9/gcc/arm/bin/../lib/gcc/arm-none-eabi/4.9.3/../../../../arm-none-eabi/lib/cortex-m7\libc.a(lib_a-readr.o)
                0x00407fc4                _read_r
 .text          0x00407fec      0x370 c:/isystem/winidea9/gcc/arm/bin/../lib/gcc/arm-none-eabi/4.9.3/cortex-m7\libgcc.a(_arm_addsubdf3.o)
                0x00407fec                __aeabi_drsub
                0x00407ff4                __aeabi_dsub
                0x00407ff4                __subdf3
                0x00407ff8                __aeabi_dadd
                0x00407ff8                __adddf3
                0x00408270                __floatunsidf
                0x00408270                __aeabi_ui2d
                0x00408290                __floatsidf
                0x00408290                __aeabi_i2d
                0x004082b4                __aeabi_f2d
                0x004082b4                __extendsfdf2
                0x004082f0                __floatundidf
                0x004082f0                __aeabi_ul2d
                0x00408300                __floatdidf
                0x00408300                __aeabi_l2d
 .text          0x0040835c      0x424 c:/isystem/winidea9/gcc/arm/bin/../lib/gcc/arm-none-eabi/4.9.3/cortex-m7\libgcc.a(_arm_muldivdf3.o)
                0x0040835c                __aeabi_dmul
                0x0040835c                __muldf3
                0x004085b0                __divdf3
                0x004085b0                __aeabi_ddiv
 .text          0x00408780      0x110 c:/isystem/winidea9/gcc/arm/bin/../lib/gcc/arm-none-eabi/4.9.3/cortex-m7\libgcc.a(_arm_cmpdf2.o)
                0x00408780                __gtdf2
                0x00408780                __gedf2
                0x00408788                __ltdf2
                0x00408788                __ledf2
                0x00408790                __nedf2
                0x00408790                __eqdf2
                0x00408790                __cmpdf2
                0x0040880c                __aeabi_cdrcmple
                0x0040881c                __aeabi_cdcmpeq
                0x0040881c                __aeabi_cdcmple
                0x0040882c                __aeabi_dcmpeq
                0x00408840                __aeabi_dcmplt
                0x00408854                __aeabi_dcmple
                0x00408868                __aeabi_dcmpge
                0x0040887c                __aeabi_dcmpgt
 .text          0x00408890       0x50 c:/isystem/winidea9/gcc/arm/bin/../lib/gcc/arm-none-eabi/4.9.3/cortex-m7\libgcc.a(_arm_fixdfsi.o)
                0x00408890                __aeabi_d2iz
                0x00408890                __fixdfsi
 .text          0x004088e0       0x30 c:/isystem/winidea9/gcc/arm/bin/../lib/gcc/arm-none-eabi/4.9.3/cortex-m7\libgcc.a(_aeabi_uldivmod.o)
                0x004088e0                __aeabi_uldivmod
 .text          0x00408910       0x60 c:/isystem/winidea9/gcc/arm/bin/../lib/gcc/arm-none-eabi/4.9.3/cortex-m7\libgcc.a(bpabi.o)
                0x00408910                __gnu_ldivmod_helper
                0x00408940                __gnu_uldivmod_helper
 .text          0x00408970        0x4 c:/isystem/winidea9/gcc/arm/bin/../lib/gcc/arm-none-eabi/4.9.3/cortex-m7\libgcc.a(_dvmd_tls.o)
                0x00408970                __aeabi_idiv0
                0x00408970                __aeabi_ldiv0
 .text          0x00408974      0x284 c:/isystem/winidea9/gcc/arm/bin/../lib/gcc/arm-none-eabi/4.9.3/cortex-m7\libgcc.a(_divdi3.o)
                0x00408974                __divdi3
 .text          0x00408bf8      0x248 c:/isystem/winidea9/gcc/arm/bin/../lib/gcc/arm-none-eabi/4.9.3/cortex-m7\libgcc.a(_udivdi3.o)
                0x00408bf8                __udivdi3
 *(.glue_7t)
 .glue_7t       0x00000000        0x0 linker stubs
 *(.glue_7)
 .glue_7        0x00000000        0x0 linker stubs
 *(.rodata .rodata* .gnu.linkonce.r.*)
 .rodata        0x00408e40       0x15 C:\SAMV71x\app\01_scheduler_\SAMV71_Xplained_Ultra\Debug\main.o
 *fill*         0x00408e55        0x3 
 .rodata        0x00408e58       0x19 C:\SAMV71x\app\01_scheduler_\SAMV71_Xplained_Ultra\Debug\syscalls.o
 *fill*         0x00408e71        0x3 
 .rodata        0x00408e74       0xf7 C:\SAMV71x\app\01_scheduler_\SAMV71_Xplained_Ultra\Debug\dbg_console.o
 *fill*         0x00408f6b        0x1 
 .rodata        0x00408f6c       0x1c C:\SAMV71x\app\01_scheduler_\SAMV71_Xplained_Ultra\Debug\led.o
 .rodata        0x00408f88       0x94 C:\SAMV71x\app\01_scheduler_\SAMV71_Xplained_Ultra\Debug\pmc.o
 .rodata        0x0040901c       0xde C:\SAMV71x\app\01_scheduler_\SAMV71_Xplained_Ultra\Debug\pio_it.o
 *fill*         0x004090fa        0x2 
 .rodata.str1.4
                0x004090fc       0x3f c:/isystem/winidea9/gcc/arm/bin/../lib/gcc/arm-none-eabi/4.9.3/../../../../arm-none-eabi/lib/cortex-m7\libc.a(lib_a-assert.o)
                                 0x43 (size before relaxing)
 *fill*         0x0040913b        0x1 
 .rodata.str1.4
                0x0040913c        0x2 c:/isystem/winidea9/gcc/arm/bin/../lib/gcc/arm-none-eabi/4.9.3/../../../../arm-none-eabi/lib/cortex-m7\libc.a(lib_a-impure.o)
 *fill*         0x0040913e        0x2 
 .rodata.zeroes.6869
                0x00409140       0x10 c:/isystem/winidea9/gcc/arm/bin/../lib/gcc/arm-none-eabi/4.9.3/../../../../arm-none-eabi/lib/cortex-m7\libc.a(lib_a-vfiprintf.o)
 .rodata.str1.4
                0x00409150       0x2f c:/isystem/winidea9/gcc/arm/bin/../lib/gcc/arm-none-eabi/4.9.3/../../../../arm-none-eabi/lib/cortex-m7\libc.a(lib_a-vfiprintf.o)
 *fill*         0x0040917f        0x1 
 .rodata.blanks.6868
                0x00409180       0x10 c:/isystem/winidea9/gcc/arm/bin/../lib/gcc/arm-none-eabi/4.9.3/../../../../arm-none-eabi/lib/cortex-m7\libc.a(lib_a-vfiprintf.o)
 .rodata.zeroes.6926
                0x00409190       0x10 c:/isystem/winidea9/gcc/arm/bin/../lib/gcc/arm-none-eabi/4.9.3/../../../../arm-none-eabi/lib/cortex-m7\libc.a(lib_a-vfprintf.o)
 .rodata.str1.4
                0x004091a0       0x12 c:/isystem/winidea9/gcc/arm/bin/../lib/gcc/arm-none-eabi/4.9.3/../../../../arm-none-eabi/lib/cortex-m7\libc.a(lib_a-vfprintf.o)
                                 0x42 (size before relaxing)
 *fill*         0x004091b2        0x2 
 .rodata.blanks.6925
                0x004091b4       0x10 c:/isystem/winidea9/gcc/arm/bin/../lib/gcc/arm-none-eabi/4.9.3/../../../../arm-none-eabi/lib/cortex-m7\libc.a(lib_a-vfprintf.o)
 .rodata.str1.4
                0x004091c4       0x10 c:/isystem/winidea9/gcc/arm/bin/../lib/gcc/arm-none-eabi/4.9.3/../../../../arm-none-eabi/lib/cortex-m7\libc.a(lib_a-dtoa.o)
                                 0x12 (size before relaxing)
 .rodata.str1.4
                0x004091d4        0xc c:/isystem/winidea9/gcc/arm/bin/../lib/gcc/arm-none-eabi/4.9.3/../../../../arm-none-eabi/lib/cortex-m7\libc.a(lib_a-locale.o)
                                 0x12 (size before relaxing)
 .rodata.__mprec_tens
                0x004091e0       0xc8 c:/isystem/winidea9/gcc/arm/bin/../lib/gcc/arm-none-eabi/4.9.3/../../../../arm-none-eabi/lib/cortex-m7\libc.a(lib_a-mprec.o)
                0x004091e0                __mprec_tens
 .rodata.p05.5302
                0x004092a8        0xc c:/isystem/winidea9/gcc/arm/bin/../lib/gcc/arm-none-eabi/4.9.3/../../../../arm-none-eabi/lib/cortex-m7\libc.a(lib_a-mprec.o)
 *fill*         0x004092b4        0x4 
 .rodata.__mprec_bigtens
                0x004092b8       0x28 c:/isystem/winidea9/gcc/arm/bin/../lib/gcc/arm-none-eabi/4.9.3/../../../../arm-none-eabi/lib/cortex-m7\libc.a(lib_a-mprec.o)
                0x004092b8                __mprec_bigtens
 *(.ARM.extab* .gnu.linkonce.armextab.*)
                0x004092e0                . = ALIGN (0x4)
 *(.init)
                0x004092e0                . = ALIGN (0x4)
                0x004092e0                __preinit_array_start = .
 *(.preinit_array)
                0x004092e0                __preinit_array_end = .
                0x004092e0                . = ALIGN (0x4)
                0x004092e0                __init_array_start = .
 *(SORT(.init_array.*))
 *(.init_array)
                0x004092e0                __init_array_end = .
                0x004092e0                . = ALIGN (0x4)
 *crtbegin.o(.ctors)
 *(EXCLUDE_FILE(*crtend.o) .ctors)
 *(SORT(.ctors.*))
 *crtend.o(.ctors)
                0x004092e0                . = ALIGN (0x4)
 *(.fini)
                0x004092e0                . = ALIGN (0x4)
                0x004092e0                __fini_array_start = .
 *(.fini_array)
 *(SORT(.fini_array.*))
                0x004092e0                __fini_array_end = .
 *crtbegin.o(.dtors)
 *(EXCLUDE_FILE(*crtend.o) .dtors)
 *(SORT(.dtors.*))
 *crtend.o(.dtors)
                0x004092e0                . = ALIGN (0x4)
                0x004092e0                _efixed = .
                0x004092e0                PROVIDE (__exidx_start, .)

.vfp11_veneer   0x004092e0        0x0
 .vfp11_veneer  0x00000000        0x0 linker stubs

.v4_bx          0x004092e0        0x0
 .v4_bx         0x00000000        0x0 linker stubs

.iplt           0x004092e0        0x0
 .iplt          0x00000000        0x0 C:\SAMV71x\app\01_scheduler_\SAMV71_Xplained_Ultra\Debug\main.o

.igot.plt       0x004092e0        0x0
 .igot.plt      0x00000000        0x0 C:\SAMV71x\app\01_scheduler_\SAMV71_Xplained_Ultra\Debug\main.o

.ARM.exidx      0x004092e0        0x8
 *(.ARM.exidx* .gnu.linkonce.armexidx.*)
 .ARM.exidx     0x004092e0        0x8 c:/isystem/winidea9/gcc/arm/bin/../lib/gcc/arm-none-eabi/4.9.3/cortex-m7\libgcc.a(_divdi3.o)
 .ARM.exidx     0x004092e8        0x0 c:/isystem/winidea9/gcc/arm/bin/../lib/gcc/arm-none-eabi/4.9.3/cortex-m7\libgcc.a(_udivdi3.o)
                                  0x8 (size before relaxing)
                0x004092e8                PROVIDE (__exidx_end, .)

.rel.dyn        0x004092e8        0x0
 .rel.iplt      0x00000000        0x0 C:\SAMV71x\app\01_scheduler_\SAMV71_Xplained_Ultra\Debug\main.o
                0x004092e8                . = ALIGN (0x4)
                0x004092e8                _etext = .

.relocate       0x20400000      0x904 load address 0x004092e8
                0x20400000                . = ALIGN (0x4)
                0x20400000                _srelocate = .
 *(.ramfunc .ramfunc.*)
 *(.data .data.*)
 .data          0x20400000        0x4 C:\SAMV71x\app\01_scheduler_\SAMV71_Xplained_Ultra\Debug\system_sam.o
                0x20400000                SystemCoreClock
 .data          0x20400004       0x54 C:\SAMV71x\app\01_scheduler_\SAMV71_Xplained_Ultra\Debug\app_scheduler.o
                0x20400004                TimeTriggeredTasks
 .data          0x20400058        0xc C:\SAMV71x\app\01_scheduler_\SAMV71_Xplained_Ultra\Debug\sw_ctrl.o
                0x20400058                pinPB1
 *fill*         0x20400064        0x4 
 .data.impure_data
                0x20400068      0x428 c:/isystem/winidea9/gcc/arm/bin/../lib/gcc/arm-none-eabi/4.9.3/../../../../arm-none-eabi/lib/cortex-m7\libc.a(lib_a-impure.o)
 .data._impure_ptr
                0x20400490        0x4 c:/isystem/winidea9/gcc/arm/bin/../lib/gcc/arm-none-eabi/4.9.3/../../../../arm-none-eabi/lib/cortex-m7\libc.a(lib_a-impure.o)
                0x20400490                _impure_ptr
 .data.lconv    0x20400494       0x38 c:/isystem/winidea9/gcc/arm/bin/../lib/gcc/arm-none-eabi/4.9.3/../../../../arm-none-eabi/lib/cortex-m7\libc.a(lib_a-locale.o)
 .data.lc_ctype_charset
                0x204004cc       0x20 c:/isystem/winidea9/gcc/arm/bin/../lib/gcc/arm-none-eabi/4.9.3/../../../../arm-none-eabi/lib/cortex-m7\libc.a(lib_a-locale.o)
 .data.__mb_cur_max
                0x204004ec        0x4 c:/isystem/winidea9/gcc/arm/bin/../lib/gcc/arm-none-eabi/4.9.3/../../../../arm-none-eabi/lib/cortex-m7\libc.a(lib_a-locale.o)
                0x204004ec                __mb_cur_max
 .data.__malloc_av_
                0x204004f0      0x408 c:/isystem/winidea9/gcc/arm/bin/../lib/gcc/arm-none-eabi/4.9.3/../../../../arm-none-eabi/lib/cortex-m7\libc.a(lib_a-mallocr.o)
                0x204004f0                __malloc_av_
 .data.__malloc_trim_threshold
                0x204008f8        0x4 c:/isystem/winidea9/gcc/arm/bin/../lib/gcc/arm-none-eabi/4.9.3/../../../../arm-none-eabi/lib/cortex-m7\libc.a(lib_a-mallocr.o)
                0x204008f8                __malloc_trim_threshold
 .data.__malloc_sbrk_base
                0x204008fc        0x4 c:/isystem/winidea9/gcc/arm/bin/../lib/gcc/arm-none-eabi/4.9.3/../../../../arm-none-eabi/lib/cortex-m7\libc.a(lib_a-mallocr.o)
                0x204008fc                __malloc_sbrk_base
 .data.__wctomb
                0x20400900        0x4 c:/isystem/winidea9/gcc/arm/bin/../lib/gcc/arm-none-eabi/4.9.3/../../../../arm-none-eabi/lib/cortex-m7\libc.a(lib_a-wctomb_r.o)
                0x20400900                __wctomb
                0x20400904                . = ALIGN (0x4)
                0x20400904                _erelocate = .

.bss            0x20400904       0xac load address 0x00409bec
                0x20400904                . = ALIGN (0x4)
                0x20400904                _sbss = .
                0x20400904                _szero = .
 *(.bss .bss.*)
 .bss           0x20400904        0xc C:\SAMV71x\app\01_scheduler_\SAMV71_Xplained_Ultra\Debug\syscalls.o
 .bss           0x20400910        0x6 C:\SAMV71x\app\01_scheduler_\SAMV71_Xplained_Ultra\Debug\dbg_console.o
 *fill*         0x20400916        0x2 
 .bss           0x20400918        0xc C:\SAMV71x\app\01_scheduler_\SAMV71_Xplained_Ultra\Debug\systick.o
                0x20400920                pfctnSysTick
 .bss           0x20400924       0x44 C:\SAMV71x\app\01_scheduler_\SAMV71_Xplained_Ultra\Debug\pio_it.o
 .bss           0x20400968        0x6 C:\SAMV71x\app\01_scheduler_\SAMV71_Xplained_Ultra\Debug\led_ctrl.o
 *fill*         0x2040096e        0x2 
 .bss.__malloc_max_total_mem
                0x20400970        0x4 c:/isystem/winidea9/gcc/arm/bin/../lib/gcc/arm-none-eabi/4.9.3/../../../../arm-none-eabi/lib/cortex-m7\libc.a(lib_a-mallocr.o)
                0x20400970                __malloc_max_total_mem
 .bss.__malloc_max_sbrked_mem
                0x20400974        0x4 c:/isystem/winidea9/gcc/arm/bin/../lib/gcc/arm-none-eabi/4.9.3/../../../../arm-none-eabi/lib/cortex-m7\libc.a(lib_a-mallocr.o)
                0x20400974                __malloc_max_sbrked_mem
 .bss.__malloc_top_pad
                0x20400978        0x4 c:/isystem/winidea9/gcc/arm/bin/../lib/gcc/arm-none-eabi/4.9.3/../../../../arm-none-eabi/lib/cortex-m7\libc.a(lib_a-mallocr.o)
                0x20400978                __malloc_top_pad
 .bss.__malloc_current_mallinfo
                0x2040097c       0x28 c:/isystem/winidea9/gcc/arm/bin/../lib/gcc/arm-none-eabi/4.9.3/../../../../arm-none-eabi/lib/cortex-m7\libc.a(lib_a-mallocr.o)
                0x2040097c                __malloc_current_mallinfo
 *(COMMON)
 COMMON         0x204009a4        0x8 C:\SAMV71x\app\01_scheduler_\SAMV71_Xplained_Ultra\Debug\app_scheduler.o
                0x204009a4                u8_50ms_Counter
                0x204009a5                gu8Scheduler_Status
                0x204009a6                TaskScheduler_Task_ID_Running
                0x204009a7                u8_10ms_Counter
                0x204009a8                u8_100ms_Counter
                0x204009a9                gu8Scheduler_Counter
                0x204009aa                TaskScheduler_Task_ID_Activated
                0x204009ab                TasksScheduler_Task_ID_Backup
 COMMON         0x204009ac        0x4 c:/isystem/winidea9/gcc/arm/bin/../lib/gcc/arm-none-eabi/4.9.3/../../../../arm-none-eabi/lib/cortex-m7\libc.a(lib_a-reent.o)
                0x204009ac                errno
                0x204009b0                . = ALIGN (0x4)
                0x204009b0                _ebss = .
                0x204009b0                _ezero = .

.stack          0x204009b0     0x2000 load address 0x00409c98
                0x204009b0                . = ALIGN (0x8)
                0x204009b0                _sstack = .
                0x204029b0                . = (. + STACK_SIZE)
 *fill*         0x204009b0     0x2000 
                0x204029b0                . = ALIGN (0x8)
                0x204029b0                _estack = .

.heap           0x204029b0     0x1000 load address 0x0040bc98
                0x204029b0                . = ALIGN (0x8)
                0x204029b0                _sheap = .
                0x204039b0                . = (. + HEAP_SIZE)
 *fill*         0x204029b0     0x1000 
                0x204039b0                . = ALIGN (0x8)
                0x204039b0                _eheap = .
                0x204039b0                . = ALIGN (0x4)
                0x204039b0                _end = .
                0x2045ffff                _ram_end_ = ((ORIGIN (ram) + 0x60000) - 0x1)
                0x204039b0                _sdram_lma = .

sdram_region
 *(sdram_region)
LOAD c:/isystem/winidea9/gcc/arm/bin/../lib/gcc/arm-none-eabi/4.9.3/../../../../arm-none-eabi/lib/cortex-m7\libc.a
LOAD c:/isystem/winidea9/gcc/arm/bin/../lib/gcc/arm-none-eabi/4.9.3/cortex-m7\libgcc.a
LOAD c:/isystem/winidea9/gcc/arm/bin/../lib/gcc/arm-none-eabi/4.9.3/../../../../arm-none-eabi/lib/cortex-m7\libm.a
OUTPUT(tau.elf elf32-littlearm)

.debug_info     0x00000000     0x7d87
 .debug_info    0x00000000      0x51d C:\SAMV71x\app\01_scheduler_\SAMV71_Xplained_Ultra\Debug\main.o
 .debug_info    0x0000051d      0x515 C:\SAMV71x\app\01_scheduler_\SAMV71_Xplained_Ultra\Debug\system_sam.o
 .debug_info    0x00000a32      0x4cc C:\SAMV71x\app\01_scheduler_\SAMV71_Xplained_Ultra\Debug\syscalls.o
 .debug_info    0x00000efe      0x35d C:\SAMV71x\app\01_scheduler_\SAMV71_Xplained_Ultra\Debug\app_scheduler.o
 .debug_info    0x0000125b      0x163 C:\SAMV71x\app\01_scheduler_\SAMV71_Xplained_Ultra\Debug\app_tasks.o
 .debug_info    0x000013be      0x9c8 C:\SAMV71x\app\01_scheduler_\SAMV71_Xplained_Ultra\Debug\startup_sam.o
 .debug_info    0x00001d86      0x4f5 C:\SAMV71x\app\01_scheduler_\SAMV71_Xplained_Ultra\Debug\board_lowlevel.o
 .debug_info    0x0000227b     0x14dc C:\SAMV71x\app\01_scheduler_\SAMV71_Xplained_Ultra\Debug\dbg_console.o
 .debug_info    0x00003757      0x6f3 C:\SAMV71x\app\01_scheduler_\SAMV71_Xplained_Ultra\Debug\led.o
 .debug_info    0x00003e4a      0x78b C:\SAMV71x\app\01_scheduler_\SAMV71_Xplained_Ultra\Debug\pmc.o
 .debug_info    0x000045d5      0xa00 C:\SAMV71x\app\01_scheduler_\SAMV71_Xplained_Ultra\Debug\pio.o
 .debug_info    0x00004fd5      0x327 C:\SAMV71x\app\01_scheduler_\SAMV71_Xplained_Ultra\Debug\mpu.o
 .debug_info    0x000052fc      0x59c C:\SAMV71x\app\01_scheduler_\SAMV71_Xplained_Ultra\Debug\exceptions.o
 .debug_info    0x00005898      0x88b C:\SAMV71x\app\01_scheduler_\SAMV71_Xplained_Ultra\Debug\systick.o
 .debug_info    0x00006123      0x1fd C:\SAMV71x\app\01_scheduler_\SAMV71_Xplained_Ultra\Debug\wdt.o
 .debug_info    0x00006320      0xf6c C:\SAMV71x\app\01_scheduler_\SAMV71_Xplained_Ultra\Debug\pio_it.o
 .debug_info    0x0000728c      0x15c C:\SAMV71x\app\01_scheduler_\SAMV71_Xplained_Ultra\Debug\led_ctrl.o
 .debug_info    0x000073e8      0x99f C:\SAMV71x\app\01_scheduler_\SAMV71_Xplained_Ultra\Debug\sw_ctrl.o

.debug_abbrev   0x00000000     0x1929
 .debug_abbrev  0x00000000      0x13a C:\SAMV71x\app\01_scheduler_\SAMV71_Xplained_Ultra\Debug\main.o
 .debug_abbrev  0x0000013a      0x127 C:\SAMV71x\app\01_scheduler_\SAMV71_Xplained_Ultra\Debug\system_sam.o
 .debug_abbrev  0x00000261      0x15e C:\SAMV71x\app\01_scheduler_\SAMV71_Xplained_Ultra\Debug\syscalls.o
 .debug_abbrev  0x000003bf      0x15e C:\SAMV71x\app\01_scheduler_\SAMV71_Xplained_Ultra\Debug\app_scheduler.o
 .debug_abbrev  0x0000051d       0x8f C:\SAMV71x\app\01_scheduler_\SAMV71_Xplained_Ultra\Debug\app_tasks.o
 .debug_abbrev  0x000005ac      0x1a0 C:\SAMV71x\app\01_scheduler_\SAMV71_Xplained_Ultra\Debug\startup_sam.o
 .debug_abbrev  0x0000074c      0x12f C:\SAMV71x\app\01_scheduler_\SAMV71_Xplained_Ultra\Debug\board_lowlevel.o
 .debug_abbrev  0x0000087b      0x26e C:\SAMV71x\app\01_scheduler_\SAMV71_Xplained_Ultra\Debug\dbg_console.o
 .debug_abbrev  0x00000ae9      0x113 C:\SAMV71x\app\01_scheduler_\SAMV71_Xplained_Ultra\Debug\led.o
 .debug_abbrev  0x00000bfc      0x1ce C:\SAMV71x\app\01_scheduler_\SAMV71_Xplained_Ultra\Debug\pmc.o
 .debug_abbrev  0x00000dca      0x19d C:\SAMV71x\app\01_scheduler_\SAMV71_Xplained_Ultra\Debug\pio.o
 .debug_abbrev  0x00000f67      0x144 C:\SAMV71x\app\01_scheduler_\SAMV71_Xplained_Ultra\Debug\mpu.o
 .debug_abbrev  0x000010ab      0x152 C:\SAMV71x\app\01_scheduler_\SAMV71_Xplained_Ultra\Debug\exceptions.o
 .debug_abbrev  0x000011fd      0x1b2 C:\SAMV71x\app\01_scheduler_\SAMV71_Xplained_Ultra\Debug\systick.o
 .debug_abbrev  0x000013af       0xdf C:\SAMV71x\app\01_scheduler_\SAMV71_Xplained_Ultra\Debug\wdt.o
 .debug_abbrev  0x0000148e      0x22b C:\SAMV71x\app\01_scheduler_\SAMV71_Xplained_Ultra\Debug\pio_it.o
 .debug_abbrev  0x000016b9       0xa0 C:\SAMV71x\app\01_scheduler_\SAMV71_Xplained_Ultra\Debug\led_ctrl.o
 .debug_abbrev  0x00001759      0x1d0 C:\SAMV71x\app\01_scheduler_\SAMV71_Xplained_Ultra\Debug\sw_ctrl.o

.debug_aranges  0x00000000      0x240
 .debug_aranges
                0x00000000       0x20 C:\SAMV71x\app\01_scheduler_\SAMV71_Xplained_Ultra\Debug\main.o
 .debug_aranges
                0x00000020       0x20 C:\SAMV71x\app\01_scheduler_\SAMV71_Xplained_Ultra\Debug\system_sam.o
 .debug_aranges
                0x00000040       0x20 C:\SAMV71x\app\01_scheduler_\SAMV71_Xplained_Ultra\Debug\syscalls.o
 .debug_aranges
                0x00000060       0x20 C:\SAMV71x\app\01_scheduler_\SAMV71_Xplained_Ultra\Debug\app_scheduler.o
 .debug_aranges
                0x00000080       0x20 C:\SAMV71x\app\01_scheduler_\SAMV71_Xplained_Ultra\Debug\app_tasks.o
 .debug_aranges
                0x000000a0       0x20 C:\SAMV71x\app\01_scheduler_\SAMV71_Xplained_Ultra\Debug\startup_sam.o
 .debug_aranges
                0x000000c0       0x20 C:\SAMV71x\app\01_scheduler_\SAMV71_Xplained_Ultra\Debug\board_lowlevel.o
 .debug_aranges
                0x000000e0       0x20 C:\SAMV71x\app\01_scheduler_\SAMV71_Xplained_Ultra\Debug\dbg_console.o
 .debug_aranges
                0x00000100       0x20 C:\SAMV71x\app\01_scheduler_\SAMV71_Xplained_Ultra\Debug\led.o
 .debug_aranges
                0x00000120       0x20 C:\SAMV71x\app\01_scheduler_\SAMV71_Xplained_Ultra\Debug\pmc.o
 .debug_aranges
                0x00000140       0x20 C:\SAMV71x\app\01_scheduler_\SAMV71_Xplained_Ultra\Debug\pio.o
 .debug_aranges
                0x00000160       0x20 C:\SAMV71x\app\01_scheduler_\SAMV71_Xplained_Ultra\Debug\mpu.o
 .debug_aranges
                0x00000180       0x20 C:\SAMV71x\app\01_scheduler_\SAMV71_Xplained_Ultra\Debug\exceptions.o
 .debug_aranges
                0x000001a0       0x20 C:\SAMV71x\app\01_scheduler_\SAMV71_Xplained_Ultra\Debug\systick.o
 .debug_aranges
                0x000001c0       0x20 C:\SAMV71x\app\01_scheduler_\SAMV71_Xplained_Ultra\Debug\wdt.o
 .debug_aranges
                0x000001e0       0x20 C:\SAMV71x\app\01_scheduler_\SAMV71_Xplained_Ultra\Debug\pio_it.o
 .debug_aranges
                0x00000200       0x20 C:\SAMV71x\app\01_scheduler_\SAMV71_Xplained_Ultra\Debug\led_ctrl.o
 .debug_aranges
                0x00000220       0x20 C:\SAMV71x\app\01_scheduler_\SAMV71_Xplained_Ultra\Debug\sw_ctrl.o

.debug_macro    0x00000000    0x29a29
 .debug_macro   0x00000000     0x12f1 C:\SAMV71x\app\01_scheduler_\SAMV71_Xplained_Ultra\Debug\main.o
 .debug_macro   0x000012f1       0x22 C:\SAMV71x\app\01_scheduler_\SAMV71_Xplained_Ultra\Debug\main.o
 .debug_macro   0x00001313       0x44 C:\SAMV71x\app\01_scheduler_\SAMV71_Xplained_Ultra\Debug\main.o
 .debug_macro   0x00001357       0xe3 C:\SAMV71x\app\01_scheduler_\SAMV71_Xplained_Ultra\Debug\main.o
 .debug_macro   0x0000143a       0x22 C:\SAMV71x\app\01_scheduler_\SAMV71_Xplained_Ultra\Debug\main.o
 .debug_macro   0x0000145c      0x1df C:\SAMV71x\app\01_scheduler_\SAMV71_Xplained_Ultra\Debug\main.o
 .debug_macro   0x0000163b       0x4a C:\SAMV71x\app\01_scheduler_\SAMV71_Xplained_Ultra\Debug\main.o
 .debug_macro   0x00001685       0x3b C:\SAMV71x\app\01_scheduler_\SAMV71_Xplained_Ultra\Debug\main.o
 .debug_macro   0x000016c0       0x18 C:\SAMV71x\app\01_scheduler_\SAMV71_Xplained_Ultra\Debug\main.o
 .debug_macro   0x000016d8       0x26 C:\SAMV71x\app\01_scheduler_\SAMV71_Xplained_Ultra\Debug\main.o
 .debug_macro   0x000016fe      0xf9a C:\SAMV71x\app\01_scheduler_\SAMV71_Xplained_Ultra\Debug\main.o
 .debug_macro   0x00002698      0x16c C:\SAMV71x\app\01_scheduler_\SAMV71_Xplained_Ultra\Debug\main.o
 .debug_macro   0x00002804      0x24a C:\SAMV71x\app\01_scheduler_\SAMV71_Xplained_Ultra\Debug\main.o
 .debug_macro   0x00002a4e      0xa00 C:\SAMV71x\app\01_scheduler_\SAMV71_Xplained_Ultra\Debug\main.o
 .debug_macro   0x0000344e      0x1b4 C:\SAMV71x\app\01_scheduler_\SAMV71_Xplained_Ultra\Debug\main.o
 .debug_macro   0x00003602      0x328 C:\SAMV71x\app\01_scheduler_\SAMV71_Xplained_Ultra\Debug\main.o
 .debug_macro   0x0000392a      0x15a C:\SAMV71x\app\01_scheduler_\SAMV71_Xplained_Ultra\Debug\main.o
 .debug_macro   0x00003a84      0xe71 C:\SAMV71x\app\01_scheduler_\SAMV71_Xplained_Ultra\Debug\main.o
 .debug_macro   0x000048f5       0x1c C:\SAMV71x\app\01_scheduler_\SAMV71_Xplained_Ultra\Debug\main.o
 .debug_macro   0x00004911      0x67f C:\SAMV71x\app\01_scheduler_\SAMV71_Xplained_Ultra\Debug\main.o
 .debug_macro   0x00004f90      0x310 C:\SAMV71x\app\01_scheduler_\SAMV71_Xplained_Ultra\Debug\main.o
 .debug_macro   0x000052a0      0x4c7 C:\SAMV71x\app\01_scheduler_\SAMV71_Xplained_Ultra\Debug\main.o
 .debug_macro   0x00005767      0x26e C:\SAMV71x\app\01_scheduler_\SAMV71_Xplained_Ultra\Debug\main.o
 .debug_macro   0x000059d5     0x1324 C:\SAMV71x\app\01_scheduler_\SAMV71_Xplained_Ultra\Debug\main.o
 .debug_macro   0x00006cf9      0x280 C:\SAMV71x\app\01_scheduler_\SAMV71_Xplained_Ultra\Debug\main.o
 .debug_macro   0x00006f79     0x2ba3 C:\SAMV71x\app\01_scheduler_\SAMV71_Xplained_Ultra\Debug\main.o
 .debug_macro   0x00009b1c     0x101d C:\SAMV71x\app\01_scheduler_\SAMV71_Xplained_Ultra\Debug\main.o
 .debug_macro   0x0000ab39      0xe01 C:\SAMV71x\app\01_scheduler_\SAMV71_Xplained_Ultra\Debug\main.o
 .debug_macro   0x0000b93a      0x3a4 C:\SAMV71x\app\01_scheduler_\SAMV71_Xplained_Ultra\Debug\main.o
 .debug_macro   0x0000bcde       0xa0 C:\SAMV71x\app\01_scheduler_\SAMV71_Xplained_Ultra\Debug\main.o
 .debug_macro   0x0000bd7e       0x76 C:\SAMV71x\app\01_scheduler_\SAMV71_Xplained_Ultra\Debug\main.o
 .debug_macro   0x0000bdf4      0x3fb C:\SAMV71x\app\01_scheduler_\SAMV71_Xplained_Ultra\Debug\main.o
 .debug_macro   0x0000c1ef       0x64 C:\SAMV71x\app\01_scheduler_\SAMV71_Xplained_Ultra\Debug\main.o
 .debug_macro   0x0000c253      0x276 C:\SAMV71x\app\01_scheduler_\SAMV71_Xplained_Ultra\Debug\main.o
 .debug_macro   0x0000c4c9      0x1c4 C:\SAMV71x\app\01_scheduler_\SAMV71_Xplained_Ultra\Debug\main.o
 .debug_macro   0x0000c68d      0x23b C:\SAMV71x\app\01_scheduler_\SAMV71_Xplained_Ultra\Debug\main.o
 .debug_macro   0x0000c8c8      0x516 C:\SAMV71x\app\01_scheduler_\SAMV71_Xplained_Ultra\Debug\main.o
 .debug_macro   0x0000cdde      0x62d C:\SAMV71x\app\01_scheduler_\SAMV71_Xplained_Ultra\Debug\main.o
 .debug_macro   0x0000d40b      0x6a9 C:\SAMV71x\app\01_scheduler_\SAMV71_Xplained_Ultra\Debug\main.o
 .debug_macro   0x0000dab4       0x4c C:\SAMV71x\app\01_scheduler_\SAMV71_Xplained_Ultra\Debug\main.o
 .debug_macro   0x0000db00      0x45a C:\SAMV71x\app\01_scheduler_\SAMV71_Xplained_Ultra\Debug\main.o
 .debug_macro   0x0000df5a      0x1fb C:\SAMV71x\app\01_scheduler_\SAMV71_Xplained_Ultra\Debug\main.o
 .debug_macro   0x0000e155      0x87d C:\SAMV71x\app\01_scheduler_\SAMV71_Xplained_Ultra\Debug\main.o
 .debug_macro   0x0000e9d2     0x1547 C:\SAMV71x\app\01_scheduler_\SAMV71_Xplained_Ultra\Debug\main.o
 .debug_macro   0x0000ff19       0x40 C:\SAMV71x\app\01_scheduler_\SAMV71_Xplained_Ultra\Debug\main.o
 .debug_macro   0x0000ff59       0x76 C:\SAMV71x\app\01_scheduler_\SAMV71_Xplained_Ultra\Debug\main.o
 .debug_macro   0x0000ffcf      0xda0 C:\SAMV71x\app\01_scheduler_\SAMV71_Xplained_Ultra\Debug\main.o
 .debug_macro   0x00010d6f       0x82 C:\SAMV71x\app\01_scheduler_\SAMV71_Xplained_Ultra\Debug\main.o
 .debug_macro   0x00010df1       0x76 C:\SAMV71x\app\01_scheduler_\SAMV71_Xplained_Ultra\Debug\main.o
 .debug_macro   0x00010e67       0x4c C:\SAMV71x\app\01_scheduler_\SAMV71_Xplained_Ultra\Debug\main.o
 .debug_macro   0x00010eb3      0x126 C:\SAMV71x\app\01_scheduler_\SAMV71_Xplained_Ultra\Debug\main.o
 .debug_macro   0x00010fd9      0x126 C:\SAMV71x\app\01_scheduler_\SAMV71_Xplained_Ultra\Debug\main.o
 .debug_macro   0x000110ff      0x126 C:\SAMV71x\app\01_scheduler_\SAMV71_Xplained_Ultra\Debug\main.o
 .debug_macro   0x00011225       0x6a C:\SAMV71x\app\01_scheduler_\SAMV71_Xplained_Ultra\Debug\main.o
 .debug_macro   0x0001128f       0x6a C:\SAMV71x\app\01_scheduler_\SAMV71_Xplained_Ultra\Debug\main.o
 .debug_macro   0x000112f9      0x313 C:\SAMV71x\app\01_scheduler_\SAMV71_Xplained_Ultra\Debug\main.o
 .debug_macro   0x0001160c       0xb2 C:\SAMV71x\app\01_scheduler_\SAMV71_Xplained_Ultra\Debug\main.o
 .debug_macro   0x000116be       0xb2 C:\SAMV71x\app\01_scheduler_\SAMV71_Xplained_Ultra\Debug\main.o
 .debug_macro   0x00011770       0xb2 C:\SAMV71x\app\01_scheduler_\SAMV71_Xplained_Ultra\Debug\main.o
 .debug_macro   0x00011822      0x112 C:\SAMV71x\app\01_scheduler_\SAMV71_Xplained_Ultra\Debug\main.o
 .debug_macro   0x00011934      0x112 C:\SAMV71x\app\01_scheduler_\SAMV71_Xplained_Ultra\Debug\main.o
 .debug_macro   0x00011a46      0x2cd C:\SAMV71x\app\01_scheduler_\SAMV71_Xplained_Ultra\Debug\main.o
 .debug_macro   0x00011d13       0xb8 C:\SAMV71x\app\01_scheduler_\SAMV71_Xplained_Ultra\Debug\main.o
 .debug_macro   0x00011dcb       0x5e C:\SAMV71x\app\01_scheduler_\SAMV71_Xplained_Ultra\Debug\main.o
 .debug_macro   0x00011e29       0x40 C:\SAMV71x\app\01_scheduler_\SAMV71_Xplained_Ultra\Debug\main.o
 .debug_macro   0x00011e69       0x4c C:\SAMV71x\app\01_scheduler_\SAMV71_Xplained_Ultra\Debug\main.o
 .debug_macro   0x00011eb5       0xa0 C:\SAMV71x\app\01_scheduler_\SAMV71_Xplained_Ultra\Debug\main.o
 .debug_macro   0x00011f55      0x494 C:\SAMV71x\app\01_scheduler_\SAMV71_Xplained_Ultra\Debug\main.o
 .debug_macro   0x000123e9      0x126 C:\SAMV71x\app\01_scheduler_\SAMV71_Xplained_Ultra\Debug\main.o
 .debug_macro   0x0001250f       0x4c C:\SAMV71x\app\01_scheduler_\SAMV71_Xplained_Ultra\Debug\main.o
 .debug_macro   0x0001255b      0x313 C:\SAMV71x\app\01_scheduler_\SAMV71_Xplained_Ultra\Debug\main.o
 .debug_macro   0x0001286e       0x6a C:\SAMV71x\app\01_scheduler_\SAMV71_Xplained_Ultra\Debug\main.o
 .debug_macro   0x000128d8       0xb8 C:\SAMV71x\app\01_scheduler_\SAMV71_Xplained_Ultra\Debug\main.o
 .debug_macro   0x00012990       0x76 C:\SAMV71x\app\01_scheduler_\SAMV71_Xplained_Ultra\Debug\main.o
 .debug_macro   0x00012a06       0x6a C:\SAMV71x\app\01_scheduler_\SAMV71_Xplained_Ultra\Debug\main.o
 .debug_macro   0x00012a70       0x2e C:\SAMV71x\app\01_scheduler_\SAMV71_Xplained_Ultra\Debug\main.o
 .debug_macro   0x00012a9e      0x9b1 C:\SAMV71x\app\01_scheduler_\SAMV71_Xplained_Ultra\Debug\main.o
 .debug_macro   0x0001344f       0x6a C:\SAMV71x\app\01_scheduler_\SAMV71_Xplained_Ultra\Debug\main.o
 .debug_macro   0x000134b9       0x88 C:\SAMV71x\app\01_scheduler_\SAMV71_Xplained_Ultra\Debug\main.o
 .debug_macro   0x00013541       0x58 C:\SAMV71x\app\01_scheduler_\SAMV71_Xplained_Ultra\Debug\main.o
 .debug_macro   0x00013599       0xa6 C:\SAMV71x\app\01_scheduler_\SAMV71_Xplained_Ultra\Debug\main.o
 .debug_macro   0x0001363f       0x16 C:\SAMV71x\app\01_scheduler_\SAMV71_Xplained_Ultra\Debug\main.o
 .debug_macro   0x00013655       0xe2 C:\SAMV71x\app\01_scheduler_\SAMV71_Xplained_Ultra\Debug\main.o
 .debug_macro   0x00013737       0x4c C:\SAMV71x\app\01_scheduler_\SAMV71_Xplained_Ultra\Debug\main.o
 .debug_macro   0x00013783       0x16 C:\SAMV71x\app\01_scheduler_\SAMV71_Xplained_Ultra\Debug\main.o
 .debug_macro   0x00013799       0x4c C:\SAMV71x\app\01_scheduler_\SAMV71_Xplained_Ultra\Debug\main.o
 .debug_macro   0x000137e5       0x2e C:\SAMV71x\app\01_scheduler_\SAMV71_Xplained_Ultra\Debug\main.o
 .debug_macro   0x00013813      0x19e C:\SAMV71x\app\01_scheduler_\SAMV71_Xplained_Ultra\Debug\main.o
 .debug_macro   0x000139b1      0x19e C:\SAMV71x\app\01_scheduler_\SAMV71_Xplained_Ultra\Debug\main.o
 .debug_macro   0x00013b4f      0x19e C:\SAMV71x\app\01_scheduler_\SAMV71_Xplained_Ultra\Debug\main.o
 .debug_macro   0x00013ced      0x19e C:\SAMV71x\app\01_scheduler_\SAMV71_Xplained_Ultra\Debug\main.o
 .debug_macro   0x00013e8b      0x19e C:\SAMV71x\app\01_scheduler_\SAMV71_Xplained_Ultra\Debug\main.o
 .debug_macro   0x00014029       0x1c C:\SAMV71x\app\01_scheduler_\SAMV71_Xplained_Ultra\Debug\main.o
 .debug_macro   0x00014045       0x2e C:\SAMV71x\app\01_scheduler_\SAMV71_Xplained_Ultra\Debug\main.o
 .debug_macro   0x00014073       0x22 C:\SAMV71x\app\01_scheduler_\SAMV71_Xplained_Ultra\Debug\main.o
 .debug_macro   0x00014095       0x1c C:\SAMV71x\app\01_scheduler_\SAMV71_Xplained_Ultra\Debug\main.o
 .debug_macro   0x000140b1       0x52 C:\SAMV71x\app\01_scheduler_\SAMV71_Xplained_Ultra\Debug\main.o
 .debug_macro   0x00014103       0x10 C:\SAMV71x\app\01_scheduler_\SAMV71_Xplained_Ultra\Debug\main.o
 .debug_macro   0x00014113       0x1c C:\SAMV71x\app\01_scheduler_\SAMV71_Xplained_Ultra\Debug\main.o
 .debug_macro   0x0001412f       0x4c C:\SAMV71x\app\01_scheduler_\SAMV71_Xplained_Ultra\Debug\main.o
 .debug_macro   0x0001417b       0x4c C:\SAMV71x\app\01_scheduler_\SAMV71_Xplained_Ultra\Debug\main.o
 .debug_macro   0x000141c7       0x4c C:\SAMV71x\app\01_scheduler_\SAMV71_Xplained_Ultra\Debug\main.o
 .debug_macro   0x00014213      0x329 C:\SAMV71x\app\01_scheduler_\SAMV71_Xplained_Ultra\Debug\main.o
 .debug_macro   0x0001453c     0x1028 C:\SAMV71x\app\01_scheduler_\SAMV71_Xplained_Ultra\Debug\main.o
 .debug_macro   0x00015564      0x107 C:\SAMV71x\app\01_scheduler_\SAMV71_Xplained_Ultra\Debug\main.o
 .debug_macro   0x0001566b      0x166 C:\SAMV71x\app\01_scheduler_\SAMV71_Xplained_Ultra\Debug\main.o
 .debug_macro   0x000157d1       0x58 C:\SAMV71x\app\01_scheduler_\SAMV71_Xplained_Ultra\Debug\main.o
 .debug_macro   0x00015829       0x35 C:\SAMV71x\app\01_scheduler_\SAMV71_Xplained_Ultra\Debug\main.o
 .debug_macro   0x0001585e       0x9c C:\SAMV71x\app\01_scheduler_\SAMV71_Xplained_Ultra\Debug\main.o
 .debug_macro   0x000158fa       0x16 C:\SAMV71x\app\01_scheduler_\SAMV71_Xplained_Ultra\Debug\main.o
 .debug_macro   0x00015910       0x35 C:\SAMV71x\app\01_scheduler_\SAMV71_Xplained_Ultra\Debug\main.o
 .debug_macro   0x00015945       0x52 C:\SAMV71x\app\01_scheduler_\SAMV71_Xplained_Ultra\Debug\main.o
 .debug_macro   0x00015997       0x16 C:\SAMV71x\app\01_scheduler_\SAMV71_Xplained_Ultra\Debug\main.o
 .debug_macro   0x000159ad       0x43 C:\SAMV71x\app\01_scheduler_\SAMV71_Xplained_Ultra\Debug\main.o
 .debug_macro   0x000159f0      0x180 C:\SAMV71x\app\01_scheduler_\SAMV71_Xplained_Ultra\Debug\main.o
 .debug_macro   0x00015b70      0x29d C:\SAMV71x\app\01_scheduler_\SAMV71_Xplained_Ultra\Debug\main.o
 .debug_macro   0x00015e0d       0x16 C:\SAMV71x\app\01_scheduler_\SAMV71_Xplained_Ultra\Debug\main.o
 .debug_macro   0x00015e23       0x29 C:\SAMV71x\app\01_scheduler_\SAMV71_Xplained_Ultra\Debug\main.o
 .debug_macro   0x00015e4c       0x22 C:\SAMV71x\app\01_scheduler_\SAMV71_Xplained_Ultra\Debug\main.o
 .debug_macro   0x00015e6e      0x159 C:\SAMV71x\app\01_scheduler_\SAMV71_Xplained_Ultra\Debug\main.o
 .debug_macro   0x00015fc7       0x5e C:\SAMV71x\app\01_scheduler_\SAMV71_Xplained_Ultra\Debug\main.o
 .debug_macro   0x00016025       0x16 C:\SAMV71x\app\01_scheduler_\SAMV71_Xplained_Ultra\Debug\main.o
 .debug_macro   0x0001603b       0xc6 C:\SAMV71x\app\01_scheduler_\SAMV71_Xplained_Ultra\Debug\main.o
 .debug_macro   0x00016101       0x16 C:\SAMV71x\app\01_scheduler_\SAMV71_Xplained_Ultra\Debug\main.o
 .debug_macro   0x00016117       0x10 C:\SAMV71x\app\01_scheduler_\SAMV71_Xplained_Ultra\Debug\main.o
 .debug_macro   0x00016127       0xe6 C:\SAMV71x\app\01_scheduler_\SAMV71_Xplained_Ultra\Debug\main.o
 .debug_macro   0x0001620d       0x94 C:\SAMV71x\app\01_scheduler_\SAMV71_Xplained_Ultra\Debug\main.o
 .debug_macro   0x000162a1       0x97 C:\SAMV71x\app\01_scheduler_\SAMV71_Xplained_Ultra\Debug\main.o
 .debug_macro   0x00016338      0x19e C:\SAMV71x\app\01_scheduler_\SAMV71_Xplained_Ultra\Debug\main.o
 .debug_macro   0x000164d6       0x98 C:\SAMV71x\app\01_scheduler_\SAMV71_Xplained_Ultra\Debug\main.o
 .debug_macro   0x0001656e       0x34 C:\SAMV71x\app\01_scheduler_\SAMV71_Xplained_Ultra\Debug\main.o
 .debug_macro   0x000165a2       0x16 C:\SAMV71x\app\01_scheduler_\SAMV71_Xplained_Ultra\Debug\main.o
 .debug_macro   0x000165b8       0x76 C:\SAMV71x\app\01_scheduler_\SAMV71_Xplained_Ultra\Debug\main.o
 .debug_macro   0x0001662e       0x1c C:\SAMV71x\app\01_scheduler_\SAMV71_Xplained_Ultra\Debug\main.o
 .debug_macro   0x0001664a       0x3a C:\SAMV71x\app\01_scheduler_\SAMV71_Xplained_Ultra\Debug\main.o
 .debug_macro   0x00016684       0x1c C:\SAMV71x\app\01_scheduler_\SAMV71_Xplained_Ultra\Debug\main.o
 .debug_macro   0x000166a0       0x2e C:\SAMV71x\app\01_scheduler_\SAMV71_Xplained_Ultra\Debug\main.o
 .debug_macro   0x000166ce       0x3a C:\SAMV71x\app\01_scheduler_\SAMV71_Xplained_Ultra\Debug\main.o
 .debug_macro   0x00016708       0x52 C:\SAMV71x\app\01_scheduler_\SAMV71_Xplained_Ultra\Debug\main.o
 .debug_macro   0x0001675a       0x22 C:\SAMV71x\app\01_scheduler_\SAMV71_Xplained_Ultra\Debug\main.o
 .debug_macro   0x0001677c       0x1c C:\SAMV71x\app\01_scheduler_\SAMV71_Xplained_Ultra\Debug\main.o
 .debug_macro   0x00016798       0x1c C:\SAMV71x\app\01_scheduler_\SAMV71_Xplained_Ultra\Debug\main.o
 .debug_macro   0x000167b4       0x10 C:\SAMV71x\app\01_scheduler_\SAMV71_Xplained_Ultra\Debug\main.o
 .debug_macro   0x000167c4       0x10 C:\SAMV71x\app\01_scheduler_\SAMV71_Xplained_Ultra\Debug\main.o
 .debug_macro   0x000167d4       0x22 C:\SAMV71x\app\01_scheduler_\SAMV71_Xplained_Ultra\Debug\main.o
 .debug_macro   0x000167f6       0xbe C:\SAMV71x\app\01_scheduler_\SAMV71_Xplained_Ultra\Debug\main.o
 .debug_macro   0x000168b4       0x16 C:\SAMV71x\app\01_scheduler_\SAMV71_Xplained_Ultra\Debug\main.o
 .debug_macro   0x000168ca      0x197 C:\SAMV71x\app\01_scheduler_\SAMV71_Xplained_Ultra\Debug\main.o
 .debug_macro   0x00016a61       0x93 C:\SAMV71x\app\01_scheduler_\SAMV71_Xplained_Ultra\Debug\main.o
 .debug_macro   0x00016af4       0x2e C:\SAMV71x\app\01_scheduler_\SAMV71_Xplained_Ultra\Debug\main.o
 .debug_macro   0x00016b22       0x2e C:\SAMV71x\app\01_scheduler_\SAMV71_Xplained_Ultra\Debug\main.o
 .debug_macro   0x00016b50       0x76 C:\SAMV71x\app\01_scheduler_\SAMV71_Xplained_Ultra\Debug\main.o
 .debug_macro   0x00016bc6       0x28 C:\SAMV71x\app\01_scheduler_\SAMV71_Xplained_Ultra\Debug\main.o
 .debug_macro   0x00016bee       0x16 C:\SAMV71x\app\01_scheduler_\SAMV71_Xplained_Ultra\Debug\main.o
 .debug_macro   0x00016c04       0x28 C:\SAMV71x\app\01_scheduler_\SAMV71_Xplained_Ultra\Debug\main.o
 .debug_macro   0x00016c2c       0x1c C:\SAMV71x\app\01_scheduler_\SAMV71_Xplained_Ultra\Debug\main.o
 .debug_macro   0x00016c48       0x16 C:\SAMV71x\app\01_scheduler_\SAMV71_Xplained_Ultra\Debug\main.o
 .debug_macro   0x00016c5e       0x16 C:\SAMV71x\app\01_scheduler_\SAMV71_Xplained_Ultra\Debug\main.o
 .debug_macro   0x00016c74       0x1c C:\SAMV71x\app\01_scheduler_\SAMV71_Xplained_Ultra\Debug\main.o
 .debug_macro   0x00016c90       0x6f C:\SAMV71x\app\01_scheduler_\SAMV71_Xplained_Ultra\Debug\main.o
 .debug_macro   0x00016cff       0xa0 C:\SAMV71x\app\01_scheduler_\SAMV71_Xplained_Ultra\Debug\main.o
 .debug_macro   0x00016d9f       0x10 C:\SAMV71x\app\01_scheduler_\SAMV71_Xplained_Ultra\Debug\main.o
 .debug_macro   0x00016daf      0x148 C:\SAMV71x\app\01_scheduler_\SAMV71_Xplained_Ultra\Debug\main.o
 .debug_macro   0x00016ef7       0x16 C:\SAMV71x\app\01_scheduler_\SAMV71_Xplained_Ultra\Debug\main.o
 .debug_macro   0x00016f0d       0x52 C:\SAMV71x\app\01_scheduler_\SAMV71_Xplained_Ultra\Debug\main.o
 .debug_macro   0x00016f5f      0x240 C:\SAMV71x\app\01_scheduler_\SAMV71_Xplained_Ultra\Debug\main.o
 .debug_macro   0x0001719f       0x34 C:\SAMV71x\app\01_scheduler_\SAMV71_Xplained_Ultra\Debug\main.o
 .debug_macro   0x000171d3      0x13c C:\SAMV71x\app\01_scheduler_\SAMV71_Xplained_Ultra\Debug\main.o
 .debug_macro   0x0001730f       0x10 C:\SAMV71x\app\01_scheduler_\SAMV71_Xplained_Ultra\Debug\main.o
 .debug_macro   0x0001731f      0x102 C:\SAMV71x\app\01_scheduler_\SAMV71_Xplained_Ultra\Debug\main.o
 .debug_macro   0x00017421       0x52 C:\SAMV71x\app\01_scheduler_\SAMV71_Xplained_Ultra\Debug\main.o
 .debug_macro   0x00017473      0x1f3 C:\SAMV71x\app\01_scheduler_\SAMV71_Xplained_Ultra\Debug\main.o
 .debug_macro   0x00017666       0x2e C:\SAMV71x\app\01_scheduler_\SAMV71_Xplained_Ultra\Debug\main.o
 .debug_macro   0x00017694       0x16 C:\SAMV71x\app\01_scheduler_\SAMV71_Xplained_Ultra\Debug\main.o
 .debug_macro   0x000176aa       0x52 C:\SAMV71x\app\01_scheduler_\SAMV71_Xplained_Ultra\Debug\main.o
 .debug_macro   0x000176fc       0x16 C:\SAMV71x\app\01_scheduler_\SAMV71_Xplained_Ultra\Debug\main.o
 .debug_macro   0x00017712       0x10 C:\SAMV71x\app\01_scheduler_\SAMV71_Xplained_Ultra\Debug\main.o
 .debug_macro   0x00017722       0x10 C:\SAMV71x\app\01_scheduler_\SAMV71_Xplained_Ultra\Debug\main.o
 .debug_macro   0x00017732       0x10 C:\SAMV71x\app\01_scheduler_\SAMV71_Xplained_Ultra\Debug\main.o
 .debug_macro   0x00017742       0x35 C:\SAMV71x\app\01_scheduler_\SAMV71_Xplained_Ultra\Debug\main.o
 .debug_macro   0x00017777      0x122 C:\SAMV71x\app\01_scheduler_\SAMV71_Xplained_Ultra\Debug\main.o
 .debug_macro   0x00017899      0x456 C:\SAMV71x\app\01_scheduler_\SAMV71_Xplained_Ultra\Debug\main.o
 .debug_macro   0x00017cef       0x52 C:\SAMV71x\app\01_scheduler_\SAMV71_Xplained_Ultra\Debug\main.o
 .debug_macro   0x00017d41       0x4c C:\SAMV71x\app\01_scheduler_\SAMV71_Xplained_Ultra\Debug\main.o
 .debug_macro   0x00017d8d      0xdab C:\SAMV71x\app\01_scheduler_\SAMV71_Xplained_Ultra\Debug\system_sam.o
 .debug_macro   0x00018b38     0x12db C:\SAMV71x\app\01_scheduler_\SAMV71_Xplained_Ultra\Debug\syscalls.o
 .debug_macro   0x00019e13       0x10 C:\SAMV71x\app\01_scheduler_\SAMV71_Xplained_Ultra\Debug\syscalls.o
 .debug_macro   0x00019e23      0x241 C:\SAMV71x\app\01_scheduler_\SAMV71_Xplained_Ultra\Debug\syscalls.o
 .debug_macro   0x0001a064      0xea2 C:\SAMV71x\app\01_scheduler_\SAMV71_Xplained_Ultra\Debug\app_scheduler.o
 .debug_macro   0x0001af06       0x50 C:\SAMV71x\app\01_scheduler_\SAMV71_Xplained_Ultra\Debug\app_scheduler.o
 .debug_macro   0x0001af56      0xe82 C:\SAMV71x\app\01_scheduler_\SAMV71_Xplained_Ultra\Debug\app_tasks.o
 .debug_macro   0x0001bdd8      0xd93 C:\SAMV71x\app\01_scheduler_\SAMV71_Xplained_Ultra\Debug\startup_sam.o
 .debug_macro   0x0001cb6b     0x12bd C:\SAMV71x\app\01_scheduler_\SAMV71_Xplained_Ultra\Debug\board_lowlevel.o
 .debug_macro   0x0001de28     0x12f2 C:\SAMV71x\app\01_scheduler_\SAMV71_Xplained_Ultra\Debug\dbg_console.o
 .debug_macro   0x0001f11a     0x12bc C:\SAMV71x\app\01_scheduler_\SAMV71_Xplained_Ultra\Debug\led.o
 .debug_macro   0x000203d6     0x111f C:\SAMV71x\app\01_scheduler_\SAMV71_Xplained_Ultra\Debug\pmc.o
 .debug_macro   0x000214f5     0x1109 C:\SAMV71x\app\01_scheduler_\SAMV71_Xplained_Ultra\Debug\pio.o
 .debug_macro   0x000225fe     0x110a C:\SAMV71x\app\01_scheduler_\SAMV71_Xplained_Ultra\Debug\mpu.o
 .debug_macro   0x00023708     0x110a C:\SAMV71x\app\01_scheduler_\SAMV71_Xplained_Ultra\Debug\exceptions.o
 .debug_macro   0x00024812      0xe89 C:\SAMV71x\app\01_scheduler_\SAMV71_Xplained_Ultra\Debug\systick.o
 .debug_macro   0x0002569b     0x110a C:\SAMV71x\app\01_scheduler_\SAMV71_Xplained_Ultra\Debug\wdt.o
 .debug_macro   0x000267a5     0x1118 C:\SAMV71x\app\01_scheduler_\SAMV71_Xplained_Ultra\Debug\pio_it.o
 .debug_macro   0x000278bd      0xe82 C:\SAMV71x\app\01_scheduler_\SAMV71_Xplained_Ultra\Debug\led_ctrl.o
 .debug_macro   0x0002873f     0x12ea C:\SAMV71x\app\01_scheduler_\SAMV71_Xplained_Ultra\Debug\sw_ctrl.o

.debug_line     0x00000000     0xfa49
 .debug_line    0x00000000     0x10be C:\SAMV71x\app\01_scheduler_\SAMV71_Xplained_Ultra\Debug\main.o
 .debug_line    0x000010be      0xac8 C:\SAMV71x\app\01_scheduler_\SAMV71_Xplained_Ultra\Debug\system_sam.o
 .debug_line    0x00001b86     0x100e C:\SAMV71x\app\01_scheduler_\SAMV71_Xplained_Ultra\Debug\syscalls.o
 .debug_line    0x00002b94      0xc50 C:\SAMV71x\app\01_scheduler_\SAMV71_Xplained_Ultra\Debug\app_scheduler.o
 .debug_line    0x000037e4      0xb4d C:\SAMV71x\app\01_scheduler_\SAMV71_Xplained_Ultra\Debug\app_tasks.o
 .debug_line    0x00004331      0xa35 C:\SAMV71x\app\01_scheduler_\SAMV71_Xplained_Ultra\Debug\startup_sam.o
 .debug_line    0x00004d66     0x101b C:\SAMV71x\app\01_scheduler_\SAMV71_Xplained_Ultra\Debug\board_lowlevel.o
 .debug_line    0x00005d81     0x115d C:\SAMV71x\app\01_scheduler_\SAMV71_Xplained_Ultra\Debug\dbg_console.o
 .debug_line    0x00006ede      0xfd7 C:\SAMV71x\app\01_scheduler_\SAMV71_Xplained_Ultra\Debug\led.o
 .debug_line    0x00007eb5      0xf24 C:\SAMV71x\app\01_scheduler_\SAMV71_Xplained_Ultra\Debug\pmc.o
 .debug_line    0x00008dd9      0xe23 C:\SAMV71x\app\01_scheduler_\SAMV71_Xplained_Ultra\Debug\pio.o
 .debug_line    0x00009bfc      0xdaa C:\SAMV71x\app\01_scheduler_\SAMV71_Xplained_Ultra\Debug\mpu.o
 .debug_line    0x0000a9a6      0xdd8 C:\SAMV71x\app\01_scheduler_\SAMV71_Xplained_Ultra\Debug\exceptions.o
 .debug_line    0x0000b77e      0xb57 C:\SAMV71x\app\01_scheduler_\SAMV71_Xplained_Ultra\Debug\systick.o
 .debug_line    0x0000c2d5      0xd7d C:\SAMV71x\app\01_scheduler_\SAMV71_Xplained_Ultra\Debug\wdt.o
 .debug_line    0x0000d052      0xe2c C:\SAMV71x\app\01_scheduler_\SAMV71_Xplained_Ultra\Debug\pio_it.o
 .debug_line    0x0000de7e      0xb54 C:\SAMV71x\app\01_scheduler_\SAMV71_Xplained_Ultra\Debug\led_ctrl.o
 .debug_line    0x0000e9d2     0x1077 C:\SAMV71x\app\01_scheduler_\SAMV71_Xplained_Ultra\Debug\sw_ctrl.o

.debug_str      0x00000000    0x7dfc6
 .debug_str     0x00000000    0x7b435 C:\SAMV71x\app\01_scheduler_\SAMV71_Xplained_Ultra\Debug\main.o
                              0x7b9d8 (size before relaxing)
 .debug_str     0x0007b435      0x3eb C:\SAMV71x\app\01_scheduler_\SAMV71_Xplained_Ultra\Debug\system_sam.o
                              0x6e200 (size before relaxing)
 .debug_str     0x0007b820      0x600 C:\SAMV71x\app\01_scheduler_\SAMV71_Xplained_Ultra\Debug\syscalls.o
                              0x7ba5d (size before relaxing)
 .debug_str     0x0007be20      0x2ed C:\SAMV71x\app\01_scheduler_\SAMV71_Xplained_Ultra\Debug\app_scheduler.o
                              0x7138e (size before relaxing)
 .debug_str     0x0007c10d       0xb4 C:\SAMV71x\app\01_scheduler_\SAMV71_Xplained_Ultra\Debug\app_tasks.o
                              0x70d97 (size before relaxing)
 .debug_str     0x0007c1c1      0x5d8 C:\SAMV71x\app\01_scheduler_\SAMV71_Xplained_Ultra\Debug\startup_sam.o
                              0x6e5c5 (size before relaxing)
 .debug_str     0x0007c799       0x7d C:\SAMV71x\app\01_scheduler_\SAMV71_Xplained_Ultra\Debug\board_lowlevel.o
                              0x7b63a (size before relaxing)
 .debug_str     0x0007c816      0xa52 C:\SAMV71x\app\01_scheduler_\SAMV71_Xplained_Ultra\Debug\dbg_console.o
                              0x7bf70 (size before relaxing)
 .debug_str     0x0007d268       0x70 C:\SAMV71x\app\01_scheduler_\SAMV71_Xplained_Ultra\Debug\led.o
                              0x7b7da (size before relaxing)
 .debug_str     0x0007d2d8      0x2af C:\SAMV71x\app\01_scheduler_\SAMV71_Xplained_Ultra\Debug\pmc.o
                              0x760e4 (size before relaxing)
 .debug_str     0x0007d587      0x188 C:\SAMV71x\app\01_scheduler_\SAMV71_Xplained_Ultra\Debug\pio.o
                              0x7612e (size before relaxing)
 .debug_str     0x0007d70f      0x13c C:\SAMV71x\app\01_scheduler_\SAMV71_Xplained_Ultra\Debug\mpu.o
                              0x75de8 (size before relaxing)
 .debug_str     0x0007d84b       0x4c C:\SAMV71x\app\01_scheduler_\SAMV71_Xplained_Ultra\Debug\exceptions.o
                              0x75e8f (size before relaxing)
 .debug_str     0x0007d897      0x3f6 C:\SAMV71x\app\01_scheduler_\SAMV71_Xplained_Ultra\Debug\systick.o
                              0x714dc (size before relaxing)
 .debug_str     0x0007dc8d       0x7a C:\SAMV71x\app\01_scheduler_\SAMV71_Xplained_Ultra\Debug\wdt.o
                              0x75d11 (size before relaxing)
 .debug_str     0x0007dd07      0x160 C:\SAMV71x\app\01_scheduler_\SAMV71_Xplained_Ultra\Debug\pio_it.o
                              0x765fb (size before relaxing)
 .debug_str     0x0007de67       0x9a C:\SAMV71x\app\01_scheduler_\SAMV71_Xplained_Ultra\Debug\led_ctrl.o
                              0x70d89 (size before relaxing)
 .debug_str     0x0007df01       0xc5 C:\SAMV71x\app\01_scheduler_\SAMV71_Xplained_Ultra\Debug\sw_ctrl.o
                              0x7bf5d (size before relaxing)

.comment        0x00000000       0x70
 .comment       0x00000000       0x70 C:\SAMV71x\app\01_scheduler_\SAMV71_Xplained_Ultra\Debug\main.o
                                 0x71 (size before relaxing)
 .comment       0x00000000       0x71 C:\SAMV71x\app\01_scheduler_\SAMV71_Xplained_Ultra\Debug\system_sam.o
 .comment       0x00000000       0x71 C:\SAMV71x\app\01_scheduler_\SAMV71_Xplained_Ultra\Debug\syscalls.o
 .comment       0x00000000       0x71 C:\SAMV71x\app\01_scheduler_\SAMV71_Xplained_Ultra\Debug\app_scheduler.o
 .comment       0x00000000       0x71 C:\SAMV71x\app\01_scheduler_\SAMV71_Xplained_Ultra\Debug\app_tasks.o
 .comment       0x00000000       0x71 C:\SAMV71x\app\01_scheduler_\SAMV71_Xplained_Ultra\Debug\startup_sam.o
 .comment       0x00000000       0x71 C:\SAMV71x\app\01_scheduler_\SAMV71_Xplained_Ultra\Debug\board_lowlevel.o
 .comment       0x00000000       0x71 C:\SAMV71x\app\01_scheduler_\SAMV71_Xplained_Ultra\Debug\dbg_console.o
 .comment       0x00000000       0x71 C:\SAMV71x\app\01_scheduler_\SAMV71_Xplained_Ultra\Debug\led.o
 .comment       0x00000000       0x71 C:\SAMV71x\app\01_scheduler_\SAMV71_Xplained_Ultra\Debug\pmc.o
 .comment       0x00000000       0x71 C:\SAMV71x\app\01_scheduler_\SAMV71_Xplained_Ultra\Debug\pio.o
 .comment       0x00000000       0x71 C:\SAMV71x\app\01_scheduler_\SAMV71_Xplained_Ultra\Debug\mpu.o
 .comment       0x00000000       0x71 C:\SAMV71x\app\01_scheduler_\SAMV71_Xplained_Ultra\Debug\exceptions.o
 .comment       0x00000000       0x71 C:\SAMV71x\app\01_scheduler_\SAMV71_Xplained_Ultra\Debug\systick.o
 .comment       0x00000000       0x71 C:\SAMV71x\app\01_scheduler_\SAMV71_Xplained_Ultra\Debug\wdt.o
 .comment       0x00000000       0x71 C:\SAMV71x\app\01_scheduler_\SAMV71_Xplained_Ultra\Debug\pio_it.o
 .comment       0x00000000       0x71 C:\SAMV71x\app\01_scheduler_\SAMV71_Xplained_Ultra\Debug\led_ctrl.o
 .comment       0x00000000       0x71 C:\SAMV71x\app\01_scheduler_\SAMV71_Xplained_Ultra\Debug\sw_ctrl.o

.ARM.attributes
                0x00000000       0x35
 .ARM.attributes
                0x00000000       0x37 C:\SAMV71x\app\01_scheduler_\SAMV71_Xplained_Ultra\Debug\main.o
 .ARM.attributes
                0x00000037       0x37 C:\SAMV71x\app\01_scheduler_\SAMV71_Xplained_Ultra\Debug\system_sam.o
 .ARM.attributes
                0x0000006e       0x37 C:\SAMV71x\app\01_scheduler_\SAMV71_Xplained_Ultra\Debug\syscalls.o
 .ARM.attributes
                0x000000a5       0x37 C:\SAMV71x\app\01_scheduler_\SAMV71_Xplained_Ultra\Debug\app_scheduler.o
 .ARM.attributes
                0x000000dc       0x37 C:\SAMV71x\app\01_scheduler_\SAMV71_Xplained_Ultra\Debug\app_tasks.o
 .ARM.attributes
                0x00000113       0x37 C:\SAMV71x\app\01_scheduler_\SAMV71_Xplained_Ultra\Debug\startup_sam.o
 .ARM.attributes
                0x0000014a       0x37 C:\SAMV71x\app\01_scheduler_\SAMV71_Xplained_Ultra\Debug\board_lowlevel.o
 .ARM.attributes
                0x00000181       0x37 C:\SAMV71x\app\01_scheduler_\SAMV71_Xplained_Ultra\Debug\dbg_console.o
 .ARM.attributes
                0x000001b8       0x37 C:\SAMV71x\app\01_scheduler_\SAMV71_Xplained_Ultra\Debug\led.o
 .ARM.attributes
                0x000001ef       0x37 C:\SAMV71x\app\01_scheduler_\SAMV71_Xplained_Ultra\Debug\pmc.o
 .ARM.attributes
                0x00000226       0x37 C:\SAMV71x\app\01_scheduler_\SAMV71_Xplained_Ultra\Debug\pio.o
 .ARM.attributes
                0x0000025d       0x37 C:\SAMV71x\app\01_scheduler_\SAMV71_Xplained_Ultra\Debug\mpu.o
 .ARM.attributes
                0x00000294       0x37 C:\SAMV71x\app\01_scheduler_\SAMV71_Xplained_Ultra\Debug\exceptions.o
 .ARM.attributes
                0x000002cb       0x37 C:\SAMV71x\app\01_scheduler_\SAMV71_Xplained_Ultra\Debug\systick.o
 .ARM.attributes
                0x00000302       0x37 C:\SAMV71x\app\01_scheduler_\SAMV71_Xplained_Ultra\Debug\wdt.o
 .ARM.attributes
                0x00000339       0x37 C:\SAMV71x\app\01_scheduler_\SAMV71_Xplained_Ultra\Debug\pio_it.o
 .ARM.attributes
                0x00000370       0x37 C:\SAMV71x\app\01_scheduler_\SAMV71_Xplained_Ultra\Debug\led_ctrl.o
 .ARM.attributes
                0x000003a7       0x37 C:\SAMV71x\app\01_scheduler_\SAMV71_Xplained_Ultra\Debug\sw_ctrl.o
 .ARM.attributes
                0x000003de       0x33 c:/isystem/winidea9/gcc/arm/bin/../lib/gcc/arm-none-eabi/4.9.3/../../../../arm-none-eabi/lib/cortex-m7\libc.a(lib_a-assert.o)
 .ARM.attributes
                0x00000411       0x33 c:/isystem/winidea9/gcc/arm/bin/../lib/gcc/arm-none-eabi/4.9.3/../../../../arm-none-eabi/lib/cortex-m7\libc.a(lib_a-fiprintf.o)
 .ARM.attributes
                0x00000444       0x33 c:/isystem/winidea9/gcc/arm/bin/../lib/gcc/arm-none-eabi/4.9.3/../../../../arm-none-eabi/lib/cortex-m7\libc.a(lib_a-impure.o)
 .ARM.attributes
                0x00000477       0x33 c:/isystem/winidea9/gcc/arm/bin/../lib/gcc/arm-none-eabi/4.9.3/../../../../arm-none-eabi/lib/cortex-m7\libc.a(lib_a-printf.o)
 .ARM.attributes
                0x000004aa       0x33 c:/isystem/winidea9/gcc/arm/bin/../lib/gcc/arm-none-eabi/4.9.3/../../../../arm-none-eabi/lib/cortex-m7\libc.a(lib_a-putchar.o)
 .ARM.attributes
                0x000004dd       0x33 c:/isystem/winidea9/gcc/arm/bin/../lib/gcc/arm-none-eabi/4.9.3/../../../../arm-none-eabi/lib/cortex-m7\libc.a(lib_a-setvbuf.o)
 .ARM.attributes
                0x00000510       0x33 c:/isystem/winidea9/gcc/arm/bin/../lib/gcc/arm-none-eabi/4.9.3/../../../../arm-none-eabi/lib/cortex-m7\libc.a(lib_a-vfiprintf.o)
 .ARM.attributes
                0x00000543       0x33 c:/isystem/winidea9/gcc/arm/bin/../lib/gcc/arm-none-eabi/4.9.3/../../../../arm-none-eabi/lib/cortex-m7\libc.a(lib_a-vfprintf.o)
 .ARM.attributes
                0x00000576       0x33 c:/isystem/winidea9/gcc/arm/bin/../lib/gcc/arm-none-eabi/4.9.3/../../../../arm-none-eabi/lib/cortex-m7\libc.a(lib_a-wsetup.o)
 .ARM.attributes
                0x000005a9       0x33 c:/isystem/winidea9/gcc/arm/bin/../lib/gcc/arm-none-eabi/4.9.3/../../../../arm-none-eabi/lib/cortex-m7\libc.a(lib_a-abort.o)
 .ARM.attributes
                0x000005dc       0x33 c:/isystem/winidea9/gcc/arm/bin/../lib/gcc/arm-none-eabi/4.9.3/../../../../arm-none-eabi/lib/cortex-m7\libc.a(lib_a-dtoa.o)
 .ARM.attributes
                0x0000060f       0x33 c:/isystem/winidea9/gcc/arm/bin/../lib/gcc/arm-none-eabi/4.9.3/../../../../arm-none-eabi/lib/cortex-m7\libc.a(lib_a-fflush.o)
 .ARM.attributes
                0x00000642       0x33 c:/isystem/winidea9/gcc/arm/bin/../lib/gcc/arm-none-eabi/4.9.3/../../../../arm-none-eabi/lib/cortex-m7\libc.a(lib_a-findfp.o)
 .ARM.attributes
                0x00000675       0x33 c:/isystem/winidea9/gcc/arm/bin/../lib/gcc/arm-none-eabi/4.9.3/../../../../arm-none-eabi/lib/cortex-m7\libc.a(lib_a-fputwc.o)
 .ARM.attributes
                0x000006a8       0x33 c:/isystem/winidea9/gcc/arm/bin/../lib/gcc/arm-none-eabi/4.9.3/../../../../arm-none-eabi/lib/cortex-m7\libc.a(lib_a-freer.o)
 .ARM.attributes
                0x000006db       0x33 c:/isystem/winidea9/gcc/arm/bin/../lib/gcc/arm-none-eabi/4.9.3/../../../../arm-none-eabi/lib/cortex-m7\libc.a(lib_a-fvwrite.o)
 .ARM.attributes
                0x0000070e       0x33 c:/isystem/winidea9/gcc/arm/bin/../lib/gcc/arm-none-eabi/4.9.3/../../../../arm-none-eabi/lib/cortex-m7\libc.a(lib_a-fwalk.o)
 .ARM.attributes
                0x00000741       0x33 c:/isystem/winidea9/gcc/arm/bin/../lib/gcc/arm-none-eabi/4.9.3/../../../../arm-none-eabi/lib/cortex-m7\libc.a(lib_a-locale.o)
 .ARM.attributes
                0x00000774       0x33 c:/isystem/winidea9/gcc/arm/bin/../lib/gcc/arm-none-eabi/4.9.3/../../../../arm-none-eabi/lib/cortex-m7\libc.a(lib_a-makebuf.o)
 .ARM.attributes
                0x000007a7       0x33 c:/isystem/winidea9/gcc/arm/bin/../lib/gcc/arm-none-eabi/4.9.3/../../../../arm-none-eabi/lib/cortex-m7\libc.a(lib_a-malloc.o)
 .ARM.attributes
                0x000007da       0x33 c:/isystem/winidea9/gcc/arm/bin/../lib/gcc/arm-none-eabi/4.9.3/../../../../arm-none-eabi/lib/cortex-m7\libc.a(lib_a-mallocr.o)
 .ARM.attributes
                0x0000080d       0x33 c:/isystem/winidea9/gcc/arm/bin/../lib/gcc/arm-none-eabi/4.9.3/../../../../arm-none-eabi/lib/cortex-m7\libc.a(lib_a-memchr.o)
 .ARM.attributes
                0x00000840       0x21 c:/isystem/winidea9/gcc/arm/bin/../lib/gcc/arm-none-eabi/4.9.3/../../../../arm-none-eabi/lib/cortex-m7\libc.a(lib_a-memcpy.o)
 .ARM.attributes
                0x00000861       0x33 c:/isystem/winidea9/gcc/arm/bin/../lib/gcc/arm-none-eabi/4.9.3/../../../../arm-none-eabi/lib/cortex-m7\libc.a(lib_a-memmove.o)
 .ARM.attributes
                0x00000894       0x33 c:/isystem/winidea9/gcc/arm/bin/../lib/gcc/arm-none-eabi/4.9.3/../../../../arm-none-eabi/lib/cortex-m7\libc.a(lib_a-memset.o)
 .ARM.attributes
                0x000008c7       0x33 c:/isystem/winidea9/gcc/arm/bin/../lib/gcc/arm-none-eabi/4.9.3/../../../../arm-none-eabi/lib/cortex-m7\libc.a(lib_a-mlock.o)
 .ARM.attributes
                0x000008fa       0x33 c:/isystem/winidea9/gcc/arm/bin/../lib/gcc/arm-none-eabi/4.9.3/../../../../arm-none-eabi/lib/cortex-m7\libc.a(lib_a-mprec.o)
 .ARM.attributes
                0x0000092d       0x33 c:/isystem/winidea9/gcc/arm/bin/../lib/gcc/arm-none-eabi/4.9.3/../../../../arm-none-eabi/lib/cortex-m7\libc.a(lib_a-putc.o)
 .ARM.attributes
                0x00000960       0x33 c:/isystem/winidea9/gcc/arm/bin/../lib/gcc/arm-none-eabi/4.9.3/../../../../arm-none-eabi/lib/cortex-m7\libc.a(lib_a-reallocr.o)
 .ARM.attributes
                0x00000993       0x33 c:/isystem/winidea9/gcc/arm/bin/../lib/gcc/arm-none-eabi/4.9.3/../../../../arm-none-eabi/lib/cortex-m7\libc.a(lib_a-s_fpclassify.o)
 .ARM.attributes
                0x000009c6       0x33 c:/isystem/winidea9/gcc/arm/bin/../lib/gcc/arm-none-eabi/4.9.3/../../../../arm-none-eabi/lib/cortex-m7\libc.a(lib_a-sbrkr.o)
 .ARM.attributes
                0x000009f9       0x33 c:/isystem/winidea9/gcc/arm/bin/../lib/gcc/arm-none-eabi/4.9.3/../../../../arm-none-eabi/lib/cortex-m7\libc.a(lib_a-signal.o)
 .ARM.attributes
                0x00000a2c       0x33 c:/isystem/winidea9/gcc/arm/bin/../lib/gcc/arm-none-eabi/4.9.3/../../../../arm-none-eabi/lib/cortex-m7\libc.a(lib_a-signalr.o)
 .ARM.attributes
                0x00000a5f       0x33 c:/isystem/winidea9/gcc/arm/bin/../lib/gcc/arm-none-eabi/4.9.3/../../../../arm-none-eabi/lib/cortex-m7\libc.a(lib_a-stdio.o)
 .ARM.attributes
                0x00000a92       0x33 c:/isystem/winidea9/gcc/arm/bin/../lib/gcc/arm-none-eabi/4.9.3/../../../../arm-none-eabi/lib/cortex-m7\libc.a(lib_a-strlen.o)
 .ARM.attributes
                0x00000ac5       0x33 c:/isystem/winidea9/gcc/arm/bin/../lib/gcc/arm-none-eabi/4.9.3/../../../../arm-none-eabi/lib/cortex-m7\libc.a(lib_a-wbuf.o)
 .ARM.attributes
                0x00000af8       0x33 c:/isystem/winidea9/gcc/arm/bin/../lib/gcc/arm-none-eabi/4.9.3/../../../../arm-none-eabi/lib/cortex-m7\libc.a(lib_a-wcrtomb.o)
 .ARM.attributes
                0x00000b2b       0x33 c:/isystem/winidea9/gcc/arm/bin/../lib/gcc/arm-none-eabi/4.9.3/../../../../arm-none-eabi/lib/cortex-m7\libc.a(lib_a-wctomb_r.o)
 .ARM.attributes
                0x00000b5e       0x33 c:/isystem/winidea9/gcc/arm/bin/../lib/gcc/arm-none-eabi/4.9.3/../../../../arm-none-eabi/lib/cortex-m7\libc.a(lib_a-writer.o)
 .ARM.attributes
                0x00000b91       0x33 c:/isystem/winidea9/gcc/arm/bin/../lib/gcc/arm-none-eabi/4.9.3/../../../../arm-none-eabi/lib/cortex-m7\libc.a(lib_a-callocr.o)
 .ARM.attributes
                0x00000bc4       0x33 c:/isystem/winidea9/gcc/arm/bin/../lib/gcc/arm-none-eabi/4.9.3/../../../../arm-none-eabi/lib/cortex-m7\libc.a(lib_a-closer.o)
 .ARM.attributes
                0x00000bf7       0x33 c:/isystem/winidea9/gcc/arm/bin/../lib/gcc/arm-none-eabi/4.9.3/../../../../arm-none-eabi/lib/cortex-m7\libc.a(lib_a-fclose.o)
 .ARM.attributes
                0x00000c2a       0x33 c:/isystem/winidea9/gcc/arm/bin/../lib/gcc/arm-none-eabi/4.9.3/../../../../arm-none-eabi/lib/cortex-m7\libc.a(lib_a-fstatr.o)
 .ARM.attributes
                0x00000c5d       0x33 c:/isystem/winidea9/gcc/arm/bin/../lib/gcc/arm-none-eabi/4.9.3/../../../../arm-none-eabi/lib/cortex-m7\libc.a(lib_a-isattyr.o)
 .ARM.attributes
                0x00000c90       0x33 c:/isystem/winidea9/gcc/arm/bin/../lib/gcc/arm-none-eabi/4.9.3/../../../../arm-none-eabi/lib/cortex-m7\libc.a(lib_a-lseekr.o)
 .ARM.attributes
                0x00000cc3       0x33 c:/isystem/winidea9/gcc/arm/bin/../lib/gcc/arm-none-eabi/4.9.3/../../../../arm-none-eabi/lib/cortex-m7\libc.a(lib_a-readr.o)
 .ARM.attributes
                0x00000cf6       0x33 c:/isystem/winidea9/gcc/arm/bin/../lib/gcc/arm-none-eabi/4.9.3/../../../../arm-none-eabi/lib/cortex-m7\libc.a(lib_a-reent.o)
 .ARM.attributes
                0x00000d29       0x23 c:/isystem/winidea9/gcc/arm/bin/../lib/gcc/arm-none-eabi/4.9.3/cortex-m7\libgcc.a(_arm_addsubdf3.o)
 .ARM.attributes
                0x00000d4c       0x23 c:/isystem/winidea9/gcc/arm/bin/../lib/gcc/arm-none-eabi/4.9.3/cortex-m7\libgcc.a(_arm_muldivdf3.o)
 .ARM.attributes
                0x00000d6f       0x23 c:/isystem/winidea9/gcc/arm/bin/../lib/gcc/arm-none-eabi/4.9.3/cortex-m7\libgcc.a(_arm_cmpdf2.o)
 .ARM.attributes
                0x00000d92       0x23 c:/isystem/winidea9/gcc/arm/bin/../lib/gcc/arm-none-eabi/4.9.3/cortex-m7\libgcc.a(_arm_fixdfsi.o)
 .ARM.attributes
                0x00000db5       0x23 c:/isystem/winidea9/gcc/arm/bin/../lib/gcc/arm-none-eabi/4.9.3/cortex-m7\libgcc.a(_aeabi_uldivmod.o)
 .ARM.attributes
                0x00000dd8       0x33 c:/isystem/winidea9/gcc/arm/bin/../lib/gcc/arm-none-eabi/4.9.3/cortex-m7\libgcc.a(bpabi.o)
 .ARM.attributes
                0x00000e0b       0x23 c:/isystem/winidea9/gcc/arm/bin/../lib/gcc/arm-none-eabi/4.9.3/cortex-m7\libgcc.a(_dvmd_tls.o)
 .ARM.attributes
                0x00000e2e       0x33 c:/isystem/winidea9/gcc/arm/bin/../lib/gcc/arm-none-eabi/4.9.3/cortex-m7\libgcc.a(_divdi3.o)
 .ARM.attributes
                0x00000e61       0x33 c:/isystem/winidea9/gcc/arm/bin/../lib/gcc/arm-none-eabi/4.9.3/cortex-m7\libgcc.a(_udivdi3.o)

.debug_frame    0x00000000     0x25e8
 .debug_frame   0x00000000       0x4c C:\SAMV71x\app\01_scheduler_\SAMV71_Xplained_Ultra\Debug\main.o
 .debug_frame   0x0000004c       0xc0 C:\SAMV71x\app\01_scheduler_\SAMV71_Xplained_Ultra\Debug\system_sam.o
 .debug_frame   0x0000010c      0x1b4 C:\SAMV71x\app\01_scheduler_\SAMV71_Xplained_Ultra\Debug\syscalls.o