Archive member included because of file (symbol)

c:/isystem/winidea9/gcc/arm/bin/../lib/gcc/arm-none-eabi/4.9.3/../../../../arm-none-eabi/lib/cortex-m7\libc.a(lib_a-assert.o)
                              C:\SAMV71x\app\01_scheduler_\SAMV71_Xplained_Ultra\Debug\pmc.o (__assert_func)
c:/isystem/winidea9/gcc/arm/bin/../lib/gcc/arm-none-eabi/4.9.3/../../../../arm-none-eabi/lib/cortex-m7\libc.a(lib_a-fiprintf.o)
                              c:/isystem/winidea9/gcc/arm/bin/../lib/gcc/arm-none-eabi/4.9.3/../../../../arm-none-eabi/lib/cortex-m7\libc.a(lib_a-assert.o) (fiprintf)
c:/isystem/winidea9/gcc/arm/bin/../lib/gcc/arm-none-eabi/4.9.3/../../../../arm-none-eabi/lib/cortex-m7\libc.a(lib_a-impure.o)
                              C:\SAMV71x\app\01_scheduler_\SAMV71_Xplained_Ultra\Debug\dbg_console.o (_impure_ptr)
c:/isystem/winidea9/gcc/arm/bin/../lib/gcc/arm-none-eabi/4.9.3/../../../../arm-none-eabi/lib/cortex-m7\libc.a(lib_a-printf.o)
                              C:\SAMV71x\app\01_scheduler_\SAMV71_Xplained_Ultra\Debug\syscalls.o (printf)
c:/isystem/winidea9/gcc/arm/bin/../lib/gcc/arm-none-eabi/4.9.3/../../../../arm-none-eabi/lib/cortex-m7\libc.a(lib_a-putchar.o)
                              C:\SAMV71x\app\01_scheduler_\SAMV71_Xplained_Ultra\Debug\dbg_console.o (putchar)
c:/isystem/winidea9/gcc/arm/bin/../lib/gcc/arm-none-eabi/4.9.3/../../../../arm-none-eabi/lib/cortex-m7\libc.a(lib_a-setvbuf.o)
                              C:\SAMV71x\app\01_scheduler_\SAMV71_Xplained_Ultra\Debug\dbg_console.o (setvbuf)
c:/isystem/winidea9/gcc/arm/bin/../lib/gcc/arm-none-eabi/4.9.3/../../../../arm-none-eabi/lib/cortex-m7\libc.a(lib_a-vfiprintf.o)
                              c:/isystem/winidea9/gcc/arm/bin/../lib/gcc/arm-none-eabi/4.9.3/../../../../arm-none-eabi/lib/cortex-m7\libc.a(lib_a-fiprintf.o) (_vfiprintf_r)
c:/isystem/winidea9/gcc/arm/bin/../lib/gcc/arm-none-eabi/4.9.3/../../../../arm-none-eabi/lib/cortex-m7\libc.a(lib_a-vfprintf.o)
                              c:/isystem/winidea9/gcc/arm/bin/../lib/gcc/arm-none-eabi/4.9.3/../../../../arm-none-eabi/lib/cortex-m7\libc.a(lib_a-printf.o) (_vfprintf_r)
c:/isystem/winidea9/gcc/arm/bin/../lib/gcc/arm-none-eabi/4.9.3/../../../../arm-none-eabi/lib/cortex-m7\libc.a(lib_a-wsetup.o)
                              c:/isystem/winidea9/gcc/arm/bin/../lib/gcc/arm-none-eabi/4.9.3/../../../../arm-none-eabi/lib/cortex-m7\libc.a(lib_a-vfiprintf.o) (__swsetup_r)
c:/isystem/winidea9/gcc/arm/bin/../lib/gcc/arm-none-eabi/4.9.3/../../../../arm-none-eabi/lib/cortex-m7\libc.a(lib_a-abort.o)
                              c:/isystem/winidea9/gcc/arm/bin/../lib/gcc/arm-none-eabi/4.9.3/../../../../arm-none-eabi/lib/cortex-m7\libc.a(lib_a-assert.o) (abort)
c:/isystem/winidea9/gcc/arm/bin/../lib/gcc/arm-none-eabi/4.9.3/../../../../arm-none-eabi/lib/cortex-m7\libc.a(lib_a-dtoa.o)
                              c:/isystem/winidea9/gcc/arm/bin/../lib/gcc/arm-none-eabi/4.9.3/../../../../arm-none-eabi/lib/cortex-m7\libc.a(lib_a-vfprintf.o) (_dtoa_r)
c:/isystem/winidea9/gcc/arm/bin/../lib/gcc/arm-none-eabi/4.9.3/../../../../arm-none-eabi/lib/cortex-m7\libc.a(lib_a-fflush.o)
                              c:/isystem/winidea9/gcc/arm/bin/../lib/gcc/arm-none-eabi/4.9.3/../../../../arm-none-eabi/lib/cortex-m7\libc.a(lib_a-setvbuf.o) (_fflush_r)
c:/isystem/winidea9/gcc/arm/bin/../lib/gcc/arm-none-eabi/4.9.3/../../../../arm-none-eabi/lib/cortex-m7\libc.a(lib_a-findfp.o)
                              c:/isystem/winidea9/gcc/arm/bin/../lib/gcc/arm-none-eabi/4.9.3/../../../../arm-none-eabi/lib/cortex-m7\libc.a(lib_a-setvbuf.o) (_cleanup_r)
c:/isystem/winidea9/gcc/arm/bin/../lib/gcc/arm-none-eabi/4.9.3/../../../../arm-none-eabi/lib/cortex-m7\libc.a(lib_a-fputwc.o)
                              c:/isystem/winidea9/gcc/arm/bin/../lib/gcc/arm-none-eabi/4.9.3/../../../../arm-none-eabi/lib/cortex-m7\libc.a(lib_a-vfiprintf.o) (_fputwc_r)
c:/isystem/winidea9/gcc/arm/bin/../lib/gcc/arm-none-eabi/4.9.3/../../../../arm-none-eabi/lib/cortex-m7\libc.a(lib_a-freer.o)
                              c:/isystem/winidea9/gcc/arm/bin/../lib/gcc/arm-none-eabi/4.9.3/../../../../arm-none-eabi/lib/cortex-m7\libc.a(lib_a-setvbuf.o) (_free_r)
c:/isystem/winidea9/gcc/arm/bin/../lib/gcc/arm-none-eabi/4.9.3/../../../../arm-none-eabi/lib/cortex-m7\libc.a(lib_a-fvwrite.o)
                              c:/isystem/winidea9/gcc/arm/bin/../lib/gcc/arm-none-eabi/4.9.3/../../../../arm-none-eabi/lib/cortex-m7\libc.a(lib_a-vfiprintf.o) (__sfvwrite_r)
c:/isystem/winidea9/gcc/arm/bin/../lib/gcc/arm-none-eabi/4.9.3/../../../../arm-none-eabi/lib/cortex-m7\libc.a(lib_a-fwalk.o)
                              c:/isystem/winidea9/gcc/arm/bin/../lib/gcc/arm-none-eabi/4.9.3/../../../../arm-none-eabi/lib/cortex-m7\libc.a(lib_a-findfp.o) (_fwalk)
c:/isystem/winidea9/gcc/arm/bin/../lib/gcc/arm-none-eabi/4.9.3/../../../../arm-none-eabi/lib/cortex-m7\libc.a(lib_a-locale.o)
[...]
Memory Configuration

Name             Origin             Length             Attributes
rom              0x00400000         0x00200000         xr
ram              0x20400000         0x00060000         xrw
sdram            0x70000000         0x00200000         xrw
*default*        0x00000000         0xffffffff

Linker script and memory map

LOAD C:\SAMV71x\app\01_scheduler_\SAMV71_Xplained_Ultra\Debug\main.o
LOAD C:\SAMV71x\app\01_scheduler_\SAMV71_Xplained_Ultra\Debug\system_sam.o
LOAD C:\SAMV71x\app\01_scheduler_\SAMV71_Xplained_Ultra\Debug\syscalls.o
LOAD C:\SAMV71x\app\01_scheduler_\SAMV71_Xplained_Ultra\Debug\app_scheduler.o
LOAD C:\SAMV71x\app\01_scheduler_\SAMV71_Xplained_Ultra\Debug\app_tasks.o
LOAD C:\SAMV71x\app\01_scheduler_\SAMV71_Xplained_Ultra\Debug\startup_sam.o
LOAD C:\SAMV71x\app\01_scheduler_\SAMV71_Xplained_Ultra\Debug\board_lowlevel.o
LOAD C:\SAMV71x\app\01_scheduler_\SAMV71_Xplained_Ultra\Debug\dbg_console.o
LOAD C:\SAMV71x\app\01_scheduler_\SAMV71_Xplained_Ultra\Debug\led.o
LOAD C:\SAMV71x\app\01_scheduler_\SAMV71_Xplained_Ultra\Debug\pmc.o
LOAD C:\SAMV71x\app\01_scheduler_\SAMV71_Xplained_Ultra\Debug\pio.o
LOAD C:\SAMV71x\app\01_scheduler_\SAMV71_Xplained_Ultra\Debug\mpu.o
LOAD C:\SAMV71x\app\01_scheduler_\SAMV71_Xplained_Ultra\Debug\exceptions.o
LOAD C:\SAMV71x\app\01_scheduler_\SAMV71_Xplained_Ultra\Debug\systick.o
LOAD C:\SAMV71x\app\01_scheduler_\SAMV71_Xplained_Ultra\Debug\wdt.o
LOAD C:\SAMV71x\app\01_scheduler_\SAMV71_Xplained_Ultra\Debug\led_ctrl.o
LOAD C:\SAMV71x\app\01_scheduler_\SAMV71_Xplained_Ultra\Debug\sw_ctrl.o
                0x00002000                STACK_SIZE = DEFINED (STACK_SIZE)?STACK_SIZE:0x2000
                0x00001000                HEAP_SIZE = DEFINED (HEAP_SIZE)?HEAP_SIZE:0x1000

.text           0x00400000     0x8dd0
                0x00400000                . = ALIGN (0x4)
                0x00400000                _sfixed = .
 *(.vectors .vectors.*)
 .vectors       0x00400000      0x140 C:\SAMV71x\app\01_scheduler_\SAMV71_Xplained_Ultra\Debug\startup_sam.o
                0x00400000                exception_table
 *(.text .text.* .gnu.linkonce.t.*)
 .text          0x00400140       0x58 C:\SAMV71x\app\01_scheduler_\SAMV71_Xplained_Ultra\Debug\main.o
                0x00400174                main
 .text          0x00400198      0x378 C:\SAMV71x\app\01_scheduler_\SAMV71_Xplained_Ultra\Debug\system_sam.o
                0x00400198                SystemInit
                0x004002a4                SystemCoreClockUpdate
                0x0040040c                system_init_flash
                0x004004a0                sysclk_enable_usb
                0x004004dc                sysclk_disable_usb
 .text          0x00400510      0x164 C:\SAMV71x\app\01_scheduler_\SAMV71_Xplained_Ultra\Debug\syscalls.o
                0x00400510                _sbrk
                0x00400550                link
                0x0040056c                _close
                0x00400584                _fstat
                0x004005a4                _isatty
                0x004005bc                _lseek
                0x004005d8                _read
                0x004005f4                _write
                0x00400630                _exit
                0x00400648                _kill
                0x00400660                _getpid
 .text          0x00400674      0x29c C:\SAMV71x\app\01_scheduler_\SAMV71_Xplained_Ultra\Debug\app_scheduler.o
                0x00400674                vfnScheduler_Init
                0x004006d0                vfnScheduler_Start
                0x004006f8                vfnScheduler_Stop
                0x00400710                vfnScheduler_TaskStart
                0x0040073c                vfnScheduler_TaskActivate
                0x00400760                vfnTask_Scheduler
                0x00400824                vfnScheduler_Callback
 .text          0x00400910       0x54 C:\SAMV71x\app\01_scheduler_\SAMV71_Xplained_Ultra\Debug\app_tasks.o
                0x00400910                TASKS_LIST_1MS
                0x0040091c                TASKS_LIST_2MS_A
                0x00400928                TASKS_LIST_2MS_B
                0x00400934                TASKS_LIST_10MS
                0x00400940                TASKS_LIST_50MS
                0x0040094c                TASKS_LIST_100MS
                0x00400958                TASKS_LIST_button
 .text          0x00400964       0xe0 C:\SAMV71x\app\01_scheduler_\SAMV71_Xplained_Ultra\Debug\startup_sam.o
                0x004009a4                Reset_Handler
                0x00400a3c                DebugMon_Handler
                0x00400a3c                UART3_Handler
                0x00400a3c                UART2_Handler
                0x00400a3c                TRNG_Handler
                0x00400a3c                TC2_Handler
                0x00400a3c                AFEC1_Handler
                0x00400a3c                PendSV_Handler
                0x00400a3c                TC7_Handler
                0x00400a3c                QSPI_Handler
                0x00400a3c                ISI_Handler
                0x00400a3c                TC9_Handler
                0x00400a3c                RSWDT_Handler
                0x00400a3c                MCAN1_Handler
                0x00400a3c                USART0_Handler
                0x00400a3c                RTT_Handler
                0x00400a3c                USBHS_Handler
                0x00400a3c                CCF_Handler
                0x00400a3c                PIOB_Handler
                0x00400a3c                RTC_Handler
                0x00400a3c                TC6_Handler
                0x00400a3c                WDT_Handler
                0x00400a3c                TC4_Handler
                0x00400a3c                TC1_Handler
                0x00400a3c                HSMCI_Handler
                0x00400a3c                UART1_Handler
                0x00400a3c                DACC_Handler
                0x00400a3c                TC3_Handler
                0x00400a3c                Dummy_Handler
                0x00400a3c                TWIHS1_Handler
                0x00400a3c                XDMAC_Handler
                0x00400a3c                UART4_Handler
                0x00400a3c                PWM1_Handler
                0x00400a3c                USART1_Handler
                0x00400a3c                PWM0_Handler
                0x00400a3c                PIOA_Handler
                0x00400a3c                AFEC0_Handler
                0x00400a3c                CCW_Handler
                0x00400a3c                TC11_Handler
                0x00400a3c                SSC_Handler
                0x00400a3c                ACC_Handler
                0x00400a3c                PMC_Handler
                0x00400a3c                GMAC_Handler
                0x00400a3c                SUPC_Handler
                0x00400a3c                SVC_Handler
                0x00400a3c                TC8_Handler
                0x00400a3c                GMACQ2_Handler
                0x00400a3c                EFC_Handler
                0x00400a3c                USART2_Handler
                0x00400a3c                SDRAMC_Handler
                0x00400a3c                PIOE_Handler
                0x00400a3c                SPI1_Handler
                0x00400a3c                MCAN0_Handler
                0x00400a3c                TC10_Handler
                0x00400a3c                PIOD_Handler
                0x00400a3c                TWIHS2_Handler
                0x00400a3c                MLB_Handler
                0x00400a3c                UART0_Handler
                0x00400a3c                GMACQ1_Handler
                0x00400a3c                PIOC_Handler
                0x00400a3c                MCAN1_Line1_Handler
                0x00400a3c                FPU_Handler
                0x00400a3c                RSTC_Handler
                0x00400a3c                MCAN0_Line1_Handler
                0x00400a3c                TC5_Handler
                0x00400a3c                AES_Handler
                0x00400a3c                ICM_Handler
                0x00400a3c                TWIHS0_Handler
                0x00400a3c                SPI0_Handler
 .text          0x00400a44      0x19c C:\SAMV71x\app\01_scheduler_\SAMV71_Xplained_Ultra\Debug\board_lowlevel.o
                0x00400a44                _SetupMemoryRegion
                0x00400bd0                LowLevelInit
 .text          0x00400be0      0x56c C:\SAMV71x\app\01_scheduler_\SAMV71_Xplained_Ultra\Debug\dbg_console.o
                0x00400be0                DBG_Configure
                0x00400c90                DBG_PutChar
                0x00400ce4                DBG_GetChar
                0x00400d28                DBG_IsRxReady
                0x00400d60                DBG_DumpFrame
                0x00400da4                DBG_DumpMemory
                0x00400f08                DBG_GetInteger
                0x00400fd8                DBG_GetIntegerMinMax
                0x00401038                DBG_GetHexa32
                0x004010e0                puts
                0x0040110c                gets
 .text          0x0040114c      0x168 C:\SAMV71x\app\01_scheduler_\SAMV71_Xplained_Ultra\Debug\led.o
                0x0040114c                LED_Configure
                0x00401184                LED_Set
                0x004011e8                LED_Clear
                0x0040124c                LED_Toggle
 .text          0x004012b4      0x76c C:\SAMV71x\app\01_scheduler_\SAMV71_Xplained_Ultra\Debug\pmc.o
                0x00401388                PMC_EnablePeripheral
                0x00401418                PMC_DisablePeripheral
                0x004014a8                PMC_EnableAllPeripherals
                0x004014e8                PMC_DisableAllPeripherals
                0x00401524                PMC_IsPeriphEnabled
                0x00401580                PMC_EnableExtOsc
                0x004015fc                PMC_DisableExtOsc
                0x00401638                PMC_SelectExtOsc
                0x004016a4                PMC_SelectExtBypassOsc
                0x00401710                PMC_EnableIntRC4_8_12MHz
                0x0040179c                PMC_DisableIntRC4_8_12MHz
                0x004017e0                PMC_SetPllaClock
                0x00401838                PMC_SetMckSelection
                0x0040187c                PMC_DisableAllClocks
                0x004018cc                PMC_ConfigureMckWithPlla
                0x00401904                PMC_EnableXT32KFME
                0x00401930                PMC_ConfigurePCK0
                0x00401980                PMC_ConfigurePCK1
                0x004019d0                PMC_ConfigurePCK2
 .text          0x00401a20      0x540 C:\SAMV71x\app\01_scheduler_\SAMV71_Xplained_Ultra\Debug\pio.o
                0x00401c90                PIO_Configure
                0x00401df4                PIO_Set
                0x00401e10                PIO_Clear
                0x00401e2c                PIO_Get
                0x00401e74                PIO_GetOutputDataStatus
                0x00401ea0                PIO_SetDebounceFilter
                0x00401edc                PIO_EnableWriteProtect
                0x00401f00                PIO_DisableWriteProtect
                0x00401f24                PIO_GetWriteProtectViolationInfo
                0x00401f44                PIO_SetPinType
 .text          0x00401f60       0xf0 C:\SAMV71x\app\01_scheduler_\SAMV71_Xplained_Ultra\Debug\mpu.o
                0x00401f60                MPU_Enable
                0x00401f7c                MPU_SetRegionNum
                0x00401f98                MPU_DisableRegion
                0x00401fb4                MPU_SetRegion
                0x00401fd8                MPU_CalMPURegionSize
                0x00402018                MPU_UpdateRegions
 .text          0x00402050       0xe8 C:\SAMV71x\app\01_scheduler_\SAMV71_Xplained_Ultra\Debug\exceptions.o
                0x00402050                NMI_Handler
                0x004020d8                HardFault_Handler
                0x004020ec                MemManage_Handler
                0x00402104                BusFault_Handler
                0x00402120                UsageFault_Handler
 .text          0x00402138       0xe8 C:\SAMV71x\app\01_scheduler_\SAMV71_Xplained_Ultra\Debug\systick.o
                0x004021d0                sysTick_init
                0x00402208                SysTick_Handler
 .text          0x00402220       0xa8 C:\SAMV71x\app\01_scheduler_\SAMV71_Xplained_Ultra\Debug\wdt.o
                0x00402220                WDT_Enable
                0x0040223c                WDT_Disable
                0x00402258                WDT_Restart
                0x00402274                WDT_GetStatus
                0x00402290                WDT_GetPeriod
 .text          0x004022c8       0xa4 C:\SAMV71x\app\01_scheduler_\SAMV71_Xplained_Ultra\Debug\led_ctrl.o
                0x004022c8                vfnLedCtrl_Configure
                0x004022dc                vfnLedCtrl_BlinkingPattern
                0x00402354                vfnLed_1_off
                0x00402360                vfnLed_1_on
 .text          0x0040236c      0x114 C:\SAMV71x\app\01_scheduler_\SAMV71_Xplained_Ultra\Debug\sw_ctrl.o
                0x0040236c                ProcessButtonEvt
                0x00402448                TC0_Handler
 .text.__assert_func
                0x00402480       0x3c c:/isystem/winidea9/gcc/arm/bin/../lib/gcc/arm-none-eabi/4.9.3/../../../../arm-none-eabi/lib/cortex-m7\libc.a(lib_a-assert.o)
                0x00402480                __assert_func
 .text.fiprintf
                0x004024bc       0x28 c:/isystem/winidea9/gcc/arm/bin/../lib/gcc/arm-none-eabi/4.9.3/../../../../arm-none-eabi/lib/cortex-m7\libc.a(lib_a-fiprintf.o)
                0x004024bc                fiprintf
 .text.printf   0x004024e4       0x28 c:/isystem/winidea9/gcc/arm/bin/../lib/gcc/arm-none-eabi/4.9.3/../../../../arm-none-eabi/lib/cortex-m7\libc.a(lib_a-printf.o)
                0x004024e4                printf
 .text.putchar  0x0040250c       0x10 c:/isystem/winidea9/gcc/arm/bin/../lib/gcc/arm-none-eabi/4.9.3/../../../../arm-none-eabi/lib/cortex-m7\libc.a(lib_a-putchar.o)
                0x0040250c                putchar
 .text.setvbuf  0x0040251c       0xfc c:/isystem/winidea9/gcc/arm/bin/../lib/gcc/arm-none-eabi/4.9.3/../../../../arm-none-eabi/lib/cortex-m7\libc.a(lib_a-setvbuf.o)
                0x0040251c                setvbuf
 .text.__sprint_r.part.0
                0x00402618       0x78 c:/isystem/winidea9/gcc/arm/bin/../lib/gcc/arm-none-eabi/4.9.3/../../../../arm-none-eabi/lib/cortex-m7\libc.a(lib_a-vfiprintf.o)
 .text.__sprint_r
                0x00402690       0x18 c:/isystem/winidea9/gcc/arm/bin/../lib/gcc/arm-none-eabi/4.9.3/../../../../arm-none-eabi/lib/cortex-m7\libc.a(lib_a-vfiprintf.o)
                0x00402690                __sprint_r
 .text._vfiprintf_r
                0x004026a8      0xbf4 c:/isystem/winidea9/gcc/arm/bin/../lib/gcc/arm-none-eabi/4.9.3/../../../../arm-none-eabi/lib/cortex-m7\libc.a(lib_a-vfiprintf.o)
                0x004026a8                _vfiprintf_r
 .text.__sbprintf
                0x0040329c       0x80 c:/isystem/winidea9/gcc/arm/bin/../lib/gcc/arm-none-eabi/4.9.3/../../../../arm-none-eabi/lib/cortex-m7\libc.a(lib_a-vfiprintf.o)
 .text._vfprintf_r
                0x0040331c     0x1554 c:/isystem/winidea9/gcc/arm/bin/../lib/gcc/arm-none-eabi/4.9.3/../../../../arm-none-eabi/lib/cortex-m7\libc.a(lib_a-vfprintf.o)
                0x0040331c                _vfprintf_r
 .text.__sbprintf
                0x00404870       0x80 c:/isystem/winidea9/gcc/arm/bin/../lib/gcc/arm-none-eabi/4.9.3/../../../../arm-none-eabi/lib/cortex-m7\libc.a(lib_a-vfprintf.o)
 .text.__swsetup_r
                0x004048f0       0xc4 c:/isystem/winidea9/gcc/arm/bin/../lib/gcc/arm-none-eabi/4.9.3/../../../../arm-none-eabi/lib/cortex-m7\libc.a(lib_a-wsetup.o)
                0x004048f0                __swsetup_r
 .text.abort    0x004049b4       0x10 c:/isystem/winidea9/gcc/arm/bin/../lib/gcc/arm-none-eabi/4.9.3/../../../../arm-none-eabi/lib/cortex-m7\libc.a(lib_a-abort.o)
                0x004049b4                abort
 .text.quorem   0x004049c4      0x140 c:/isystem/winidea9/gcc/arm/bin/../lib/gcc/arm-none-eabi/4.9.3/../../../../arm-none-eabi/lib/cortex-m7\libc.a(lib_a-dtoa.o)
 *fill*         0x00404b04        0x4 
 .text._dtoa_r  0x00404b08      0xee8 c:/isystem/winidea9/gcc/arm/bin/../lib/gcc/arm-none-eabi/4.9.3/../../../../arm-none-eabi/lib/cortex-m7\libc.a(lib_a-dtoa.o)
                0x00404b08                _dtoa_r
 .text.__sflush_r
                0x004059f0      0x148 c:/isystem/winidea9/gcc/arm/bin/../lib/gcc/arm-none-eabi/4.9.3/../../../../arm-none-eabi/lib/cortex-m7\libc.a(lib_a-fflush.o)
                0x004059f0                __sflush_r
 .text._fflush_r
                0x00405b38       0x2c c:/isystem/winidea9/gcc/arm/bin/../lib/gcc/arm-none-eabi/4.9.3/../../../../arm-none-eabi/lib/cortex-m7\libc.a(lib_a-fflush.o)
                0x00405b38                _fflush_r
 .text._cleanup_r
                0x00405b64        0xc c:/isystem/winidea9/gcc/arm/bin/../lib/gcc/arm-none-eabi/4.9.3/../../../../arm-none-eabi/lib/cortex-m7\libc.a(lib_a-findfp.o)
                0x00405b64                _cleanup_r
 .text.__sinit.part.1
                0x00405b70       0xfc c:/isystem/winidea9/gcc/arm/bin/../lib/gcc/arm-none-eabi/4.9.3/../../../../arm-none-eabi/lib/cortex-m7\libc.a(lib_a-findfp.o)
 .text.__sinit  0x00405c6c        0xc c:/isystem/winidea9/gcc/arm/bin/../lib/gcc/arm-none-eabi/4.9.3/../../../../arm-none-eabi/lib/cortex-m7\libc.a(lib_a-findfp.o)
                0x00405c6c                __sinit
 .text.__sfp_lock_acquire
                0x00405c78        0x4 c:/isystem/winidea9/gcc/arm/bin/../lib/gcc/arm-none-eabi/4.9.3/../../../../arm-none-eabi/lib/cortex-m7\libc.a(lib_a-findfp.o)
                0x00405c78                __sfp_lock_acquire
 .text.__sfp_lock_release
                0x00405c7c        0x4 c:/isystem/winidea9/gcc/arm/bin/../lib/gcc/arm-none-eabi/4.9.3/../../../../arm-none-eabi/lib/cortex-m7\libc.a(lib_a-findfp.o)
                0x00405c7c                __sfp_lock_release
 .text.__fputwc
                0x00405c80       0xb0 c:/isystem/winidea9/gcc/arm/bin/../lib/gcc/arm-none-eabi/4.9.3/../../../../arm-none-eabi/lib/cortex-m7\libc.a(lib_a-fputwc.o)
                0x00405c80                __fputwc
 .text._fputwc_r
                0x00405d30       0x24 c:/isystem/winidea9/gcc/arm/bin/../lib/gcc/arm-none-eabi/4.9.3/../../../../arm-none-eabi/lib/cortex-m7\libc.a(lib_a-fputwc.o)
                0x00405d30                _fputwc_r
 .text._malloc_trim_r
                0x00405d54       0x9c c:/isystem/winidea9/gcc/arm/bin/../lib/gcc/arm-none-eabi/4.9.3/../../../../arm-none-eabi/lib/cortex-m7\libc.a(lib_a-freer.o)
                0x00405d54                _malloc_trim_r
 .text._free_r  0x00405df0      0x1b0 c:/isystem/winidea9/gcc/arm/bin/../lib/gcc/arm-none-eabi/4.9.3/../../../../arm-none-eabi/lib/cortex-m7\libc.a(lib_a-freer.o)
                0x00405df0                _free_r
 .text.__sfvwrite_r
                0x00405fa0      0x324 c:/isystem/winidea9/gcc/arm/bin/../lib/gcc/arm-none-eabi/4.9.3/../../../../arm-none-eabi/lib/cortex-m7\libc.a(lib_a-fvwrite.o)
                0x00405fa0                __sfvwrite_r
 .text._fwalk_reent
                0x004062c4       0x50 c:/isystem/winidea9/gcc/arm/bin/../lib/gcc/arm-none-eabi/4.9.3/../../../../arm-none-eabi/lib/cortex-m7\libc.a(lib_a-fwalk.o)
                0x004062c4                _fwalk_reent
 .text.__locale_charset
                0x00406314        0x8 c:/isystem/winidea9/gcc/arm/bin/../lib/gcc/arm-none-eabi/4.9.3/../../../../arm-none-eabi/lib/cortex-m7\libc.a(lib_a-locale.o)
                0x00406314                __locale_charset
 .text.__locale_mb_cur_max
                0x0040631c        0xc c:/isystem/winidea9/gcc/arm/bin/../lib/gcc/arm-none-eabi/4.9.3/../../../../arm-none-eabi/lib/cortex-m7\libc.a(lib_a-locale.o)
                0x0040631c                __locale_mb_cur_max
 .text._localeconv_r
                0x00406328        0x8 c:/isystem/winidea9/gcc/arm/bin/../lib/gcc/arm-none-eabi/4.9.3/../../../../arm-none-eabi/lib/cortex-m7\libc.a(lib_a-locale.o)
                0x00406328                _localeconv_r
 .text.__smakebuf_r
                0x00406330       0xe4 c:/isystem/winidea9/gcc/arm/bin/../lib/gcc/arm-none-eabi/4.9.3/../../../../arm-none-eabi/lib/cortex-m7\libc.a(lib_a-makebuf.o)
                0x00406330                __smakebuf_r
 .text.malloc   0x00406414       0x10 c:/isystem/winidea9/gcc/arm/bin/../lib/gcc/arm-none-eabi/4.9.3/../../../../arm-none-eabi/lib/cortex-m7\libc.a(lib_a-malloc.o)
                0x00406414                malloc
 .text._malloc_r
                0x00406424      0x558 c:/isystem/winidea9/gcc/arm/bin/../lib/gcc/arm-none-eabi/4.9.3/../../../../arm-none-eabi/lib/cortex-m7\libc.a(lib_a-mallocr.o)
                0x00406424                _malloc_r
 .text.memchr   0x0040697c       0x90 c:/isystem/winidea9/gcc/arm/bin/../lib/gcc/arm-none-eabi/4.9.3/../../../../arm-none-eabi/lib/cortex-m7\libc.a(lib_a-memchr.o)
                0x0040697c                memchr
 .text          0x00406a0c      0x134 c:/isystem/winidea9/gcc/arm/bin/../lib/gcc/arm-none-eabi/4.9.3/../../../../arm-none-eabi/lib/cortex-m7\libc.a(lib_a-memcpy.o)
                0x00406a0c                memcpy
 .text.memmove  0x00406b40       0xc4 c:/isystem/winidea9/gcc/arm/bin/../lib/gcc/arm-none-eabi/4.9.3/../../../../arm-none-eabi/lib/cortex-m7\libc.a(lib_a-memmove.o)
                0x00406b40                memmove
 .text.memset   0x00406c04       0xa0 c:/isystem/winidea9/gcc/arm/bin/../lib/gcc/arm-none-eabi/4.9.3/../../../../arm-none-eabi/lib/cortex-m7\libc.a(lib_a-memset.o)
                0x00406c04                memset
 .text.__malloc_lock
                0x00406ca4        0x4 c:/isystem/winidea9/gcc/arm/bin/../lib/gcc/arm-none-eabi/4.9.3/../../../../arm-none-eabi/lib/cortex-m7\libc.a(lib_a-mlock.o)
                0x00406ca4                __malloc_lock
 .text.__malloc_unlock
                0x00406ca8        0x4 c:/isystem/winidea9/gcc/arm/bin/../lib/gcc/arm-none-eabi/4.9.3/../../../../arm-none-eabi/lib/cortex-m7\libc.a(lib_a-mlock.o)
                0x00406ca8                __malloc_unlock
 .text._Balloc  0x00406cac       0x50 c:/isystem/winidea9/gcc/arm/bin/../lib/gcc/arm-none-eabi/4.9.3/../../../../arm-none-eabi/lib/cortex-m7\libc.a(lib_a-mprec.o)
                0x00406cac                _Balloc
 .text._Bfree   0x00406cfc       0x14 c:/isystem/winidea9/gcc/arm/bin/../lib/gcc/arm-none-eabi/4.9.3/../../../../arm-none-eabi/lib/cortex-m7\libc.a(lib_a-mprec.o)
                0x00406cfc                _Bfree
 .text.__multadd
                0x00406d10       0x84 c:/isystem/winidea9/gcc/arm/bin/../lib/gcc/arm-none-eabi/4.9.3/../../../../arm-none-eabi/lib/cortex-m7\libc.a(lib_a-mprec.o)
                0x00406d10                __multadd
 .text.__hi0bits
                0x00406d94       0x44 c:/isystem/winidea9/gcc/arm/bin/../lib/gcc/arm-none-eabi/4.9.3/../../../../arm-none-eabi/lib/cortex-m7\libc.a(lib_a-mprec.o)
                0x00406d94                __hi0bits
 .text.__lo0bits
                0x00406dd8       0x64 c:/isystem/winidea9/gcc/arm/bin/../lib/gcc/arm-none-eabi/4.9.3/../../../../arm-none-eabi/lib/cortex-m7\libc.a(lib_a-mprec.o)
                0x00406dd8                __lo0bits
 .text.__i2b    0x00406e3c       0x14 c:/isystem/winidea9/gcc/arm/bin/../lib/gcc/arm-none-eabi/4.9.3/../../../../arm-none-eabi/lib/cortex-m7\libc.a(lib_a-mprec.o)
                0x00406e3c                __i2b
 .text.__multiply
                0x00406e50      0x144 c:/isystem/winidea9/gcc/arm/bin/../lib/gcc/arm-none-eabi/4.9.3/../../../../arm-none-eabi/lib/cortex-m7\libc.a(lib_a-mprec.o)
                0x00406e50                __multiply
 .text.__pow5mult
                0x00406f94       0xa0 c:/isystem/winidea9/gcc/arm/bin/../lib/gcc/arm-none-eabi/4.9.3/../../../../arm-none-eabi/lib/cortex-m7\libc.a(lib_a-mprec.o)
                0x00406f94                __pow5mult
 .text.__lshift
                0x00407034       0xb4 c:/isystem/winidea9/gcc/arm/bin/../lib/gcc/arm-none-eabi/4.9.3/../../../../arm-none-eabi/lib/cortex-m7\libc.a(lib_a-mprec.o)
                0x00407034                __lshift
 .text.__mcmp   0x004070e8       0x48 c:/isystem/winidea9/gcc/arm/bin/../lib/gcc/arm-none-eabi/4.9.3/../../../../arm-none-eabi/lib/cortex-m7\libc.a(lib_a-mprec.o)
                0x004070e8                __mcmp
 .text.__mdiff  0x00407130       0xe4 c:/isystem/winidea9/gcc/arm/bin/../lib/gcc/arm-none-eabi/4.9.3/../../../../arm-none-eabi/lib/cortex-m7\libc.a(lib_a-mprec.o)
                0x00407130                __mdiff
 .text.__d2b    0x00407214       0xb0 c:/isystem/winidea9/gcc/arm/bin/../lib/gcc/arm-none-eabi/4.9.3/../../../../arm-none-eabi/lib/cortex-m7\libc.a(lib_a-mprec.o)
                0x00407214                __d2b
 .text._putc_r  0x004072c4       0x58 c:/isystem/winidea9/gcc/arm/bin/../lib/gcc/arm-none-eabi/4.9.3/../../../../arm-none-eabi/lib/cortex-m7\libc.a(lib_a-putc.o)
                0x004072c4                _putc_r
 .text._realloc_r
                0x0040731c      0x3f0 c:/isystem/winidea9/gcc/arm/bin/../lib/gcc/arm-none-eabi/4.9.3/../../../../arm-none-eabi/lib/cortex-m7\libc.a(lib_a-reallocr.o)
                0x0040731c                _realloc_r
 .text.__fpclassifyd
                0x0040770c       0x44 c:/isystem/winidea9/gcc/arm/bin/../lib/gcc/arm-none-eabi/4.9.3/../../../../arm-none-eabi/lib/cortex-m7\libc.a(lib_a-s_fpclassify.o)
                0x0040770c                __fpclassifyd
 .text._sbrk_r  0x00407750       0x24 c:/isystem/winidea9/gcc/arm/bin/../lib/gcc/arm-none-eabi/4.9.3/../../../../arm-none-eabi/lib/cortex-m7\libc.a(lib_a-sbrkr.o)
                0x00407750                _sbrk_r
 .text._raise_r
                0x00407774       0x58 c:/isystem/winidea9/gcc/arm/bin/../lib/gcc/arm-none-eabi/4.9.3/../../../../arm-none-eabi/lib/cortex-m7\libc.a(lib_a-signal.o)
                0x00407774                _raise_r
 .text.raise    0x004077cc       0x10 c:/isystem/winidea9/gcc/arm/bin/../lib/gcc/arm-none-eabi/4.9.3/../../../../arm-none-eabi/lib/cortex-m7\libc.a(lib_a-signal.o)
                0x004077cc                raise
 .text._kill_r  0x004077dc       0x28 c:/isystem/winidea9/gcc/arm/bin/../lib/gcc/arm-none-eabi/4.9.3/../../../../arm-none-eabi/lib/cortex-m7\libc.a(lib_a-signalr.o)
                0x004077dc                _kill_r
 .text._getpid_r
                0x00407804        0x4 c:/isystem/winidea9/gcc/arm/bin/../lib/gcc/arm-none-eabi/4.9.3/../../../../arm-none-eabi/lib/cortex-m7\libc.a(lib_a-signalr.o)
                0x00407804                _getpid_r
 .text.__sread  0x00407808       0x24 c:/isystem/winidea9/gcc/arm/bin/../lib/gcc/arm-none-eabi/4.9.3/../../../../arm-none-eabi/lib/cortex-m7\libc.a(lib_a-stdio.o)
                0x00407808                __sread
 .text.__swrite
                0x0040782c       0x38 c:/isystem/winidea9/gcc/arm/bin/../lib/gcc/arm-none-eabi/4.9.3/../../../../arm-none-eabi/lib/cortex-m7\libc.a(lib_a-stdio.o)
                0x0040782c                __swrite
 .text.__sseek  0x00407864       0x24 c:/isystem/winidea9/gcc/arm/bin/../lib/gcc/arm-none-eabi/4.9.3/../../../../arm-none-eabi/lib/cortex-m7\libc.a(lib_a-stdio.o)
                0x00407864                __sseek
 .text.__sclose
                0x00407888        0x8 c:/isystem/winidea9/gcc/arm/bin/../lib/gcc/arm-none-eabi/4.9.3/../../../../arm-none-eabi/lib/cortex-m7\libc.a(lib_a-stdio.o)
                0x00407888                __sclose
 .text.strlen   0x00407890       0x5c c:/isystem/winidea9/gcc/arm/bin/../lib/gcc/arm-none-eabi/4.9.3/../../../../arm-none-eabi/lib/cortex-m7\libc.a(lib_a-strlen.o)
                0x00407890                strlen
 .text.__swbuf_r
                0x004078ec       0xa8 c:/isystem/winidea9/gcc/arm/bin/../lib/gcc/arm-none-eabi/4.9.3/../../../../arm-none-eabi/lib/cortex-m7\libc.a(lib_a-wbuf.o)
                0x004078ec                __swbuf_r
 .text._wcrtomb_r
                0x00407994       0x54 c:/isystem/winidea9/gcc/arm/bin/../lib/gcc/arm-none-eabi/4.9.3/../../../../arm-none-eabi/lib/cortex-m7\libc.a(lib_a-wcrtomb.o)
                0x00407994                _wcrtomb_r
 .text.__ascii_wctomb
                0x004079e8       0x18 c:/isystem/winidea9/gcc/arm/bin/../lib/gcc/arm-none-eabi/4.9.3/../../../../arm-none-eabi/lib/cortex-m7\libc.a(lib_a-wctomb_r.o)
                0x004079e8                __ascii_wctomb
 .text._write_r
                0x00407a00       0x28 c:/isystem/winidea9/gcc/arm/bin/../lib/gcc/arm-none-eabi/4.9.3/../../../../arm-none-eabi/lib/cortex-m7\libc.a(lib_a-writer.o)
                0x00407a00                _write_r
 .text._calloc_r
                0x00407a28       0x60 c:/isystem/winidea9/gcc/arm/bin/../lib/gcc/arm-none-eabi/4.9.3/../../../../arm-none-eabi/lib/cortex-m7\libc.a(lib_a-callocr.o)
                0x00407a28                _calloc_r
 .text._close_r
                0x00407a88       0x24 c:/isystem/winidea9/gcc/arm/bin/../lib/gcc/arm-none-eabi/4.9.3/../../../../arm-none-eabi/lib/cortex-m7\libc.a(lib_a-closer.o)
                0x00407a88                _close_r
 .text._fclose_r
                0x00407aac       0x84 c:/isystem/winidea9/gcc/arm/bin/../lib/gcc/arm-none-eabi/4.9.3/../../../../arm-none-eabi/lib/cortex-m7\libc.a(lib_a-fclose.o)
                0x00407aac                _fclose_r
 .text._fstat_r
                0x00407b30       0x28 c:/isystem/winidea9/gcc/arm/bin/../lib/gcc/arm-none-eabi/4.9.3/../../../../arm-none-eabi/lib/cortex-m7\libc.a(lib_a-fstatr.o)
                0x00407b30                _fstat_r
 .text._isatty_r
                0x00407b58       0x24 c:/isystem/winidea9/gcc/arm/bin/../lib/gcc/arm-none-eabi/4.9.3/../../../../arm-none-eabi/lib/cortex-m7\libc.a(lib_a-isattyr.o)
                0x00407b58                _isatty_r
 .text._lseek_r
                0x00407b7c       0x28 c:/isystem/winidea9/gcc/arm/bin/../lib/gcc/arm-none-eabi/4.9.3/../../../../arm-none-eabi/lib/cortex-m7\libc.a(lib_a-lseekr.o)
                0x00407b7c                _lseek_r
 .text._read_r  0x00407ba4       0x28 c:/isystem/winidea9/gcc/arm/bin/../lib/gcc/arm-none-eabi/4.9.3/../../../../arm-none-eabi/lib/cortex-m7\libc.a(lib_a-readr.o)
                0x00407ba4                _read_r
 .text          0x00407bcc      0x370 c:/isystem/winidea9/gcc/arm/bin/../lib/gcc/arm-none-eabi/4.9.3/cortex-m7\libgcc.a(_arm_addsubdf3.o)
                0x00407bcc                __aeabi_drsub
                0x00407bd4                __aeabi_dsub
                0x00407bd4                __subdf3
                0x00407bd8                __aeabi_dadd
                0x00407bd8                __adddf3
                0x00407e50                __floatunsidf
                0x00407e50                __aeabi_ui2d
                0x00407e70                __floatsidf
                0x00407e70                __aeabi_i2d
                0x00407e94                __aeabi_f2d
                0x00407e94                __extendsfdf2
                0x00407ed0                __floatundidf
                0x00407ed0                __aeabi_ul2d
                0x00407ee0                __floatdidf
                0x00407ee0                __aeabi_l2d
 .text          0x00407f3c      0x424 c:/isystem/winidea9/gcc/arm/bin/../lib/gcc/arm-none-eabi/4.9.3/cortex-m7\libgcc.a(_arm_muldivdf3.o)
                0x00407f3c                __aeabi_dmul
                0x00407f3c                __muldf3
                0x00408190                __divdf3
                0x00408190                __aeabi_ddiv
 .text          0x00408360      0x110 c:/isystem/winidea9/gcc/arm/bin/../lib/gcc/arm-none-eabi/4.9.3/cortex-m7\libgcc.a(_arm_cmpdf2.o)
                0x00408360                __gtdf2
                0x00408360                __gedf2
                0x00408368                __ltdf2
                0x00408368                __ledf2
                0x00408370                __nedf2
                0x00408370                __eqdf2
                0x00408370                __cmpdf2
                0x004083ec                __aeabi_cdrcmple
                0x004083fc                __aeabi_cdcmpeq
                0x004083fc                __aeabi_cdcmple
                0x0040840c                __aeabi_dcmpeq
                0x00408420                __aeabi_dcmplt
                0x00408434                __aeabi_dcmple
                0x00408448                __aeabi_dcmpge
                0x0040845c                __aeabi_dcmpgt
 .text          0x00408470       0x50 c:/isystem/winidea9/gcc/arm/bin/../lib/gcc/arm-none-eabi/4.9.3/cortex-m7\libgcc.a(_arm_fixdfsi.o)
                0x00408470                __aeabi_d2iz
                0x00408470                __fixdfsi
 .text          0x004084c0       0x30 c:/isystem/winidea9/gcc/arm/bin/../lib/gcc/arm-none-eabi/4.9.3/cortex-m7\libgcc.a(_aeabi_uldivmod.o)
                0x004084c0                __aeabi_uldivmod
 .text          0x004084f0       0x60 c:/isystem/winidea9/gcc/arm/bin/../lib/gcc/arm-none-eabi/4.9.3/cortex-m7\libgcc.a(bpabi.o)
                0x004084f0                __gnu_ldivmod_helper
                0x00408520                __gnu_uldivmod_helper
 .text          0x00408550        0x4 c:/isystem/winidea9/gcc/arm/bin/../lib/gcc/arm-none-eabi/4.9.3/cortex-m7\libgcc.a(_dvmd_tls.o)
                0x00408550                __aeabi_idiv0
                0x00408550                __aeabi_ldiv0
 .text          0x00408554      0x284 c:/isystem/winidea9/gcc/arm/bin/../lib/gcc/arm-none-eabi/4.9.3/cortex-m7\libgcc.a(_divdi3.o)
                0x00408554                __divdi3
 .text          0x004087d8      0x248 c:/isystem/winidea9/gcc/arm/bin/../lib/gcc/arm-none-eabi/4.9.3/cortex-m7\libgcc.a(_udivdi3.o)
                0x004087d8                __udivdi3
 *(.glue_7t)
 .glue_7t       0x00000000        0x0 linker stubs
 *(.glue_7)
 .glue_7        0x00000000        0x0 linker stubs
 *(.rodata .rodata* .gnu.linkonce.r.*)
 .rodata        0x00408a20       0x19 C:\SAMV71x\app\01_scheduler_\SAMV71_Xplained_Ultra\Debug\syscalls.o
 *fill*         0x00408a39        0x3 
 .rodata        0x00408a3c       0xf7 C:\SAMV71x\app\01_scheduler_\SAMV71_Xplained_Ultra\Debug\dbg_console.o
 *fill*         0x00408b33        0x1 
 .rodata        0x00408b34       0x1c C:\SAMV71x\app\01_scheduler_\SAMV71_Xplained_Ultra\Debug\led.o
 .rodata        0x00408b50       0x94 C:\SAMV71x\app\01_scheduler_\SAMV71_Xplained_Ultra\Debug\pmc.o
 .rodata        0x00408be4        0x3 C:\SAMV71x\app\01_scheduler_\SAMV71_Xplained_Ultra\Debug\sw_ctrl.o
 *fill*         0x00408be7        0x1 
 .rodata.str1.4
                0x00408be8       0x3f c:/isystem/winidea9/gcc/arm/bin/../lib/gcc/arm-none-eabi/4.9.3/../../../../arm-none-eabi/lib/cortex-m7\libc.a(lib_a-assert.o)
                                 0x43 (size before relaxing)
 *fill*         0x00408c27        0x1 
 .rodata.str1.4
                0x00408c28        0x2 c:/isystem/winidea9/gcc/arm/bin/../lib/gcc/arm-none-eabi/4.9.3/../../../../arm-none-eabi/lib/cortex-m7\libc.a(lib_a-impure.o)
 *fill*         0x00408c2a        0x2 
 .rodata.zeroes.6869
                0x00408c2c       0x10 c:/isystem/winidea9/gcc/arm/bin/../lib/gcc/arm-none-eabi/4.9.3/../../../../arm-none-eabi/lib/cortex-m7\libc.a(lib_a-vfiprintf.o)
 .rodata.str1.4
                0x00408c3c       0x2f c:/isystem/winidea9/gcc/arm/bin/../lib/gcc/arm-none-eabi/4.9.3/../../../../arm-none-eabi/lib/cortex-m7\libc.a(lib_a-vfiprintf.o)
 *fill*         0x00408c6b        0x1 
 .rodata.blanks.6868
                0x00408c6c       0x10 c:/isystem/winidea9/gcc/arm/bin/../lib/gcc/arm-none-eabi/4.9.3/../../../../arm-none-eabi/lib/cortex-m7\libc.a(lib_a-vfiprintf.o)
 .rodata.zeroes.6926
                0x00408c7c       0x10 c:/isystem/winidea9/gcc/arm/bin/../lib/gcc/arm-none-eabi/4.9.3/../../../../arm-none-eabi/lib/cortex-m7\libc.a(lib_a-vfprintf.o)
 .rodata.str1.4
                0x00408c8c       0x12 c:/isystem/winidea9/gcc/arm/bin/../lib/gcc/arm-none-eabi/4.9.3/../../../../arm-none-eabi/lib/cortex-m7\libc.a(lib_a-vfprintf.o)
                                 0x42 (size before relaxing)
 *fill*         0x00408c9e        0x2 
 .rodata.blanks.6925
                0x00408ca0       0x10 c:/isystem/winidea9/gcc/arm/bin/../lib/gcc/arm-none-eabi/4.9.3/../../../../arm-none-eabi/lib/cortex-m7\libc.a(lib_a-vfprintf.o)
 .rodata.str1.4
                0x00408cb0       0x10 c:/isystem/winidea9/gcc/arm/bin/../lib/gcc/arm-none-eabi/4.9.3/../../../../arm-none-eabi/lib/cortex-m7\libc.a(lib_a-dtoa.o)
                                 0x12 (size before relaxing)
 .rodata.str1.4
                0x00408cc0        0xc c:/isystem/winidea9/gcc/arm/bin/../lib/gcc/arm-none-eabi/4.9.3/../../../../arm-none-eabi/lib/cortex-m7\libc.a(lib_a-locale.o)
                                 0x12 (size before relaxing)
 *fill*         0x00408ccc        0x4 
 .rodata.__mprec_tens
                0x00408cd0       0xc8 c:/isystem/winidea9/gcc/arm/bin/../lib/gcc/arm-none-eabi/4.9.3/../../../../arm-none-eabi/lib/cortex-m7\libc.a(lib_a-mprec.o)
                0x00408cd0                __mprec_tens
 .rodata.p05.5302
                0x00408d98        0xc c:/isystem/winidea9/gcc/arm/bin/../lib/gcc/arm-none-eabi/4.9.3/../../../../arm-none-eabi/lib/cortex-m7\libc.a(lib_a-mprec.o)
 *fill*         0x00408da4        0x4 
 .rodata.__mprec_bigtens
                0x00408da8       0x28 c:/isystem/winidea9/gcc/arm/bin/../lib/gcc/arm-none-eabi/4.9.3/../../../../arm-none-eabi/lib/cortex-m7\libc.a(lib_a-mprec.o)
                0x00408da8                __mprec_bigtens
 *(.ARM.extab* .gnu.linkonce.armextab.*)
                0x00408dd0                . = ALIGN (0x4)
 *(.init)
                0x00408dd0                . = ALIGN (0x4)
                0x00408dd0                __preinit_array_start = .
 *(.preinit_array)
                0x00408dd0                __preinit_array_end = .
                0x00408dd0                . = ALIGN (0x4)
                0x00408dd0                __init_array_start = .
 *(SORT(.init_array.*))
 *(.init_array)
                0x00408dd0                __init_array_end = .
                0x00408dd0                . = ALIGN (0x4)
 *crtbegin.o(.ctors)
 *(EXCLUDE_FILE(*crtend.o) .ctors)
 *(SORT(.ctors.*))
 *crtend.o(.ctors)
                0x00408dd0                . = ALIGN (0x4)
 *(.fini)
                0x00408dd0                . = ALIGN (0x4)
                0x00408dd0                __fini_array_start = .
 *(.fini_array)
 *(SORT(.fini_array.*))
                0x00408dd0                __fini_array_end = .
 *crtbegin.o(.dtors)
 *(EXCLUDE_FILE(*crtend.o) .dtors)
 *(SORT(.dtors.*))
 *crtend.o(.dtors)
                0x00408dd0                . = ALIGN (0x4)
                0x00408dd0                _efixed = .
                0x00408dd0                PROVIDE (__exidx_start, .)

.vfp11_veneer   0x00408dd0        0x0
 .vfp11_veneer  0x00000000        0x0 linker stubs

.v4_bx          0x00408dd0        0x0
 .v4_bx         0x00000000        0x0 linker stubs

.iplt           0x00408dd0        0x0
 .iplt          0x00000000        0x0 C:\SAMV71x\app\01_scheduler_\SAMV71_Xplained_Ultra\Debug\main.o

.igot.plt       0x00408dd0        0x0
 .igot.plt      0x00000000        0x0 C:\SAMV71x\app\01_scheduler_\SAMV71_Xplained_Ultra\Debug\main.o

.ARM.exidx      0x00408dd0        0x8
 *(.ARM.exidx* .gnu.linkonce.armexidx.*)
 .ARM.exidx     0x00408dd0        0x8 c:/isystem/winidea9/gcc/arm/bin/../lib/gcc/arm-none-eabi/4.9.3/cortex-m7\libgcc.a(_divdi3.o)
 .ARM.exidx     0x00408dd8        0x0 c:/isystem/winidea9/gcc/arm/bin/../lib/gcc/arm-none-eabi/4.9.3/cortex-m7\libgcc.a(_udivdi3.o)
                                  0x8 (size before relaxing)
                0x00408dd8                PROVIDE (__exidx_end, .)

.rel.dyn        0x00408dd8        0x0
 .rel.iplt      0x00000000        0x0 C:\SAMV71x\app\01_scheduler_\SAMV71_Xplained_Ultra\Debug\main.o
                0x00408dd8                . = ALIGN (0x4)
                0x00408dd8                _etext = .

.relocate       0x20400000      0x8fc load address 0x00408dd8
                0x20400000                . = ALIGN (0x4)
                0x20400000                _srelocate = .
 *(.ramfunc .ramfunc.*)
 *(.data .data.*)
 .data          0x20400000        0x4 C:\SAMV71x\app\01_scheduler_\SAMV71_Xplained_Ultra\Debug\system_sam.o
                0x20400000                SystemCoreClock
 .data          0x20400004       0x54 C:\SAMV71x\app\01_scheduler_\SAMV71_Xplained_Ultra\Debug\app_scheduler.o
                0x20400004                TimeTriggeredTasks
 .data          0x20400058        0x2 C:\SAMV71x\app\01_scheduler_\SAMV71_Xplained_Ultra\Debug\sw_ctrl.o
                0x20400058                bLed0Active
                0x20400059                bLed1Active
 *fill*         0x2040005a        0x6 
 .data.impure_data
                0x20400060      0x428 c:/isystem/winidea9/gcc/arm/bin/../lib/gcc/arm-none-eabi/4.9.3/../../../../arm-none-eabi/lib/cortex-m7\libc.a(lib_a-impure.o)
 .data._impure_ptr
                0x20400488        0x4 c:/isystem/winidea9/gcc/arm/bin/../lib/gcc/arm-none-eabi/4.9.3/../../../../arm-none-eabi/lib/cortex-m7\libc.a(lib_a-impure.o)
                0x20400488                _impure_ptr
 .data.lconv    0x2040048c       0x38 c:/isystem/winidea9/gcc/arm/bin/../lib/gcc/arm-none-eabi/4.9.3/../../../../arm-none-eabi/lib/cortex-m7\libc.a(lib_a-locale.o)
 .data.lc_ctype_charset
                0x204004c4       0x20 c:/isystem/winidea9/gcc/arm/bin/../lib/gcc/arm-none-eabi/4.9.3/../../../../arm-none-eabi/lib/cortex-m7\libc.a(lib_a-locale.o)
 .data.__mb_cur_max
                0x204004e4        0x4 c:/isystem/winidea9/gcc/arm/bin/../lib/gcc/arm-none-eabi/4.9.3/../../../../arm-none-eabi/lib/cortex-m7\libc.a(lib_a-locale.o)
                0x204004e4                __mb_cur_max
 .data.__malloc_av_
                0x204004e8      0x408 c:/isystem/winidea9/gcc/arm/bin/../lib/gcc/arm-none-eabi/4.9.3/../../../../arm-none-eabi/lib/cortex-m7\libc.a(lib_a-mallocr.o)
                0x204004e8                __malloc_av_
 .data.__malloc_trim_threshold
                0x204008f0        0x4 c:/isystem/winidea9/gcc/arm/bin/../lib/gcc/arm-none-eabi/4.9.3/../../../../arm-none-eabi/lib/cortex-m7\libc.a(lib_a-mallocr.o)
                0x204008f0                __malloc_trim_threshold
 .data.__malloc_sbrk_base
                0x204008f4        0x4 c:/isystem/winidea9/gcc/arm/bin/../lib/gcc/arm-none-eabi/4.9.3/../../../../arm-none-eabi/lib/cortex-m7\libc.a(lib_a-mallocr.o)
                0x204008f4                __malloc_sbrk_base
 .data.__wctomb
                0x204008f8        0x4 c:/isystem/winidea9/gcc/arm/bin/../lib/gcc/arm-none-eabi/4.9.3/../../../../arm-none-eabi/lib/cortex-m7\libc.a(lib_a-wctomb_r.o)
                0x204008f8                __wctomb
                0x204008fc                . = ALIGN (0x4)
                0x204008fc                _erelocate = .

.bss            0x204008fc       0x68 load address 0x004096d4
                0x204008fc                . = ALIGN (0x4)
                0x204008fc                _sbss = .
                0x204008fc                _szero = .
 *(.bss .bss.*)
 .bss           0x204008fc        0xc C:\SAMV71x\app\01_scheduler_\SAMV71_Xplained_Ultra\Debug\syscalls.o
 .bss           0x20400908        0x6 C:\SAMV71x\app\01_scheduler_\SAMV71_Xplained_Ultra\Debug\dbg_console.o
 *fill*         0x2040090e        0x2 
 .bss           0x20400910        0xc C:\SAMV71x\app\01_scheduler_\SAMV71_Xplained_Ultra\Debug\systick.o
                0x20400918                pfctnSysTick
 .bss           0x2040091c        0x6 C:\SAMV71x\app\01_scheduler_\SAMV71_Xplained_Ultra\Debug\led_ctrl.o
 *fill*         0x20400922        0x2 
 .bss.__malloc_max_total_mem
                0x20400924        0x4 c:/isystem/winidea9/gcc/arm/bin/../lib/gcc/arm-none-eabi/4.9.3/../../../../arm-none-eabi/lib/cortex-m7\libc.a(lib_a-mallocr.o)
                0x20400924                __malloc_max_total_mem
 .bss.__malloc_max_sbrked_mem
                0x20400928        0x4 c:/isystem/winidea9/gcc/arm/bin/../lib/gcc/arm-none-eabi/4.9.3/../../../../arm-none-eabi/lib/cortex-m7\libc.a(lib_a-mallocr.o)
                0x20400928                __malloc_max_sbrked_mem
 .bss.__malloc_top_pad
                0x2040092c        0x4 c:/isystem/winidea9/gcc/arm/bin/../lib/gcc/arm-none-eabi/4.9.3/../../../../arm-none-eabi/lib/cortex-m7\libc.a(lib_a-mallocr.o)
                0x2040092c                __malloc_top_pad
 .bss.__malloc_current_mallinfo
                0x20400930       0x28 c:/isystem/winidea9/gcc/arm/bin/../lib/gcc/arm-none-eabi/4.9.3/../../../../arm-none-eabi/lib/cortex-m7\libc.a(lib_a-mallocr.o)
                0x20400930                __malloc_current_mallinfo
 *(COMMON)
 COMMON         0x20400958        0x8 C:\SAMV71x\app\01_scheduler_\SAMV71_Xplained_Ultra\Debug\app_scheduler.o
                0x20400958                u8_50ms_Counter
                0x20400959                gu8Scheduler_Status
                0x2040095a                TaskScheduler_Task_ID_Running
                0x2040095b                u8_10ms_Counter
                0x2040095c                u8_100ms_Counter
                0x2040095d                gu8Scheduler_Counter
                0x2040095e                TaskScheduler_Task_ID_Activated
                0x2040095f                TasksScheduler_Task_ID_Backup
 COMMON         0x20400960        0x4 c:/isystem/winidea9/gcc/arm/bin/../lib/gcc/arm-none-eabi/4.9.3/../../../../arm-none-eabi/lib/cortex-m7\libc.a(lib_a-reent.o)
                0x20400960                errno
                0x20400964                . = ALIGN (0x4)
                0x20400964                _ebss = .
                0x20400964                _ezero = .

.stack          0x20400964     0x2004 load address 0x0040973c
                0x20400968                . = ALIGN (0x8)
 *fill*         0x20400964        0x4 
                0x20400968                _sstack = .
                0x20402968                . = (. + STACK_SIZE)
 *fill*         0x20400968     0x2000 
                0x20402968                . = ALIGN (0x8)
                0x20402968                _estack = .

.heap           0x20402968     0x1000 load address 0x0040b740
                0x20402968                . = ALIGN (0x8)
                0x20402968                _sheap = .
                0x20403968                . = (. + HEAP_SIZE)
 *fill*         0x20402968     0x1000 
                0x20403968                . = ALIGN (0x8)
                0x20403968                _eheap = .
                0x20403968                . = ALIGN (0x4)
                0x20403968                _end = .
                0x2045ffff                _ram_end_ = ((ORIGIN (ram) + 0x60000) - 0x1)
                0x20403968                _sdram_lma = .

sdram_region
 *(sdram_region)
LOAD c:/isystem/winidea9/gcc/arm/bin/../lib/gcc/arm-none-eabi/4.9.3/../../../../arm-none-eabi/lib/cortex-m7\libc.a
LOAD c:/isystem/winidea9/gcc/arm/bin/../lib/gcc/arm-none-eabi/4.9.3/cortex-m7\libgcc.a
LOAD c:/isystem/winidea9/gcc/arm/bin/../lib/gcc/arm-none-eabi/4.9.3/../../../../arm-none-eabi/lib/cortex-m7\libm.a
OUTPUT(tau.elf elf32-littlearm)

.debug_info     0x00000000     0x67d2
 .debug_info    0x00000000      0x51d C:\SAMV71x\app\01_scheduler_\SAMV71_Xplained_Ultra\Debug\main.o
 .debug_info    0x0000051d      0x515 C:\SAMV71x\app\01_scheduler_\SAMV71_Xplained_Ultra\Debug\system_sam.o
 .debug_info    0x00000a32      0x4cc C:\SAMV71x\app\01_scheduler_\SAMV71_Xplained_Ultra\Debug\syscalls.o
 .debug_info    0x00000efe      0x34b C:\SAMV71x\app\01_scheduler_\SAMV71_Xplained_Ultra\Debug\app_scheduler.o
 .debug_info    0x00001249      0x163 C:\SAMV71x\app\01_scheduler_\SAMV71_Xplained_Ultra\Debug\app_tasks.o
 .debug_info    0x000013ac      0x9c8 C:\SAMV71x\app\01_scheduler_\SAMV71_Xplained_Ultra\Debug\startup_sam.o
 .debug_info    0x00001d74      0x4f5 C:\SAMV71x\app\01_scheduler_\SAMV71_Xplained_Ultra\Debug\board_lowlevel.o
 .debug_info    0x00002269     0x14dc C:\SAMV71x\app\01_scheduler_\SAMV71_Xplained_Ultra\Debug\dbg_console.o
 .debug_info    0x00003745      0x6f3 C:\SAMV71x\app\01_scheduler_\SAMV71_Xplained_Ultra\Debug\led.o
 .debug_info    0x00003e38      0x78b C:\SAMV71x\app\01_scheduler_\SAMV71_Xplained_Ultra\Debug\pmc.o
 .debug_info    0x000045c3      0xa00 C:\SAMV71x\app\01_scheduler_\SAMV71_Xplained_Ultra\Debug\pio.o
 .debug_info    0x00004fc3      0x327 C:\SAMV71x\app\01_scheduler_\SAMV71_Xplained_Ultra\Debug\mpu.o
 .debug_info    0x000052ea      0x59c C:\SAMV71x\app\01_scheduler_\SAMV71_Xplained_Ultra\Debug\exceptions.o
 .debug_info    0x00005886      0x88b C:\SAMV71x\app\01_scheduler_\SAMV71_Xplained_Ultra\Debug\systick.o
 .debug_info    0x00006111      0x1fd C:\SAMV71x\app\01_scheduler_\SAMV71_Xplained_Ultra\Debug\wdt.o
 .debug_info    0x0000630e      0x15c C:\SAMV71x\app\01_scheduler_\SAMV71_Xplained_Ultra\Debug\led_ctrl.o
 .debug_info    0x0000646a      0x368 C:\SAMV71x\app\01_scheduler_\SAMV71_Xplained_Ultra\Debug\sw_ctrl.o

.debug_abbrev   0x00000000     0x163f
 .debug_abbrev  0x00000000      0x13a C:\SAMV71x\app\01_scheduler_\SAMV71_Xplained_Ultra\Debug\main.o
 .debug_abbrev  0x0000013a      0x127 C:\SAMV71x\app\01_scheduler_\SAMV71_Xplained_Ultra\Debug\system_sam.o
 .debug_abbrev  0x00000261      0x15e C:\SAMV71x\app\01_scheduler_\SAMV71_Xplained_Ultra\Debug\syscalls.o
 .debug_abbrev  0x000003bf      0x146 C:\SAMV71x\app\01_scheduler_\SAMV71_Xplained_Ultra\Debug\app_scheduler.o
 .debug_abbrev  0x00000505       0x8f C:\SAMV71x\app\01_scheduler_\SAMV71_Xplained_Ultra\Debug\app_tasks.o
 .debug_abbrev  0x00000594      0x1a0 C:\SAMV71x\app\01_scheduler_\SAMV71_Xplained_Ultra\Debug\startup_sam.o
 .debug_abbrev  0x00000734      0x12f C:\SAMV71x\app\01_scheduler_\SAMV71_Xplained_Ultra\Debug\board_lowlevel.o
 .debug_abbrev  0x00000863      0x26e C:\SAMV71x\app\01_scheduler_\SAMV71_Xplained_Ultra\Debug\dbg_console.o
 .debug_abbrev  0x00000ad1      0x113 C:\SAMV71x\app\01_scheduler_\SAMV71_Xplained_Ultra\Debug\led.o
 .debug_abbrev  0x00000be4      0x1ce C:\SAMV71x\app\01_scheduler_\SAMV71_Xplained_Ultra\Debug\pmc.o
 .debug_abbrev  0x00000db2      0x19d C:\SAMV71x\app\01_scheduler_\SAMV71_Xplained_Ultra\Debug\pio.o
 .debug_abbrev  0x00000f4f      0x144 C:\SAMV71x\app\01_scheduler_\SAMV71_Xplained_Ultra\Debug\mpu.o
 .debug_abbrev  0x00001093      0x152 C:\SAMV71x\app\01_scheduler_\SAMV71_Xplained_Ultra\Debug\exceptions.o
 .debug_abbrev  0x000011e5      0x1b2 C:\SAMV71x\app\01_scheduler_\SAMV71_Xplained_Ultra\Debug\systick.o
 .debug_abbrev  0x00001397       0xdf C:\SAMV71x\app\01_scheduler_\SAMV71_Xplained_Ultra\Debug\wdt.o
 .debug_abbrev  0x00001476       0xa0 C:\SAMV71x\app\01_scheduler_\SAMV71_Xplained_Ultra\Debug\led_ctrl.o
 .debug_abbrev  0x00001516      0x129 C:\SAMV71x\app\01_scheduler_\SAMV71_Xplained_Ultra\Debug\sw_ctrl.o

.debug_aranges  0x00000000      0x220
 .debug_aranges
                0x00000000       0x20 C:\SAMV71x\app\01_scheduler_\SAMV71_Xplained_Ultra\Debug\main.o
 .debug_aranges
                0x00000020       0x20 C:\SAMV71x\app\01_scheduler_\SAMV71_Xplained_Ultra\Debug\system_sam.o
 .debug_aranges
                0x00000040       0x20 C:\SAMV71x\app\01_scheduler_\SAMV71_Xplained_Ultra\Debug\syscalls.o
 .debug_aranges
                0x00000060       0x20 C:\SAMV71x\app\01_scheduler_\SAMV71_Xplained_Ultra\Debug\app_scheduler.o
 .debug_aranges
                0x00000080       0x20 C:\SAMV71x\app\01_scheduler_\SAMV71_Xplained_Ultra\Debug\app_tasks.o
 .debug_aranges
                0x000000a0       0x20 C:\SAMV71x\app\01_scheduler_\SAMV71_Xplained_Ultra\Debug\startup_sam.o
 .debug_aranges
                0x000000c0       0x20 C:\SAMV71x\app\01_scheduler_\SAMV71_Xplained_Ultra\Debug\board_lowlevel.o
 .debug_aranges
                0x000000e0       0x20 C:\SAMV71x\app\01_scheduler_\SAMV71_Xplained_Ultra\Debug\dbg_console.o
 .debug_aranges
                0x00000100       0x20 C:\SAMV71x\app\01_scheduler_\SAMV71_Xplained_Ultra\Debug\led.o
 .debug_aranges
                0x00000120       0x20 C:\SAMV71x\app\01_scheduler_\SAMV71_Xplained_Ultra\Debug\pmc.o
 .debug_aranges
                0x00000140       0x20 C:\SAMV71x\app\01_scheduler_\SAMV71_Xplained_Ultra\Debug\pio.o
 .debug_aranges
                0x00000160       0x20 C:\SAMV71x\app\01_scheduler_\SAMV71_Xplained_Ultra\Debug\mpu.o
 .debug_aranges
                0x00000180       0x20 C:\SAMV71x\app\01_scheduler_\SAMV71_Xplained_Ultra\Debug\exceptions.o
 .debug_aranges
                0x000001a0       0x20 C:\SAMV71x\app\01_scheduler_\SAMV71_Xplained_Ultra\Debug\systick.o
 .debug_aranges
                0x000001c0       0x20 C:\SAMV71x\app\01_scheduler_\SAMV71_Xplained_Ultra\Debug\wdt.o
 .debug_aranges
                0x000001e0       0x20 C:\SAMV71x\app\01_scheduler_\SAMV71_Xplained_Ultra\Debug\led_ctrl.o
 .debug_aranges
                0x00000200       0x20 C:\SAMV71x\app\01_scheduler_\SAMV71_Xplained_Ultra\Debug\sw_ctrl.o

.debug_macro    0x00000000    0x288f0
 .debug_macro   0x00000000     0x12f1 C:\SAMV71x\app\01_scheduler_\SAMV71_Xplained_Ultra\Debug\main.o
 .debug_macro   0x000012f1       0x22 C:\SAMV71x\app\01_scheduler_\SAMV71_Xplained_Ultra\Debug\main.o
 .debug_macro   0x00001313       0x44 C:\SAMV71x\app\01_scheduler_\SAMV71_Xplained_Ultra\Debug\main.o
 .debug_macro   0x00001357       0xe3 C:\SAMV71x\app\01_scheduler_\SAMV71_Xplained_Ultra\Debug\main.o
 .debug_macro   0x0000143a       0x22 C:\SAMV71x\app\01_scheduler_\SAMV71_Xplained_Ultra\Debug\main.o
 .debug_macro   0x0000145c      0x1df C:\SAMV71x\app\01_scheduler_\SAMV71_Xplained_Ultra\Debug\main.o
 .debug_macro   0x0000163b       0x4a C:\SAMV71x\app\01_scheduler_\SAMV71_Xplained_Ultra\Debug\main.o
 .debug_macro   0x00001685       0x3b C:\SAMV71x\app\01_scheduler_\SAMV71_Xplained_Ultra\Debug\main.o
 .debug_macro   0x000016c0       0x18 C:\SAMV71x\app\01_scheduler_\SAMV71_Xplained_Ultra\Debug\main.o
 .debug_macro   0x000016d8       0x26 C:\SAMV71x\app\01_scheduler_\SAMV71_Xplained_Ultra\Debug\main.o
 .debug_macro   0x000016fe      0xf9a C:\SAMV71x\app\01_scheduler_\SAMV71_Xplained_Ultra\Debug\main.o
 .debug_macro   0x00002698      0x16c C:\SAMV71x\app\01_scheduler_\SAMV71_Xplained_Ultra\Debug\main.o
 .debug_macro   0x00002804      0x24a C:\SAMV71x\app\01_scheduler_\SAMV71_Xplained_Ultra\Debug\main.o
 .debug_macro   0x00002a4e      0xa00 C:\SAMV71x\app\01_scheduler_\SAMV71_Xplained_Ultra\Debug\main.o
 .debug_macro   0x0000344e      0x1b4 C:\SAMV71x\app\01_scheduler_\SAMV71_Xplained_Ultra\Debug\main.o
 .debug_macro   0x00003602      0x328 C:\SAMV71x\app\01_scheduler_\SAMV71_Xplained_Ultra\Debug\main.o
 .debug_macro   0x0000392a      0x15a C:\SAMV71x\app\01_scheduler_\SAMV71_Xplained_Ultra\Debug\main.o
 .debug_macro   0x00003a84      0xe71 C:\SAMV71x\app\01_scheduler_\SAMV71_Xplained_Ultra\Debug\main.o
 .debug_macro   0x000048f5       0x1c C:\SAMV71x\app\01_scheduler_\SAMV71_Xplained_Ultra\Debug\main.o
 .debug_macro   0x00004911      0x67f C:\SAMV71x\app\01_scheduler_\SAMV71_Xplained_Ultra\Debug\main.o
 .debug_macro   0x00004f90      0x310 C:\SAMV71x\app\01_scheduler_\SAMV71_Xplained_Ultra\Debug\main.o
 .debug_macro   0x000052a0      0x4c7 C:\SAMV71x\app\01_scheduler_\SAMV71_Xplained_Ultra\Debug\main.o
 .debug_macro   0x00005767      0x26e C:\SAMV71x\app\01_scheduler_\SAMV71_Xplained_Ultra\Debug\main.o
 .debug_macro   0x000059d5     0x1324 C:\SAMV71x\app\01_scheduler_\SAMV71_Xplained_Ultra\Debug\main.o
 .debug_macro   0x00006cf9      0x280 C:\SAMV71x\app\01_scheduler_\SAMV71_Xplained_Ultra\Debug\main.o
 .debug_macro   0x00006f79     0x2ba3 C:\SAMV71x\app\01_scheduler_\SAMV71_Xplained_Ultra\Debug\main.o
 .debug_macro   0x00009b1c     0x101d C:\SAMV71x\app\01_scheduler_\SAMV71_Xplained_Ultra\Debug\main.o
 .debug_macro   0x0000ab39      0xe01 C:\SAMV71x\app\01_scheduler_\SAMV71_Xplained_Ultra\Debug\main.o
 .debug_macro   0x0000b93a      0x3a4 C:\SAMV71x\app\01_scheduler_\SAMV71_Xplained_Ultra\Debug\main.o
 .debug_macro   0x0000bcde       0xa0 C:\SAMV71x\app\01_scheduler_\SAMV71_Xplained_Ultra\Debug\main.o
 .debug_macro   0x0000bd7e       0x76 C:\SAMV71x\app\01_scheduler_\SAMV71_Xplained_Ultra\Debug\main.o
 .debug_macro   0x0000bdf4      0x3fb C:\SAMV71x\app\01_scheduler_\SAMV71_Xplained_Ultra\Debug\main.o
 .debug_macro   0x0000c1ef       0x64 C:\SAMV71x\app\01_scheduler_\SAMV71_Xplained_Ultra\Debug\main.o
 .debug_macro   0x0000c253      0x276 C:\SAMV71x\app\01_scheduler_\SAMV71_Xplained_Ultra\Debug\main.o
 .debug_macro   0x0000c4c9      0x1c4 C:\SAMV71x\app\01_scheduler_\SAMV71_Xplained_Ultra\Debug\main.o
 .debug_macro   0x0000c68d      0x23b C:\SAMV71x\app\01_scheduler_\SAMV71_Xplained_Ultra\Debug\main.o
 .debug_macro   0x0000c8c8      0x516 C:\SAMV71x\app\01_scheduler_\SAMV71_Xplained_Ultra\Debug\main.o
 .debug_macro   0x0000cdde      0x62d C:\SAMV71x\app\01_scheduler_\SAMV71_Xplained_Ultra\Debug\main.o
 .debug_macro   0x0000d40b      0x6a9 C:\SAMV71x\app\01_scheduler_\SAMV71_Xplained_Ultra\Debug\main.o
 .debug_macro   0x0000dab4       0x4c C:\SAMV71x\app\01_scheduler_\SAMV71_Xplained_Ultra\Debug\main.o
 .debug_macro   0x0000db00      0x45a C:\SAMV71x\app\01_scheduler_\SAMV71_Xplained_Ultra\Debug\main.o
 .debug_macro   0x0000df5a      0x1fb C:\SAMV71x\app\01_scheduler_\SAMV71_Xplained_Ultra\Debug\main.o
 .debug_macro   0x0000e155      0x87d C:\SAMV71x\app\01_scheduler_\SAMV71_Xplained_Ultra\Debug\main.o
 .debug_macro   0x0000e9d2     0x1547 C:\SAMV71x\app\01_scheduler_\SAMV71_Xplained_Ultra\Debug\main.o
 .debug_macro   0x0000ff19       0x40 C:\SAMV71x\app\01_scheduler_\SAMV71_Xplained_Ultra\Debug\main.o
 .debug_macro   0x0000ff59       0x76 C:\SAMV71x\app\01_scheduler_\SAMV71_Xplained_Ultra\Debug\main.o
 .debug_macro   0x0000ffcf      0xda0 C:\SAMV71x\app\01_scheduler_\SAMV71_Xplained_Ultra\Debug\main.o
 .debug_macro   0x00010d6f       0x82 C:\SAMV71x\app\01_scheduler_\SAMV71_Xplained_Ultra\Debug\main.o
 .debug_macro   0x00010df1       0x76 C:\SAMV71x\app\01_scheduler_\SAMV71_Xplained_Ultra\Debug\main.o
 .debug_macro   0x00010e67       0x4c C:\SAMV71x\app\01_scheduler_\SAMV71_Xplained_Ultra\Debug\main.o
 .debug_macro   0x00010eb3      0x126 C:\SAMV71x\app\01_scheduler_\SAMV71_Xplained_Ultra\Debug\main.o
 .debug_macro   0x00010fd9      0x126 C:\SAMV71x\app\01_scheduler_\SAMV71_Xplained_Ultra\Debug\main.o
 .debug_macro   0x000110ff      0x126 C:\SAMV71x\app\01_scheduler_\SAMV71_Xplained_Ultra\Debug\main.o
 .debug_macro   0x00011225       0x6a C:\SAMV71x\app\01_scheduler_\SAMV71_Xplained_Ultra\Debug\main.o
 .debug_macro   0x0001128f       0x6a C:\SAMV71x\app\01_scheduler_\SAMV71_Xplained_Ultra\Debug\main.o
 .debug_macro   0x000112f9      0x313 C:\SAMV71x\app\01_scheduler_\SAMV71_Xplained_Ultra\Debug\main.o
 .debug_macro   0x0001160c       0xb2 C:\SAMV71x\app\01_scheduler_\SAMV71_Xplained_Ultra\Debug\main.o
 .debug_macro   0x000116be       0xb2 C:\SAMV71x\app\01_scheduler_\SAMV71_Xplained_Ultra\Debug\main.o
 .debug_macro   0x00011770       0xb2 C:\SAMV71x\app\01_scheduler_\SAMV71_Xplained_Ultra\Debug\main.o
 .debug_macro   0x00011822      0x112 C:\SAMV71x\app\01_scheduler_\SAMV71_Xplained_Ultra\Debug\main.o
 .debug_macro   0x00011934      0x112 C:\SAMV71x\app\01_scheduler_\SAMV71_Xplained_Ultra\Debug\main.o
 .debug_macro   0x00011a46      0x2cd C:\SAMV71x\app\01_scheduler_\SAMV71_Xplained_Ultra\Debug\main.o
 .debug_macro   0x00011d13       0xb8 C:\SAMV71x\app\01_scheduler_\SAMV71_Xplained_Ultra\Debug\main.o
 .debug_macro   0x00011dcb       0x5e C:\SAMV71x\app\01_scheduler_\SAMV71_Xplained_Ultra\Debug\main.o
 .debug_macro   0x00011e29       0x40 C:\SAMV71x\app\01_scheduler_\SAMV71_Xplained_Ultra\Debug\main.o
 .debug_macro   0x00011e69       0x4c C:\SAMV71x\app\01_scheduler_\SAMV71_Xplained_Ultra\Debug\main.o
 .debug_macro   0x00011eb5       0xa0 C:\SAMV71x\app\01_scheduler_\SAMV71_Xplained_Ultra\Debug\main.o
 .debug_macro   0x00011f55      0x494 C:\SAMV71x\app\01_scheduler_\SAMV71_Xplained_Ultra\Debug\main.o
 .debug_macro   0x000123e9      0x126 C:\SAMV71x\app\01_scheduler_\SAMV71_Xplained_Ultra\Debug\main.o
 .debug_macro   0x0001250f       0x4c C:\SAMV71x\app\01_scheduler_\SAMV71_Xplained_Ultra\Debug\main.o
 .debug_macro   0x0001255b      0x313 C:\SAMV71x\app\01_scheduler_\SAMV71_Xplained_Ultra\Debug\main.o
 .debug_macro   0x0001286e       0x6a C:\SAMV71x\app\01_scheduler_\SAMV71_Xplained_Ultra\Debug\main.o
 .debug_macro   0x000128d8       0xb8 C:\SAMV71x\app\01_scheduler_\SAMV71_Xplained_Ultra\Debug\main.o
 .debug_macro   0x00012990       0x76 C:\SAMV71x\app\01_scheduler_\SAMV71_Xplained_Ultra\Debug\main.o
 .debug_macro   0x00012a06       0x6a C:\SAMV71x\app\01_scheduler_\SAMV71_Xplained_Ultra\Debug\main.o
 .debug_macro   0x00012a70       0x2e C:\SAMV71x\app\01_scheduler_\SAMV71_Xplained_Ultra\Debug\main.o
 .debug_macro   0x00012a9e      0x9b1 C:\SAMV71x\app\01_scheduler_\SAMV71_Xplained_Ultra\Debug\main.o
 .debug_macro   0x0001344f       0x6a C:\SAMV71x\app\01_scheduler_\SAMV71_Xplained_Ultra\Debug\main.o
 .debug_macro   0x000134b9       0x88 C:\SAMV71x\app\01_scheduler_\SAMV71_Xplained_Ultra\Debug\main.o
 .debug_macro   0x00013541       0x58 C:\SAMV71x\app\01_scheduler_\SAMV71_Xplained_Ultra\Debug\main.o
 .debug_macro   0x00013599       0xa6 C:\SAMV71x\app\01_scheduler_\SAMV71_Xplained_Ultra\Debug\main.o
 .debug_macro   0x0001363f       0x16 C:\SAMV71x\app\01_scheduler_\SAMV71_Xplained_Ultra\Debug\main.o
 .debug_macro   0x00013655       0xe2 C:\SAMV71x\app\01_scheduler_\SAMV71_Xplained_Ultra\Debug\main.o
 .debug_macro   0x00013737       0x4c C:\SAMV71x\app\01_scheduler_\SAMV71_Xplained_Ultra\Debug\main.o
 .debug_macro   0x00013783       0x16 C:\SAMV71x\app\01_scheduler_\SAMV71_Xplained_Ultra\Debug\main.o
 .debug_macro   0x00013799       0x4c C:\SAMV71x\app\01_scheduler_\SAMV71_Xplained_Ultra\Debug\main.o
 .debug_macro   0x000137e5       0x2e C:\SAMV71x\app\01_scheduler_\SAMV71_Xplained_Ultra\Debug\main.o
 .debug_macro   0x00013813      0x19e C:\SAMV71x\app\01_scheduler_\SAMV71_Xplained_Ultra\Debug\main.o
 .debug_macro   0x000139b1      0x19e C:\SAMV71x\app\01_scheduler_\SAMV71_Xplained_Ultra\Debug\main.o
 .debug_macro   0x00013b4f      0x19e C:\SAMV71x\app\01_scheduler_\SAMV71_Xplained_Ultra\Debug\main.o
 .debug_macro   0x00013ced      0x19e C:\SAMV71x\app\01_scheduler_\SAMV71_Xplained_Ultra\Debug\main.o
 .debug_macro   0x00013e8b      0x19e C:\SAMV71x\app\01_scheduler_\SAMV71_Xplained_Ultra\Debug\main.o
 .debug_macro   0x00014029       0x1c C:\SAMV71x\app\01_scheduler_\SAMV71_Xplained_Ultra\Debug\main.o
 .debug_macro   0x00014045       0x2e C:\SAMV71x\app\01_scheduler_\SAMV71_Xplained_Ultra\Debug\main.o
 .debug_macro   0x00014073       0x22 C:\SAMV71x\app\01_scheduler_\SAMV71_Xplained_Ultra\Debug\main.o
 .debug_macro   0x00014095       0x1c C:\SAMV71x\app\01_scheduler_\SAMV71_Xplained_Ultra\Debug\main.o
 .debug_macro   0x000140b1       0x52 C:\SAMV71x\app\01_scheduler_\SAMV71_Xplained_Ultra\Debug\main.o
 .debug_macro   0x00014103       0x10 C:\SAMV71x\app\01_scheduler_\SAMV71_Xplained_Ultra\Debug\main.o
 .debug_macro   0x00014113       0x1c C:\SAMV71x\app\01_scheduler_\SAMV71_Xplained_Ultra\Debug\main.o
 .debug_macro   0x0001412f       0x4c C:\SAMV71x\app\01_scheduler_\SAMV71_Xplained_Ultra\Debug\main.o
 .debug_macro   0x0001417b       0x4c C:\SAMV71x\app\01_scheduler_\SAMV71_Xplained_Ultra\Debug\main.o
 .debug_macro   0x000141c7       0x4c C:\SAMV71x\app\01_scheduler_\SAMV71_Xplained_Ultra\Debug\main.o
 .debug_macro   0x00014213      0x329 C:\SAMV71x\app\01_scheduler_\SAMV71_Xplained_Ultra\Debug\main.o
 .debug_macro   0x0001453c     0x1028 C:\SAMV71x\app\01_scheduler_\SAMV71_Xplained_Ultra\Debug\main.o
 .debug_macro   0x00015564      0x107 C:\SAMV71x\app\01_scheduler_\SAMV71_Xplained_Ultra\Debug\main.o
 .debug_macro   0x0001566b      0x166 C:\SAMV71x\app\01_scheduler_\SAMV71_Xplained_Ultra\Debug\main.o
 .debug_macro   0x000157d1       0x58 C:\SAMV71x\app\01_scheduler_\SAMV71_Xplained_Ultra\Debug\main.o
 .debug_macro   0x00015829       0x35 C:\SAMV71x\app\01_scheduler_\SAMV71_Xplained_Ultra\Debug\main.o
 .debug_macro   0x0001585e       0x9c C:\SAMV71x\app\01_scheduler_\SAMV71_Xplained_Ultra\Debug\main.o
 .debug_macro   0x000158fa       0x16 C:\SAMV71x\app\01_scheduler_\SAMV71_Xplained_Ultra\Debug\main.o
 .debug_macro   0x00015910       0x35 C:\SAMV71x\app\01_scheduler_\SAMV71_Xplained_Ultra\Debug\main.o
 .debug_macro   0x00015945       0x52 C:\SAMV71x\app\01_scheduler_\SAMV71_Xplained_Ultra\Debug\main.o
 .debug_macro   0x00015997       0x16 C:\SAMV71x\app\01_scheduler_\SAMV71_Xplained_Ultra\Debug\main.o
 .debug_macro   0x000159ad       0x43 C:\SAMV71x\app\01_scheduler_\SAMV71_Xplained_Ultra\Debug\main.o
 .debug_macro   0x000159f0      0x180 C:\SAMV71x\app\01_scheduler_\SAMV71_Xplained_Ultra\Debug\main.o
 .debug_macro   0x00015b70      0x29d C:\SAMV71x\app\01_scheduler_\SAMV71_Xplained_Ultra\Debug\main.o
 .debug_macro   0x00015e0d       0x16 C:\SAMV71x\app\01_scheduler_\SAMV71_Xplained_Ultra\Debug\main.o
 .debug_macro   0x00015e23       0x29 C:\SAMV71x\app\01_scheduler_\SAMV71_Xplained_Ultra\Debug\main.o
 .debug_macro   0x00015e4c       0x22 C:\SAMV71x\app\01_scheduler_\SAMV71_Xplained_Ultra\Debug\main.o
 .debug_macro   0x00015e6e      0x159 C:\SAMV71x\app\01_scheduler_\SAMV71_Xplained_Ultra\Debug\main.o
 .debug_macro   0x00015fc7       0x5e C:\SAMV71x\app\01_scheduler_\SAMV71_Xplained_Ultra\Debug\main.o
 .debug_macro   0x00016025       0x16 C:\SAMV71x\app\01_scheduler_\SAMV71_Xplained_Ultra\Debug\main.o
 .debug_macro   0x0001603b       0xc6 C:\SAMV71x\app\01_scheduler_\SAMV71_Xplained_Ultra\Debug\main.o
 .debug_macro   0x00016101       0x16 C:\SAMV71x\app\01_scheduler_\SAMV71_Xplained_Ultra\Debug\main.o
 .debug_macro   0x00016117       0x10 C:\SAMV71x\app\01_scheduler_\SAMV71_Xplained_Ultra\Debug\main.o
 .debug_macro   0x00016127       0xe6 C:\SAMV71x\app\01_scheduler_\SAMV71_Xplained_Ultra\Debug\main.o
 .debug_macro   0x0001620d       0x94 C:\SAMV71x\app\01_scheduler_\SAMV71_Xplained_Ultra\Debug\main.o
 .debug_macro   0x000162a1       0x97 C:\SAMV71x\app\01_scheduler_\SAMV71_Xplained_Ultra\Debug\main.o
 .debug_macro   0x00016338      0x19e C:\SAMV71x\app\01_scheduler_\SAMV71_Xplained_Ultra\Debug\main.o
 .debug_macro   0x000164d6       0x98 C:\SAMV71x\app\01_scheduler_\SAMV71_Xplained_Ultra\Debug\main.o
 .debug_macro   0x0001656e       0x34 C:\SAMV71x\app\01_scheduler_\SAMV71_Xplained_Ultra\Debug\main.o
 .debug_macro   0x000165a2       0x16 C:\SAMV71x\app\01_scheduler_\SAMV71_Xplained_Ultra\Debug\main.o
 .debug_macro   0x000165b8       0x76 C:\SAMV71x\app\01_scheduler_\SAMV71_Xplained_Ultra\Debug\main.o
 .debug_macro   0x0001662e       0x1c C:\SAMV71x\app\01_scheduler_\SAMV71_Xplained_Ultra\Debug\main.o
 .debug_macro   0x0001664a       0x3a C:\SAMV71x\app\01_scheduler_\SAMV71_Xplained_Ultra\Debug\main.o
 .debug_macro   0x00016684       0x1c C:\SAMV71x\app\01_scheduler_\SAMV71_Xplained_Ultra\Debug\main.o
 .debug_macro   0x000166a0       0x2e C:\SAMV71x\app\01_scheduler_\SAMV71_Xplained_Ultra\Debug\main.o
 .debug_macro   0x000166ce       0x3a C:\SAMV71x\app\01_scheduler_\SAMV71_Xplained_Ultra\Debug\main.o
 .debug_macro   0x00016708       0x52 C:\SAMV71x\app\01_scheduler_\SAMV71_Xplained_Ultra\Debug\main.o
 .debug_macro   0x0001675a       0x22 C:\SAMV71x\app\01_scheduler_\SAMV71_Xplained_Ultra\Debug\main.o
 .debug_macro   0x0001677c       0x1c C:\SAMV71x\app\01_scheduler_\SAMV71_Xplained_Ultra\Debug\main.o
 .debug_macro   0x00016798       0x1c C:\SAMV71x\app\01_scheduler_\SAMV71_Xplained_Ultra\Debug\main.o
 .debug_macro   0x000167b4       0x10 C:\SAMV71x\app\01_scheduler_\SAMV71_Xplained_Ultra\Debug\main.o
 .debug_macro   0x000167c4       0x10 C:\SAMV71x\app\01_scheduler_\SAMV71_Xplained_Ultra\Debug\main.o
 .debug_macro   0x000167d4       0x22 C:\SAMV71x\app\01_scheduler_\SAMV71_Xplained_Ultra\Debug\main.o
 .debug_macro   0x000167f6       0xbe C:\SAMV71x\app\01_scheduler_\SAMV71_Xplained_Ultra\Debug\main.o
 .debug_macro   0x000168b4       0x16 C:\SAMV71x\app\01_scheduler_\SAMV71_Xplained_Ultra\Debug\main.o
 .debug_macro   0x000168ca      0x197 C:\SAMV71x\app\01_scheduler_\SAMV71_Xplained_Ultra\Debug\main.o
 .debug_macro   0x00016a61       0x93 C:\SAMV71x\app\01_scheduler_\SAMV71_Xplained_Ultra\Debug\main.o
 .debug_macro   0x00016af4       0x2e C:\SAMV71x\app\01_scheduler_\SAMV71_Xplained_Ultra\Debug\main.o
 .debug_macro   0x00016b22       0x2e C:\SAMV71x\app\01_scheduler_\SAMV71_Xplained_Ultra\Debug\main.o
 .debug_macro   0x00016b50       0x76 C:\SAMV71x\app\01_scheduler_\SAMV71_Xplained_Ultra\Debug\main.o
 .debug_macro   0x00016bc6       0x28 C:\SAMV71x\app\01_scheduler_\SAMV71_Xplained_Ultra\Debug\main.o
 .debug_macro   0x00016bee       0x16 C:\SAMV71x\app\01_scheduler_\SAMV71_Xplained_Ultra\Debug\main.o
 .debug_macro   0x00016c04       0x28 C:\SAMV71x\app\01_scheduler_\SAMV71_Xplained_Ultra\Debug\main.o
 .debug_macro   0x00016c2c       0x1c C:\SAMV71x\app\01_scheduler_\SAMV71_Xplained_Ultra\Debug\main.o
 .debug_macro   0x00016c48       0x16 C:\SAMV71x\app\01_scheduler_\SAMV71_Xplained_Ultra\Debug\main.o
 .debug_macro   0x00016c5e       0x16 C:\SAMV71x\app\01_scheduler_\SAMV71_Xplained_Ultra\Debug\main.o
 .debug_macro   0x00016c74       0x1c C:\SAMV71x\app\01_scheduler_\SAMV71_Xplained_Ultra\Debug\main.o
 .debug_macro   0x00016c90       0x6f C:\SAMV71x\app\01_scheduler_\SAMV71_Xplained_Ultra\Debug\main.o
 .debug_macro   0x00016cff       0xa0 C:\SAMV71x\app\01_scheduler_\SAMV71_Xplained_Ultra\Debug\main.o
 .debug_macro   0x00016d9f       0x10 C:\SAMV71x\app\01_scheduler_\SAMV71_Xplained_Ultra\Debug\main.o
 .debug_macro   0x00016daf      0x148 C:\SAMV71x\app\01_scheduler_\SAMV71_Xplained_Ultra\Debug\main.o
 .debug_macro   0x00016ef7       0x16 C:\SAMV71x\app\01_scheduler_\SAMV71_Xplained_Ultra\Debug\main.o
 .debug_macro   0x00016f0d       0x52 C:\SAMV71x\app\01_scheduler_\SAMV71_Xplained_Ultra\Debug\main.o
 .debug_macro   0x00016f5f      0x240 C:\SAMV71x\app\01_scheduler_\SAMV71_Xplained_Ultra\Debug\main.o
 .debug_macro   0x0001719f       0x34 C:\SAMV71x\app\01_scheduler_\SAMV71_Xplained_Ultra\Debug\main.o
 .debug_macro   0x000171d3      0x13c C:\SAMV71x\app\01_scheduler_\SAMV71_Xplained_Ultra\Debug\main.o
 .debug_macro   0x0001730f       0x10 C:\SAMV71x\app\01_scheduler_\SAMV71_Xplained_Ultra\Debug\main.o
 .debug_macro   0x0001731f      0x102 C:\SAMV71x\app\01_scheduler_\SAMV71_Xplained_Ultra\Debug\main.o
 .debug_macro   0x00017421       0x52 C:\SAMV71x\app\01_scheduler_\SAMV71_Xplained_Ultra\Debug\main.o
 .debug_macro   0x00017473      0x1f3 C:\SAMV71x\app\01_scheduler_\SAMV71_Xplained_Ultra\Debug\main.o
 .debug_macro   0x00017666       0x2e C:\SAMV71x\app\01_scheduler_\SAMV71_Xplained_Ultra\Debug\main.o
 .debug_macro   0x00017694       0x16 C:\SAMV71x\app\01_scheduler_\SAMV71_Xplained_Ultra\Debug\main.o
 .debug_macro   0x000176aa       0x52 C:\SAMV71x\app\01_scheduler_\SAMV71_Xplained_Ultra\Debug\main.o
 .debug_macro   0x000176fc       0x16 C:\SAMV71x\app\01_scheduler_\SAMV71_Xplained_Ultra\Debug\main.o
 .debug_macro   0x00017712       0x10 C:\SAMV71x\app\01_scheduler_\SAMV71_Xplained_Ultra\Debug\main.o
 .debug_macro   0x00017722       0x10 C:\SAMV71x\app\01_scheduler_\SAMV71_Xplained_Ultra\Debug\main.o
 .debug_macro   0x00017732       0x10 C:\SAMV71x\app\01_scheduler_\SAMV71_Xplained_Ultra\Debug\main.o
 .debug_macro   0x00017742       0x35 C:\SAMV71x\app\01_scheduler_\SAMV71_Xplained_Ultra\Debug\main.o
 .debug_macro   0x00017777      0x122 C:\SAMV71x\app\01_scheduler_\SAMV71_Xplained_Ultra\Debug\main.o
 .debug_macro   0x00017899      0x456 C:\SAMV71x\app\01_scheduler_\SAMV71_Xplained_Ultra\Debug\main.o
 .debug_macro   0x00017cef       0x52 C:\SAMV71x\app\01_scheduler_\SAMV71_Xplained_Ultra\Debug\main.o
 .debug_macro   0x00017d41       0x4c C:\SAMV71x\app\01_scheduler_\SAMV71_Xplained_Ultra\Debug\main.o
 .debug_macro   0x00017d8d      0xdab C:\SAMV71x\app\01_scheduler_\SAMV71_Xplained_Ultra\Debug\system_sam.o
 .debug_macro   0x00018b38     0x12db C:\SAMV71x\app\01_scheduler_\SAMV71_Xplained_Ultra\Debug\syscalls.o
 .debug_macro   0x00019e13       0x10 C:\SAMV71x\app\01_scheduler_\SAMV71_Xplained_Ultra\Debug\syscalls.o
 .debug_macro   0x00019e23      0x241 C:\SAMV71x\app\01_scheduler_\SAMV71_Xplained_Ultra\Debug\syscalls.o
 .debug_macro   0x0001a064      0xea2 C:\SAMV71x\app\01_scheduler_\SAMV71_Xplained_Ultra\Debug\app_scheduler.o
 .debug_macro   0x0001af06       0x50 C:\SAMV71x\app\01_scheduler_\SAMV71_Xplained_Ultra\Debug\app_scheduler.o
 .debug_macro   0x0001af56      0xe82 C:\SAMV71x\app\01_scheduler_\SAMV71_Xplained_Ultra\Debug\app_tasks.o
 .debug_macro   0x0001bdd8      0xd93 C:\SAMV71x\app\01_scheduler_\SAMV71_Xplained_Ultra\Debug\startup_sam.o
 .debug_macro   0x0001cb6b     0x12bd C:\SAMV71x\app\01_scheduler_\SAMV71_Xplained_Ultra\Debug\board_lowlevel.o
 .debug_macro   0x0001de28     0x12f2 C:\SAMV71x\app\01_scheduler_\SAMV71_Xplained_Ultra\Debug\dbg_console.o
 .debug_macro   0x0001f11a     0x12bc C:\SAMV71x\app\01_scheduler_\SAMV71_Xplained_Ultra\Debug\led.o
 .debug_macro   0x000203d6     0x111f C:\SAMV71x\app\01_scheduler_\SAMV71_Xplained_Ultra\Debug\pmc.o
 .debug_macro   0x000214f5     0x1109 C:\SAMV71x\app\01_scheduler_\SAMV71_Xplained_Ultra\Debug\pio.o
 .debug_macro   0x000225fe     0x110a C:\SAMV71x\app\01_scheduler_\SAMV71_Xplained_Ultra\Debug\mpu.o
 .debug_macro   0x00023708     0x110a C:\SAMV71x\app\01_scheduler_\SAMV71_Xplained_Ultra\Debug\exceptions.o
 .debug_macro   0x00024812      0xe89 C:\SAMV71x\app\01_scheduler_\SAMV71_Xplained_Ultra\Debug\systick.o
 .debug_macro   0x0002569b     0x110a C:\SAMV71x\app\01_scheduler_\SAMV71_Xplained_Ultra\Debug\wdt.o
 .debug_macro   0x000267a5      0xe82 C:\SAMV71x\app\01_scheduler_\SAMV71_Xplained_Ultra\Debug\led_ctrl.o
 .debug_macro   0x00027627     0x12c9 C:\SAMV71x\app\01_scheduler_\SAMV71_Xplained_Ultra\Debug\sw_ctrl.o

.debug_line     0x00000000     0xeb91
 .debug_line    0x00000000     0x10be C:\SAMV71x\app\01_scheduler_\SAMV71_Xplained_Ultra\Debug\main.o
 .debug_line    0x000010be      0xac8 C:\SAMV71x\app\01_scheduler_\SAMV71_Xplained_Ultra\Debug\system_sam.o
 .debug_line    0x00001b86     0x100e C:\SAMV71x\app\01_scheduler_\SAMV71_Xplained_Ultra\Debug\syscalls.o
 .debug_line    0x00002b94      0xc49 C:\SAMV71x\app\01_scheduler_\SAMV71_Xplained_Ultra\Debug\app_scheduler.o
 .debug_line    0x000037dd      0xb4d C:\SAMV71x\app\01_scheduler_\SAMV71_Xplained_Ultra\Debug\app_tasks.o
 .debug_line    0x0000432a      0xa35 C:\SAMV71x\app\01_scheduler_\SAMV71_Xplained_Ultra\Debug\startup_sam.o
 .debug_line    0x00004d5f     0x101b C:\SAMV71x\app\01_scheduler_\SAMV71_Xplained_Ultra\Debug\board_lowlevel.o
 .debug_line    0x00005d7a     0x115d C:\SAMV71x\app\01_scheduler_\SAMV71_Xplained_Ultra\Debug\dbg_console.o
 .debug_line    0x00006ed7      0xfd7 C:\SAMV71x\app\01_scheduler_\SAMV71_Xplained_Ultra\Debug\led.o
 .debug_line    0x00007eae      0xf24 C:\SAMV71x\app\01_scheduler_\SAMV71_Xplained_Ultra\Debug\pmc.o
 .debug_line    0x00008dd2      0xe23 C:\SAMV71x\app\01_scheduler_\SAMV71_Xplained_Ultra\Debug\pio.o
 .debug_line    0x00009bf5      0xdaa C:\SAMV71x\app\01_scheduler_\SAMV71_Xplained_Ultra\Debug\mpu.o
 .debug_line    0x0000a99f      0xdd8 C:\SAMV71x\app\01_scheduler_\SAMV71_Xplained_Ultra\Debug\exceptions.o
 .debug_line    0x0000b777      0xb57 C:\SAMV71x\app\01_scheduler_\SAMV71_Xplained_Ultra\Debug\systick.o
 .debug_line    0x0000c2ce      0xd7d C:\SAMV71x\app\01_scheduler_\SAMV71_Xplained_Ultra\Debug\wdt.o
 .debug_line    0x0000d04b      0xb58 C:\SAMV71x\app\01_scheduler_\SAMV71_Xplained_Ultra\Debug\led_ctrl.o
 .debug_line    0x0000dba3      0xfee C:\SAMV71x\app\01_scheduler_\SAMV71_Xplained_Ultra\Debug\sw_ctrl.o

.debug_str      0x00000000    0x7df57
 .debug_str     0x00000000    0x7b435 C:\SAMV71x\app\01_scheduler_\SAMV71_Xplained_Ultra\Debug\main.o
                              0x7b9d8 (size before relaxing)
 .debug_str     0x0007b435      0x3eb C:\SAMV71x\app\01_scheduler_\SAMV71_Xplained_Ultra\Debug\system_sam.o
                              0x6e200 (size before relaxing)
 .debug_str     0x0007b820      0x600 C:\SAMV71x\app\01_scheduler_\SAMV71_Xplained_Ultra\Debug\syscalls.o
                              0x7ba5d (size before relaxing)
 .debug_str     0x0007be20      0x2d9 C:\SAMV71x\app\01_scheduler_\SAMV71_Xplained_Ultra\Debug\app_scheduler.o
                              0x7137a (size before relaxing)
 .debug_str     0x0007c0f9       0xb4 C:\SAMV71x\app\01_scheduler_\SAMV71_Xplained_Ultra\Debug\app_tasks.o
                              0x70d97 (size before relaxing)
 .debug_str     0x0007c1ad      0x5d8 C:\SAMV71x\app\01_scheduler_\SAMV71_Xplained_Ultra\Debug\startup_sam.o
                              0x6e5c5 (size before relaxing)
 .debug_str     0x0007c785       0x7d C:\SAMV71x\app\01_scheduler_\SAMV71_Xplained_Ultra\Debug\board_lowlevel.o
                              0x7b63a (size before relaxing)
 .debug_str     0x0007c802      0xa52 C:\SAMV71x\app\01_scheduler_\SAMV71_Xplained_Ultra\Debug\dbg_console.o
                              0x7bf70 (size before relaxing)
 .debug_str     0x0007d254       0x70 C:\SAMV71x\app\01_scheduler_\SAMV71_Xplained_Ultra\Debug\led.o
                              0x7b7da (size before relaxing)
 .debug_str     0x0007d2c4      0x2af C:\SAMV71x\app\01_scheduler_\SAMV71_Xplained_Ultra\Debug\pmc.o
                              0x760e4 (size before relaxing)
 .debug_str     0x0007d573      0x188 C:\SAMV71x\app\01_scheduler_\SAMV71_Xplained_Ultra\Debug\pio.o
                              0x7612e (size before relaxing)
 .debug_str     0x0007d6fb      0x13c C:\SAMV71x\app\01_scheduler_\SAMV71_Xplained_Ultra\Debug\mpu.o
                              0x75de8 (size before relaxing)
 .debug_str     0x0007d837       0x4c C:\SAMV71x\app\01_scheduler_\SAMV71_Xplained_Ultra\Debug\exceptions.o
                              0x75e8f (size before relaxing)
 .debug_str     0x0007d883      0x3f6 C:\SAMV71x\app\01_scheduler_\SAMV71_Xplained_Ultra\Debug\systick.o
                              0x714dc (size before relaxing)
 .debug_str     0x0007dc79       0x7a C:\SAMV71x\app\01_scheduler_\SAMV71_Xplained_Ultra\Debug\wdt.o
                              0x75d11 (size before relaxing)
 .debug_str     0x0007dcf3       0x9a C:\SAMV71x\app\01_scheduler_\SAMV71_Xplained_Ultra\Debug\led_ctrl.o
                              0x70d89 (size before relaxing)
 .debug_str     0x0007dd8d      0x1ca C:\SAMV71x\app\01_scheduler_\SAMV71_Xplained_Ultra\Debug\sw_ctrl.o
                              0x7b616 (size before relaxing)

.comment        0x00000000       0x70
 .comment       0x00000000       0x70 C:\SAMV71x\app\01_scheduler_\SAMV71_Xplained_Ultra\Debug\main.o
                                 0x71 (size before relaxing)
 .comment       0x00000000       0x71 C:\SAMV71x\app\01_scheduler_\SAMV71_Xplained_Ultra\Debug\system_sam.o
 .comment       0x00000000       0x71 C:\SAMV71x\app\01_scheduler_\SAMV71_Xplained_Ultra\Debug\syscalls.o
 .comment       0x00000000       0x71 C:\SAMV71x\app\01_scheduler_\SAMV71_Xplained_Ultra\Debug\app_scheduler.o
 .comment       0x00000000       0x71 C:\SAMV71x\app\01_scheduler_\SAMV71_Xplained_Ultra\Debug\app_tasks.o
 .comment       0x00000000       0x71 C:\SAMV71x\app\01_scheduler_\SAMV71_Xplained_Ultra\Debug\startup_sam.o
 .comment       0x00000000       0x71 C:\SAMV71x\app\01_scheduler_\SAMV71_Xplained_Ultra\Debug\board_lowlevel.o
 .comment       0x00000000       0x71 C:\SAMV71x\app\01_scheduler_\SAMV71_Xplained_Ultra\Debug\dbg_console.o
 .comment       0x00000000       0x71 C:\SAMV71x\app\01_scheduler_\SAMV71_Xplained_Ultra\Debug\led.o
 .comment       0x00000000       0x71 C:\SAMV71x\app\01_scheduler_\SAMV71_Xplained_Ultra\Debug\pmc.o
 .comment       0x00000000       0x71 C:\SAMV71x\app\01_scheduler_\SAMV71_Xplained_Ultra\Debug\pio.o
 .comment       0x00000000       0x71 C:\SAMV71x\app\01_scheduler_\SAMV71_Xplained_Ultra\Debug\mpu.o
 .comment       0x00000000       0x71 C:\SAMV71x\app\01_scheduler_\SAMV71_Xplained_Ultra\Debug\exceptions.o
 .comment       0x00000000       0x71 C:\SAMV71x\app\01_scheduler_\SAMV71_Xplained_Ultra\Debug\systick.o
 .comment       0x00000000       0x71 C:\SAMV71x\app\01_scheduler_\SAMV71_Xplained_Ultra\Debug\wdt.o
 .comment       0x00000000       0x71 C:\SAMV71x\app\01_scheduler_\SAMV71_Xplained_Ultra\Debug\led_ctrl.o
 .comment       0x00000000       0x71 C:\SAMV71x\app\01_scheduler_\SAMV71_Xplained_Ultra\Debug\sw_ctrl.o

.ARM.attributes
                0x00000000       0x35
 .ARM.attributes
                0x00000000       0x37 C:\SAMV71x\app\01_scheduler_\SAMV71_Xplained_Ultra\Debug\main.o
 .ARM.attributes
                0x00000037       0x37 C:\SAMV71x\app\01_scheduler_\SAMV71_Xplained_Ultra\Debug\system_sam.o
 .ARM.attributes
                0x0000006e       0x37 C:\SAMV71x\app\01_scheduler_\SAMV71_Xplained_Ultra\Debug\syscalls.o
 .ARM.attributes
                0x000000a5       0x37 C:\SAMV71x\app\01_scheduler_\SAMV71_Xplained_Ultra\Debug\app_scheduler.o
 .ARM.attributes
                0x000000dc       0x37 C:\SAMV71x\app\01_scheduler_\SAMV71_Xplained_Ultra\Debug\app_tasks.o
 .ARM.attributes
                0x00000113       0x37 C:\SAMV71x\app\01_scheduler_\SAMV71_Xplained_Ultra\Debug\startup_sam.o
 .ARM.attributes
                0x0000014a       0x37 C:\SAMV71x\app\01_scheduler_\SAMV71_Xplained_Ultra\Debug\board_lowlevel.o
 .ARM.attributes
                0x00000181       0x37 C:\SAMV71x\app\01_scheduler_\SAMV71_Xplained_Ultra\Debug\dbg_console.o
 .ARM.attributes
                0x000001b8       0x37 C:\SAMV71x\app\01_scheduler_\SAMV71_Xplained_Ultra\Debug\led.o
 .ARM.attributes
                0x000001ef       0x37 C:\SAMV71x\app\01_scheduler_\SAMV71_Xplained_Ultra\Debug\pmc.o
 .ARM.attributes
                0x00000226       0x37 C:\SAMV71x\app\01_scheduler_\SAMV71_Xplained_Ultra\Debug\pio.o
 .ARM.attributes
                0x0000025d       0x37 C:\SAMV71x\app\01_scheduler_\SAMV71_Xplained_Ultra\Debug\mpu.o
 .ARM.attributes
                0x00000294       0x37 C:\SAMV71x\app\01_scheduler_\SAMV71_Xplained_Ultra\Debug\exceptions.o
 .ARM.attributes
                0x000002cb       0x37 C:\SAMV71x\app\01_scheduler_\SAMV71_Xplained_Ultra\Debug\systick.o
 .ARM.attributes
                0x00000302       0x37 C:\SAMV71x\app\01_scheduler_\SAMV71_Xplained_Ultra\Debug\wdt.o
 .ARM.attributes
                0x00000339       0x37 C:\SAMV71x\app\01_scheduler_\SAMV71_Xplained_Ultra\Debug\led_ctrl.o
 .ARM.attributes
                0x00000370       0x37 C:\SAMV71x\app\01_scheduler_\SAMV71_Xplained_Ultra\Debug\sw_ctrl.o
 .ARM.attributes
                0x000003a7       0x33 c:/isystem/winidea9/gcc/arm/bin/../lib/gcc/arm-none-eabi/4.9.3/../../../../arm-none-eabi/lib/cortex-m7\libc.a(lib_a-assert.o)
 .ARM.attributes
                0x000003da       0x33 c:/isystem/winidea9/gcc/arm/bin/../lib/gcc/arm-none-eabi/4.9.3/../../../../arm-none-eabi/lib/cortex-m7\libc.a(lib_a-fiprintf.o)
 .ARM.attributes
                0x0000040d       0x33 c:/isystem/winidea9/gcc/arm/bin/../lib/gcc/arm-none-eabi/4.9.3/../../../../arm-none-eabi/lib/cortex-m7\libc.a(lib_a-impure.o)
 .ARM.attributes
                0x00000440       0x33 c:/isystem/winidea9/gcc/arm/bin/../lib/gcc/arm-none-eabi/4.9.3/../../../../arm-none-eabi/lib/cortex-m7\libc.a(lib_a-printf.o)
 .ARM.attributes
                0x00000473       0x33 c:/isystem/winidea9/gcc/arm/bin/../lib/gcc/arm-none-eabi/4.9.3/../../../../arm-none-eabi/lib/cortex-m7\libc.a(lib_a-putchar.o)
 .ARM.attributes
                0x000004a6       0x33 c:/isystem/winidea9/gcc/arm/bin/../lib/gcc/arm-none-eabi/4.9.3/../../../../arm-none-eabi/lib/cortex-m7\libc.a(lib_a-setvbuf.o)
 .ARM.attributes
                0x000004d9       0x33 c:/isystem/winidea9/gcc/arm/bin/../lib/gcc/arm-none-eabi/4.9.3/../../../../arm-none-eabi/lib/cortex-m7\libc.a(lib_a-vfiprintf.o)
 .ARM.attributes
                0x0000050c       0x33 c:/isystem/winidea9/gcc/arm/bin/../lib/gcc/arm-none-eabi/4.9.3/../../../../arm-none-eabi/lib/cortex-m7\libc.a(lib_a-vfprintf.o)
 .ARM.attributes
                0x0000053f       0x33 c:/isystem/winidea9/gcc/arm/bin/../lib/gcc/arm-none-eabi/4.9.3/../../../../arm-none-eabi/lib/cortex-m7\libc.a(lib_a-wsetup.o)
 .ARM.attributes
                0x00000572       0x33 c:/isystem/winidea9/gcc/arm/bin/../lib/gcc/arm-none-eabi/4.9.3/../../../../arm-none-eabi/lib/cortex-m7\libc.a(lib_a-abort.o)
 .ARM.attributes
                0x000005a5       0x33 c:/isystem/winidea9/gcc/arm/bin/../lib/gcc/arm-none-eabi/4.9.3/../../../../arm-none-eabi/lib/cortex-m7\libc.a(lib_a-dtoa.o)
 .ARM.attributes
                0x000005d8       0x33 c:/isystem/winidea9/gcc/arm/bin/../lib/gcc/arm-none-eabi/4.9.3/../../../../arm-none-eabi/lib/cortex-m7\libc.a(lib_a-fflush.o)
 .ARM.attributes
                0x0000060b       0x33 c:/isystem/winidea9/gcc/arm/bin/../lib/gcc/arm-none-eabi/4.9.3/../../../../arm-none-eabi/lib/cortex-m7\libc.a(lib_a-findfp.o)
 .ARM.attributes
                0x0000063e       0x33 c:/isystem/winidea9/gcc/arm/bin/../lib/gcc/arm-none-eabi/4.9.3/../../../../arm-none-eabi/lib/cortex-m7\libc.a(lib_a-fputwc.o)
 .ARM.attributes
                0x00000671       0x33 c:/isystem/winidea9/gcc/arm/bin/../lib/gcc/arm-none-eabi/4.9.3/../../../../arm-none-eabi/lib/cortex-m7\libc.a(lib_a-freer.o)
 .ARM.attributes
                0x000006a4       0x33 c:/isystem/winidea9/gcc/arm/bin/../lib/gcc/arm-none-eabi/4.9.3/../../../../arm-none-eabi/lib/cortex-m7\libc.a(lib_a-fvwrite.o)
 .ARM.attributes
                0x000006d7       0x33 c:/isystem/winidea9/gcc/arm/bin/../lib/gcc/arm-none-eabi/4.9.3/../../../../arm-none-eabi/lib/cortex-m7\libc.a(lib_a-fwalk.o)
 .ARM.attributes
                0x0000070a       0x33 c:/isystem/winidea9/gcc/arm/bin/../lib/gcc/arm-none-eabi/4.9.3/../../../../arm-none-eabi/lib/cortex-m7\libc.a(lib_a-locale.o)
 .ARM.attributes
                0x0000073d       0x33 c:/isystem/winidea9/gcc/arm/bin/../lib/gcc/arm-none-eabi/4.9.3/../../../../arm-none-eabi/lib/cortex-m7\libc.a(lib_a-makebuf.o)
 .ARM.attributes
                0x00000770       0x33 c:/isystem/winidea9/gcc/arm/bin/../lib/gcc/arm-none-eabi/4.9.3/../../../../arm-none-eabi/lib/cortex-m7\libc.a(lib_a-malloc.o)
 .ARM.attributes
                0x000007a3       0x33 c:/isystem/winidea9/gcc/arm/bin/../lib/gcc/arm-none-eabi/4.9.3/../../../../arm-none-eabi/lib/cortex-m7\libc.a(lib_a-mallocr.o)
 .ARM.attributes
                0x000007d6       0x33 c:/isystem/winidea9/gcc/arm/bin/../lib/gcc/arm-none-eabi/4.9.3/../../../../arm-none-eabi/lib/cortex-m7\libc.a(lib_a-memchr.o)
 .ARM.attributes
                0x00000809       0x21 c:/isystem/winidea9/gcc/arm/bin/../lib/gcc/arm-none-eabi/4.9.3/../../../../arm-none-eabi/lib/cortex-m7\libc.a(lib_a-memcpy.o)
 .ARM.attributes
                0x0000082a       0x33 c:/isystem/winidea9/gcc/arm/bin/../lib/gcc/arm-none-eabi/4.9.3/../../../../arm-none-eabi/lib/cortex-m7\libc.a(lib_a-memmove.o)
 .ARM.attributes
                0x0000085d       0x33 c:/isystem/winidea9/gcc/arm/bin/../lib/gcc/arm-none-eabi/4.9.3/../../../../arm-none-eabi/lib/cortex-m7\libc.a(lib_a-memset.o)
 .ARM.attributes
                0x00000890       0x33 c:/isystem/winidea9/gcc/arm/bin/../lib/gcc/arm-none-eabi/4.9.3/../../../../arm-none-eabi/lib/cortex-m7\libc.a(lib_a-mlock.o)
 .ARM.attributes
                0x000008c3       0x33 c:/isystem/winidea9/gcc/arm/bin/../lib/gcc/arm-none-eabi/4.9.3/../../../../arm-none-eabi/lib/cortex-m7\libc.a(lib_a-mprec.o)
 .ARM.attributes
                0x000008f6       0x33 c:/isystem/winidea9/gcc/arm/bin/../lib/gcc/arm-none-eabi/4.9.3/../../../../arm-none-eabi/lib/cortex-m7\libc.a(lib_a-putc.o)
 .ARM.attributes
                0x00000929       0x33 c:/isystem/winidea9/gcc/arm/bin/../lib/gcc/arm-none-eabi/4.9.3/../../../../arm-none-eabi/lib/cortex-m7\libc.a(lib_a-reallocr.o)
 .ARM.attributes
                0x0000095c       0x33 c:/isystem/winidea9/gcc/arm/bin/../lib/gcc/arm-none-eabi/4.9.3/../../../../arm-none-eabi/lib/cortex-m7\libc.a(lib_a-s_fpclassify.o)
 .ARM.attributes
                0x0000098f       0x33 c:/isystem/winidea9/gcc/arm/bin/../lib/gcc/arm-none-eabi/4.9.3/../../../../arm-none-eabi/lib/cortex-m7\libc.a(lib_a-sbrkr.o)
 .ARM.attributes
                0x000009c2       0x33 c:/isystem/winidea9/gcc/arm/bin/../lib/gcc/arm-none-eabi/4.9.3/../../../../arm-none-eabi/lib/cortex-m7\libc.a(lib_a-signal.o)
 .ARM.attributes
                0x000009f5       0x33 c:/isystem/winidea9/gcc/arm/bin/../lib/gcc/arm-none-eabi/4.9.3/../../../../arm-none-eabi/lib/cortex-m7\libc.a(lib_a-signalr.o)
 .ARM.attributes
                0x00000a28       0x33 c:/isystem/winidea9/gcc/arm/bin/../lib/gcc/arm-none-eabi/4.9.3/../../../../arm-none-eabi/lib/cortex-m7\libc.a(lib_a-stdio.o)
 .ARM.attributes
                0x00000a5b       0x33 c:/isystem/winidea9/gcc/arm/bin/../lib/gcc/arm-none-eabi/4.9.3/../../../../arm-none-eabi/lib/cortex-m7\libc.a(lib_a-strlen.o)
 .ARM.attributes
                0x00000a8e       0x33 c:/isystem/winidea9/gcc/arm/bin/../lib/gcc/arm-none-eabi/4.9.3/../../../../arm-none-eabi/lib/cortex-m7\libc.a(lib_a-wbuf.o)
 .ARM.attributes
                0x00000ac1       0x33 c:/isystem/winidea9/gcc/arm/bin/../lib/gcc/arm-none-eabi/4.9.3/../../../../arm-none-eabi/lib/cortex-m7\libc.a(lib_a-wcrtomb.o)
 .ARM.attributes
                0x00000af4       0x33 c:/isystem/winidea9/gcc/arm/bin/../lib/gcc/arm-none-eabi/4.9.3/../../../../arm-none-eabi/lib/cortex-m7\libc.a(lib_a-wctomb_r.o)
 .ARM.attributes
                0x00000b27       0x33 c:/isystem/winidea9/gcc/arm/bin/../lib/gcc/arm-none-eabi/4.9.3/../../../../arm-none-eabi/lib/cortex-m7\libc.a(lib_a-writer.o)
 .ARM.attributes
                0x00000b5a       0x33 c:/isystem/winidea9/gcc/arm/bin/../lib/gcc/arm-none-eabi/4.9.3/../../../../arm-none-eabi/lib/cortex-m7\libc.a(lib_a-callocr.o)
 .ARM.attributes
                0x00000b8d       0x33 c:/isystem/winidea9/gcc/arm/bin/../lib/gcc/arm-none-eabi/4.9.3/../../../../arm-none-eabi/lib/cortex-m7\libc.a(lib_a-closer.o)
 .ARM.attributes
                0x00000bc0       0x33 c:/isystem/winidea9/gcc/arm/bin/../lib/gcc/arm-none-eabi/4.9.3/../../../../arm-none-eabi/lib/cortex-m7\libc.a(lib_a-fclose.o)
 .ARM.attributes
                0x00000bf3       0x33 c:/isystem/winidea9/gcc/arm/bin/../lib/gcc/arm-none-eabi/4.9.3/../../../../arm-none-eabi/lib/cortex-m7\libc.a(lib_a-fstatr.o)
 .ARM.attributes
                0x00000c26       0x33 c:/isystem/winidea9/gcc/arm/bin/../lib/gcc/arm-none-eabi/4.9.3/../../../../arm-none-eabi/lib/cortex-m7\libc.a(lib_a-isattyr.o)
 .ARM.attributes
                0x00000c59       0x33 c:/isystem/winidea9/gcc/arm/bin/../lib/gcc/arm-none-eabi/4.9.3/../../../../arm-none-eabi/lib/cortex-m7\libc.a(lib_a-lseekr.o)
 .ARM.attributes
                0x00000c8c       0x33 c:/isystem/winidea9/gcc/arm/bin/../lib/gcc/arm-none-eabi/4.9.3/../../../../arm-none-eabi/lib/cortex-m7\libc.a(lib_a-readr.o)
 .ARM.attributes
                0x00000cbf       0x33 c:/isystem/winidea9/gcc/arm/bin/../lib/gcc/arm-none-eabi/4.9.3/../../../../arm-none-eabi/lib/cortex-m7\libc.a(lib_a-reent.o)
 .ARM.attributes
                0x00000cf2       0x23 c:/isystem/winidea9/gcc/arm/bin/../lib/gcc/arm-none-eabi/4.9.3/cortex-m7\libgcc.a(_arm_addsubdf3.o)
 .ARM.attributes
                0x00000d15       0x23 c:/isystem/winidea9/gcc/arm/bin/../lib/gcc/arm-none-eabi/4.9.3/cortex-m7\libgcc.a(_arm_muldivdf3.o)
 .ARM.attributes
                0x00000d38       0x23 c:/isystem/winidea9/gcc/arm/bin/../lib/gcc/arm-none-eabi/4.9.3/cortex-m7\libgcc.a(_arm_cmpdf2.o)
 .ARM.attributes
                0x00000d5b       0x23 c:/isystem/winidea9/gcc/arm/bin/../lib/gcc/arm-none-eabi/4.9.3/cortex-m7\libgcc.a(_arm_fixdfsi.o)
 .ARM.attributes
                0x00000d7e       0x23 c:/isystem/winidea9/gcc/arm/bin/../lib/gcc/arm-none-eabi/4.9.3/cortex-m7\libgcc.a(_aeabi_uldivmod.o)
 .ARM.attributes
                0x00000da1       0x33 c:/isystem/winidea9/gcc/arm/bin/../lib/gcc/arm-none-eabi/4.9.3/cortex-m7\libgcc.a(bpabi.o)
 .ARM.attributes
                0x00000dd4       0x23 c:/isystem/winidea9/gcc/arm/bin/../lib/gcc/arm-none-eabi/4.9.3/cortex-m7\libgcc.a(_dvmd_tls.o)
 .ARM.attributes
                0x00000df7       0x33 c:/isystem/winidea9/gcc/arm/bin/../lib/gcc/arm-none-eabi/4.9.3/cortex-m7\libgcc.a(_divdi3.o)
 .ARM.attributes
                0x00000e2a       0x33 c:/isystem/winidea9/gcc/arm/bin/../lib/gcc/arm-none-eabi/4.9.3/cortex-m7\libgcc.a(_udivdi3.o)

.debug_frame    0x00000000     0x23fc
 .debug_frame   0x00000000       0x4c C:\SAMV71x\app\01_scheduler_\SAMV71_Xplained_Ultra\Debug\main.o
 .debug_frame   0x0000004c       0xc0 C:\SAMV71x\app\01_scheduler_\SAMV71_Xplained_Ultra\Debug\system_sam.o
 .debug_frame   0x0000010c      0x1b4 C:\SAMV71x\app\01_scheduler_\SAMV71_Xplained_Ultra\Debug\syscalls.o
 .debug_frame   0x000002c0       0xf8 C:\SAMV71x\app\01_scheduler_\SAMV71_Xplained_Ultra\Debug\app_scheduler.o
 .debug_frame   0x000003b8       0xe8 C:\SAMV71x\app\01_scheduler_\SAMV71_Xplained_Ultra\Debug\app_tasks.o
 .debug_frame   0x000004a0       0x68 C:\SAMV71x\app\01_scheduler_\SAMV71_Xplained_Ultra\Debug\startup_sam.o
 .debug_frame   0x00000508       0x50 C:\SAMV71x\app\01_scheduler_\SAMV71_Xplained_Ultra\Debug\board_lowlevel.o
 .debug_frame   0x00000558      0x1a4 C:\SAMV71x\app\01_scheduler_\SAMV71_Xplained_Ultra\Debug\dbg_console.o
 .debug_frame   0x000006fc       0xa0 C:\SAMV71x\app\01_scheduler_\SAMV71_Xplained_Ultra\Debug\led.o
 .debug_frame   0x0000079c      0x35c C:\SAMV71x\app\01_scheduler_\SAMV71_Xplained_Ultra\Debug\pmc.o
 .debug_frame   0x00000af8      0x294 C:\SAMV71x\app\01_scheduler_\SAMV71_Xplained_Ultra\Debug\pio.o
 .debug_frame   0x00000d8c       0xf4 C:\SAMV71x\app\01_scheduler_\SAMV71_Xplained_Ultra\Debug\mpu.o
 .debug_frame   0x00000e80       0xcc C:\SAMV71x\app\01_scheduler_\SAMV71_Xplained_Ultra\Debug\exceptions.o
 .debug_frame   0x00000f4c       0x9c C:\SAMV71x\app\01_scheduler_\SAMV71_Xplained_Ultra\Debug\systick.o
 .debug_frame   0x00000fe8       0xd8 C:\SAMV71x\app\01_scheduler_\SAMV71_Xplained_Ultra\Debug\wdt.o
 .debug_frame   0x000010c0       0x80 C:\SAMV71x\app\01_scheduler_\SAMV71_Xplained_Ultra\Debug\led_ctrl.o
 .debug_frame   0x00001140       0x98 C:\SAMV71x\app\01_scheduler_\SAMV71_Xplained_Ultra\Debug\sw_ctrl.o
 .debug_frame   0x000011d8       0x40 c:/isystem/winidea9/gcc/arm/bin/../lib/gcc/arm-none-eabi/4.9.3/../../../../arm-none-eabi/lib/cortex-m7\libc.a(lib_a-assert.o)